Archive member included to satisfy reference by file (symbol)

c:/st/stm32cubeide_1.0.2/stm32cubeide/plugins/com.st.stm32cube.ide.mcu.externaltools.gnu-tools-for-stm32.7-2018-q2-update.win32_1.0.0.201904181610/tools/bin/../lib/gcc/arm-none-eabi/7.3.1/../../../../arm-none-eabi/lib/thumb/v7-m\libc_nano.a(lib_a-errno.o)
                              Src/syscalls.o (__errno)
c:/st/stm32cubeide_1.0.2/stm32cubeide/plugins/com.st.stm32cube.ide.mcu.externaltools.gnu-tools-for-stm32.7-2018-q2-update.win32_1.0.0.201904181610/tools/bin/../lib/gcc/arm-none-eabi/7.3.1/../../../../arm-none-eabi/lib/thumb/v7-m\libc_nano.a(lib_a-exit.o)
                              c:/st/stm32cubeide_1.0.2/stm32cubeide/plugins/com.st.stm32cube.ide.mcu.externaltools.gnu-tools-for-stm32.7-2018-q2-update.win32_1.0.0.201904181610/tools/bin/../lib/gcc/arm-none-eabi/7.3.1/../../../../arm-none-eabi/lib/thumb/v7-m/crt0.o (exit)
c:/st/stm32cubeide_1.0.2/stm32cubeide/plugins/com.st.stm32cube.ide.mcu.externaltools.gnu-tools-for-stm32.7-2018-q2-update.win32_1.0.0.201904181610/tools/bin/../lib/gcc/arm-none-eabi/7.3.1/../../../../arm-none-eabi/lib/thumb/v7-m\libc_nano.a(lib_a-impure.o)
                              c:/st/stm32cubeide_1.0.2/stm32cubeide/plugins/com.st.stm32cube.ide.mcu.externaltools.gnu-tools-for-stm32.7-2018-q2-update.win32_1.0.0.201904181610/tools/bin/../lib/gcc/arm-none-eabi/7.3.1/../../../../arm-none-eabi/lib/thumb/v7-m\libc_nano.a(lib_a-exit.o) (_global_impure_ptr)
c:/st/stm32cubeide_1.0.2/stm32cubeide/plugins/com.st.stm32cube.ide.mcu.externaltools.gnu-tools-for-stm32.7-2018-q2-update.win32_1.0.0.201904181610/tools/bin/../lib/gcc/arm-none-eabi/7.3.1/../../../../arm-none-eabi/lib/thumb/v7-m\libc_nano.a(lib_a-init.o)
                              c:/st/stm32cubeide_1.0.2/stm32cubeide/plugins/com.st.stm32cube.ide.mcu.externaltools.gnu-tools-for-stm32.7-2018-q2-update.win32_1.0.0.201904181610/tools/bin/../lib/gcc/arm-none-eabi/7.3.1/../../../../arm-none-eabi/lib/thumb/v7-m/crt0.o (__libc_init_array)
c:/st/stm32cubeide_1.0.2/stm32cubeide/plugins/com.st.stm32cube.ide.mcu.externaltools.gnu-tools-for-stm32.7-2018-q2-update.win32_1.0.0.201904181610/tools/bin/../lib/gcc/arm-none-eabi/7.3.1/../../../../arm-none-eabi/lib/thumb/v7-m\libc_nano.a(lib_a-memcpy-stub.o)
                              Middlewares/Third_Party/FreeRTOS/Source/queue.o (memcpy)
c:/st/stm32cubeide_1.0.2/stm32cubeide/plugins/com.st.stm32cube.ide.mcu.externaltools.gnu-tools-for-stm32.7-2018-q2-update.win32_1.0.0.201904181610/tools/bin/../lib/gcc/arm-none-eabi/7.3.1/../../../../arm-none-eabi/lib/thumb/v7-m\libc_nano.a(lib_a-memset.o)
                              c:/st/stm32cubeide_1.0.2/stm32cubeide/plugins/com.st.stm32cube.ide.mcu.externaltools.gnu-tools-for-stm32.7-2018-q2-update.win32_1.0.0.201904181610/tools/bin/../lib/gcc/arm-none-eabi/7.3.1/../../../../arm-none-eabi/lib/thumb/v7-m/crt0.o (memset)

Allocating common symbols
Common symbol       size              file

defaultTaskHandle   0x4               Src/main.o
InterpreterTaskHandle
                    0x4               Src/main.o
htim4               0x40              Src/stm32f1xx_hal_timebase_tim.o
hadc2               0x30              Src/ARM_inits.o
uwTick              0x4               Drivers/STM32F1xx_HAL_Driver/Src/stm32f1xx_hal.o
xQueueRegistry      0x40              Middlewares/Third_Party/FreeRTOS/Source/queue.o
pFlash              0x20              Drivers/STM32F1xx_HAL_Driver/Src/stm32f1xx_hal_flash.o
P1ViewHandle        0x4               Src/main.o
botaoTaskHandle     0x4               Src/main.o
P1TaskHandle        0x4               Src/main.o
hadc1               0x30              Src/ARM_inits.o
tela                0x4               Middlewares/Third_Party/FreeRTOS/Source/CMSIS_RTOS/cmsis_os.o
input2              0x4               Middlewares/Third_Party/FreeRTOS/Source/CMSIS_RTOS/cmsis_os.o
hrtc                0x14              Src/ARM_inits.o
MenuTaskHandle      0x4               Src/main.o
Interpreter2TaskHandle
                    0x4               Src/main.o
input1              0x4               Middlewares/Third_Party/FreeRTOS/Source/CMSIS_RTOS/cmsis_os.o

Discarded input sections

 .text          0x0000000000000000        0x0 c:/st/stm32cubeide_1.0.2/stm32cubeide/plugins/com.st.stm32cube.ide.mcu.externaltools.gnu-tools-for-stm32.7-2018-q2-update.win32_1.0.0.201904181610/tools/bin/../lib/gcc/arm-none-eabi/7.3.1/thumb/v7-m/crti.o
 .data          0x0000000000000000        0x0 c:/st/stm32cubeide_1.0.2/stm32cubeide/plugins/com.st.stm32cube.ide.mcu.externaltools.gnu-tools-for-stm32.7-2018-q2-update.win32_1.0.0.201904181610/tools/bin/../lib/gcc/arm-none-eabi/7.3.1/thumb/v7-m/crti.o
 .bss           0x0000000000000000        0x0 c:/st/stm32cubeide_1.0.2/stm32cubeide/plugins/com.st.stm32cube.ide.mcu.externaltools.gnu-tools-for-stm32.7-2018-q2-update.win32_1.0.0.201904181610/tools/bin/../lib/gcc/arm-none-eabi/7.3.1/thumb/v7-m/crti.o
[...]
Memory Configuration

Name             Origin             Length             Attributes
RAM              0x0000000020000000 0x0000000000005000 xrw
FLASH            0x0000000008000000 0x0000000000010000 xr
*default*        0x0000000000000000 0xffffffffffffffff

Linker script and memory map

LOAD c:/st/stm32cubeide_1.0.2/stm32cubeide/plugins/com.st.stm32cube.ide.mcu.externaltools.gnu-tools-for-stm32.7-2018-q2-update.win32_1.0.0.201904181610/tools/bin/../lib/gcc/arm-none-eabi/7.3.1/thumb/v7-m/crti.o
LOAD c:/st/stm32cubeide_1.0.2/stm32cubeide/plugins/com.st.stm32cube.ide.mcu.externaltools.gnu-tools-for-stm32.7-2018-q2-update.win32_1.0.0.201904181610/tools/bin/../lib/gcc/arm-none-eabi/7.3.1/thumb/v7-m/crtbegin.o
LOAD c:/st/stm32cubeide_1.0.2/stm32cubeide/plugins/com.st.stm32cube.ide.mcu.externaltools.gnu-tools-for-stm32.7-2018-q2-update.win32_1.0.0.201904181610/tools/bin/../lib/gcc/arm-none-eabi/7.3.1/../../../../arm-none-eabi/lib/thumb/v7-m/crt0.o
LOAD Drivers/STM32F1xx_HAL_Driver/Src/stm32f1xx_hal.o
LOAD Drivers/STM32F1xx_HAL_Driver/Src/stm32f1xx_hal_adc.o
LOAD Drivers/STM32F1xx_HAL_Driver/Src/stm32f1xx_hal_adc_ex.o
LOAD Drivers/STM32F1xx_HAL_Driver/Src/stm32f1xx_hal_cortex.o
LOAD Drivers/STM32F1xx_HAL_Driver/Src/stm32f1xx_hal_dma.o
LOAD Drivers/STM32F1xx_HAL_Driver/Src/stm32f1xx_hal_exti.o
LOAD Drivers/STM32F1xx_HAL_Driver/Src/stm32f1xx_hal_flash.o
LOAD Drivers/STM32F1xx_HAL_Driver/Src/stm32f1xx_hal_flash_ex.o
LOAD Drivers/STM32F1xx_HAL_Driver/Src/stm32f1xx_hal_gpio.o
LOAD Drivers/STM32F1xx_HAL_Driver/Src/stm32f1xx_hal_gpio_ex.o
LOAD Drivers/STM32F1xx_HAL_Driver/Src/stm32f1xx_hal_pwr.o
LOAD Drivers/STM32F1xx_HAL_Driver/Src/stm32f1xx_hal_rcc.o
LOAD Drivers/STM32F1xx_HAL_Driver/Src/stm32f1xx_hal_rcc_ex.o
LOAD Drivers/STM32F1xx_HAL_Driver/Src/stm32f1xx_hal_rtc.o
LOAD Drivers/STM32F1xx_HAL_Driver/Src/stm32f1xx_hal_rtc_ex.o
LOAD Drivers/STM32F1xx_HAL_Driver/Src/stm32f1xx_hal_tim.o
LOAD Drivers/STM32F1xx_HAL_Driver/Src/stm32f1xx_hal_tim_ex.o
LOAD Middlewares/Third_Party/FreeRTOS/Source/CMSIS_RTOS/cmsis_os.o
LOAD Middlewares/Third_Party/FreeRTOS/Source/croutine.o
LOAD Middlewares/Third_Party/FreeRTOS/Source/event_groups.o
LOAD Middlewares/Third_Party/FreeRTOS/Source/list.o
LOAD Middlewares/Third_Party/FreeRTOS/Source/queue.o
LOAD Middlewares/Third_Party/FreeRTOS/Source/stream_buffer.o
LOAD Middlewares/Third_Party/FreeRTOS/Source/tasks.o
LOAD Middlewares/Third_Party/FreeRTOS/Source/timers.o
LOAD Middlewares/Third_Party/FreeRTOS/Source/portable/GCC/ARM_CM3/port.o
LOAD Middlewares/Third_Party/FreeRTOS/Source/portable/MemMang/heap_4.o
LOAD Src/ARM_inits.o
LOAD Src/Botao1FSM.o
LOAD Src/Interpreter1FSM.o
LOAD Src/Interpreter2FSM.o
LOAD Src/MenuFSM.o
LOAD Src/NOKIA5110_fb.o
LOAD Src/P1_FSM.o
LOAD Src/P1_ViewFSM.o
LOAD Src/delay.o
LOAD Src/freertos.o
LOAD Src/main.o
LOAD Src/stm32f1xx_hal_msp.o
LOAD Src/stm32f1xx_hal_timebase_tim.o
LOAD Src/stm32f1xx_it.o
LOAD Src/syscalls.o
LOAD Src/sysmem.o
LOAD Src/system_stm32f1xx.o
LOAD Startup/startup_stm32f103c8tx.o
START GROUP
LOAD c:/st/stm32cubeide_1.0.2/stm32cubeide/plugins/com.st.stm32cube.ide.mcu.externaltools.gnu-tools-for-stm32.7-2018-q2-update.win32_1.0.0.201904181610/tools/bin/../lib/gcc/arm-none-eabi/7.3.1/../../../../arm-none-eabi/lib/thumb/v7-m\libstdc++_nano.a
LOAD c:/st/stm32cubeide_1.0.2/stm32cubeide/plugins/com.st.stm32cube.ide.mcu.externaltools.gnu-tools-for-stm32.7-2018-q2-update.win32_1.0.0.201904181610/tools/bin/../lib/gcc/arm-none-eabi/7.3.1/../../../../arm-none-eabi/lib/thumb/v7-m\libsupc++_nano.a
END GROUP
LOAD c:/st/stm32cubeide_1.0.2/stm32cubeide/plugins/com.st.stm32cube.ide.mcu.externaltools.gnu-tools-for-stm32.7-2018-q2-update.win32_1.0.0.201904181610/tools/bin/../lib/gcc/arm-none-eabi/7.3.1/../../../../arm-none-eabi/lib/thumb/v7-m\libstdc++_nano.a
LOAD c:/st/stm32cubeide_1.0.2/stm32cubeide/plugins/com.st.stm32cube.ide.mcu.externaltools.gnu-tools-for-stm32.7-2018-q2-update.win32_1.0.0.201904181610/tools/bin/../lib/gcc/arm-none-eabi/7.3.1/../../../../arm-none-eabi/lib/thumb/v7-m\libm.a
LOAD c:/st/stm32cubeide_1.0.2/stm32cubeide/plugins/com.st.stm32cube.ide.mcu.externaltools.gnu-tools-for-stm32.7-2018-q2-update.win32_1.0.0.201904181610/tools/bin/../lib/gcc/arm-none-eabi/7.3.1/../../../../arm-none-eabi/lib/thumb/v7-m\libc_nano.a
START GROUP
LOAD c:/st/stm32cubeide_1.0.2/stm32cubeide/plugins/com.st.stm32cube.ide.mcu.externaltools.gnu-tools-for-stm32.7-2018-q2-update.win32_1.0.0.201904181610/tools/bin/../lib/gcc/arm-none-eabi/7.3.1/thumb/v7-m\libgcc.a
LOAD c:/st/stm32cubeide_1.0.2/stm32cubeide/plugins/com.st.stm32cube.ide.mcu.externaltools.gnu-tools-for-stm32.7-2018-q2-update.win32_1.0.0.201904181610/tools/bin/../lib/gcc/arm-none-eabi/7.3.1/../../../../arm-none-eabi/lib/thumb/v7-m\libc_nano.a
END GROUP
START GROUP
LOAD c:/st/stm32cubeide_1.0.2/stm32cubeide/plugins/com.st.stm32cube.ide.mcu.externaltools.gnu-tools-for-stm32.7-2018-q2-update.win32_1.0.0.201904181610/tools/bin/../lib/gcc/arm-none-eabi/7.3.1/thumb/v7-m\libgcc.a
LOAD c:/st/stm32cubeide_1.0.2/stm32cubeide/plugins/com.st.stm32cube.ide.mcu.externaltools.gnu-tools-for-stm32.7-2018-q2-update.win32_1.0.0.201904181610/tools/bin/../lib/gcc/arm-none-eabi/7.3.1/../../../../arm-none-eabi/lib/thumb/v7-m\libc_nano.a
LOAD c:/st/stm32cubeide_1.0.2/stm32cubeide/plugins/com.st.stm32cube.ide.mcu.externaltools.gnu-tools-for-stm32.7-2018-q2-update.win32_1.0.0.201904181610/tools/bin/../lib/gcc/arm-none-eabi/7.3.1/../../../../arm-none-eabi/lib/thumb/v7-m\libnosys.a
END GROUP
START GROUP
LOAD c:/st/stm32cubeide_1.0.2/stm32cubeide/plugins/com.st.stm32cube.ide.mcu.externaltools.gnu-tools-for-stm32.7-2018-q2-update.win32_1.0.0.201904181610/tools/bin/../lib/gcc/arm-none-eabi/7.3.1/thumb/v7-m\libgcc.a
LOAD c:/st/stm32cubeide_1.0.2/stm32cubeide/plugins/com.st.stm32cube.ide.mcu.externaltools.gnu-tools-for-stm32.7-2018-q2-update.win32_1.0.0.201904181610/tools/bin/../lib/gcc/arm-none-eabi/7.3.1/../../../../arm-none-eabi/lib/thumb/v7-m\libc_nano.a
LOAD c:/st/stm32cubeide_1.0.2/stm32cubeide/plugins/com.st.stm32cube.ide.mcu.externaltools.gnu-tools-for-stm32.7-2018-q2-update.win32_1.0.0.201904181610/tools/bin/../lib/gcc/arm-none-eabi/7.3.1/../../../../arm-none-eabi/lib/thumb/v7-m\libnosys.a
END GROUP
LOAD c:/st/stm32cubeide_1.0.2/stm32cubeide/plugins/com.st.stm32cube.ide.mcu.externaltools.gnu-tools-for-stm32.7-2018-q2-update.win32_1.0.0.201904181610/tools/bin/../lib/gcc/arm-none-eabi/7.3.1/thumb/v7-m/crtend.o
LOAD c:/st/stm32cubeide_1.0.2/stm32cubeide/plugins/com.st.stm32cube.ide.mcu.externaltools.gnu-tools-for-stm32.7-2018-q2-update.win32_1.0.0.201904181610/tools/bin/../lib/gcc/arm-none-eabi/7.3.1/thumb/v7-m/crtn.o
                0x0000000020005000                _estack = 0x20005000
                0x0000000000000200                _Min_Heap_Size = 0x200
                0x0000000000000400                _Min_Stack_Size = 0x400

.isr_vector     0x0000000008000000      0x10c
                0x0000000008000000                . = ALIGN (0x4)
 *(.isr_vector)
 .isr_vector    0x0000000008000000      0x10c Startup/startup_stm32f103c8tx.o
                0x0000000008000000                g_pfnVectors
                0x000000000800010c                . = ALIGN (0x4)

.text           0x0000000008000110     0x5d48
                0x0000000008000110                . = ALIGN (0x4)
 *(.text)
 .text          0x0000000008000110       0x40 c:/st/stm32cubeide_1.0.2/stm32cubeide/plugins/com.st.stm32cube.ide.mcu.externaltools.gnu-tools-for-stm32.7-2018-q2-update.win32_1.0.0.201904181610/tools/bin/../lib/gcc/arm-none-eabi/7.3.1/thumb/v7-m/crtbegin.o
 *(.text*)
 .text.HAL_Init
                0x0000000008000150       0x2c Drivers/STM32F1xx_HAL_Driver/Src/stm32f1xx_hal.o
                0x0000000008000150                HAL_Init
 .text.HAL_IncTick
                0x000000000800017c       0x24 Drivers/STM32F1xx_HAL_Driver/Src/stm32f1xx_hal.o
                0x000000000800017c                HAL_IncTick
 .text.HAL_GetTick
                0x00000000080001a0       0x14 Drivers/STM32F1xx_HAL_Driver/Src/stm32f1xx_hal.o
                0x00000000080001a0                HAL_GetTick
 .text.HAL_ADC_Init
                0x00000000080001b4      0x1b0 Drivers/STM32F1xx_HAL_Driver/Src/stm32f1xx_hal_adc.o
                0x00000000080001b4                HAL_ADC_Init
 .text.HAL_ADC_Start
                0x0000000008000364      0x15c Drivers/STM32F1xx_HAL_Driver/Src/stm32f1xx_hal_adc.o
                0x0000000008000364                HAL_ADC_Start
 .text.HAL_ADC_PollForConversion
                0x00000000080004c0      0x1f4 Drivers/STM32F1xx_HAL_Driver/Src/stm32f1xx_hal_adc.o
                0x00000000080004c0                HAL_ADC_PollForConversion
 .text.HAL_ADC_GetValue
                0x00000000080006b4       0x18 Drivers/STM32F1xx_HAL_Driver/Src/stm32f1xx_hal_adc.o
                0x00000000080006b4                HAL_ADC_GetValue
 .text.HAL_ADC_ConfigChannel
                0x00000000080006cc      0x1f0 Drivers/STM32F1xx_HAL_Driver/Src/stm32f1xx_hal_adc.o
                0x00000000080006cc                HAL_ADC_ConfigChannel
 .text.ADC_Enable
                0x00000000080008bc       0xa4 Drivers/STM32F1xx_HAL_Driver/Src/stm32f1xx_hal_adc.o
                0x00000000080008bc                ADC_Enable
 .text.ADC_ConversionStop_Disable
                0x0000000008000960       0x74 Drivers/STM32F1xx_HAL_Driver/Src/stm32f1xx_hal_adc.o
                0x0000000008000960                ADC_ConversionStop_Disable
 .text.__NVIC_SetPriorityGrouping
                0x00000000080009d4       0x48 Drivers/STM32F1xx_HAL_Driver/Src/stm32f1xx_hal_cortex.o
 .text.__NVIC_GetPriorityGrouping
                0x0000000008000a1c       0x1c Drivers/STM32F1xx_HAL_Driver/Src/stm32f1xx_hal_cortex.o
 .text.__NVIC_EnableIRQ
                0x0000000008000a38       0x38 Drivers/STM32F1xx_HAL_Driver/Src/stm32f1xx_hal_cortex.o
 .text.__NVIC_SetPriority
                0x0000000008000a70       0x54 Drivers/STM32F1xx_HAL_Driver/Src/stm32f1xx_hal_cortex.o
 .text.NVIC_EncodePriority
                0x0000000008000ac4       0x64 Drivers/STM32F1xx_HAL_Driver/Src/stm32f1xx_hal_cortex.o
 .text.HAL_NVIC_SetPriorityGrouping
                0x0000000008000b28       0x16 Drivers/STM32F1xx_HAL_Driver/Src/stm32f1xx_hal_cortex.o
                0x0000000008000b28                HAL_NVIC_SetPriorityGrouping
 .text.HAL_NVIC_SetPriority
                0x0000000008000b3e       0x38 Drivers/STM32F1xx_HAL_Driver/Src/stm32f1xx_hal_cortex.o
                0x0000000008000b3e                HAL_NVIC_SetPriority
 .text.HAL_NVIC_EnableIRQ
                0x0000000008000b76       0x1c Drivers/STM32F1xx_HAL_Driver/Src/stm32f1xx_hal_cortex.o
                0x0000000008000b76                HAL_NVIC_EnableIRQ
 *fill*         0x0000000008000b92        0x2 
 .text.HAL_GPIO_Init
                0x0000000008000b94      0x2b4 Drivers/STM32F1xx_HAL_Driver/Src/stm32f1xx_hal_gpio.o
                0x0000000008000b94                HAL_GPIO_Init
 .text.HAL_GPIO_ReadPin
                0x0000000008000e48       0x2e Drivers/STM32F1xx_HAL_Driver/Src/stm32f1xx_hal_gpio.o
                0x0000000008000e48                HAL_GPIO_ReadPin
 .text.HAL_GPIO_WritePin
                0x0000000008000e76       0x30 Drivers/STM32F1xx_HAL_Driver/Src/stm32f1xx_hal_gpio.o
                0x0000000008000e76                HAL_GPIO_WritePin
 *fill*         0x0000000008000ea6        0x2 
 .text.HAL_PWR_EnableBkUpAccess
                0x0000000008000ea8       0x18 Drivers/STM32F1xx_HAL_Driver/Src/stm32f1xx_hal_pwr.o
                0x0000000008000ea8                HAL_PWR_EnableBkUpAccess
 .text.HAL_RCC_OscConfig
                0x0000000008000ec0      0x500 Drivers/STM32F1xx_HAL_Driver/Src/stm32f1xx_hal_rcc.o
                0x0000000008000ec0                HAL_RCC_OscConfig
 .text.HAL_RCC_ClockConfig
                0x00000000080013c0      0x1d4 Drivers/STM32F1xx_HAL_Driver/Src/stm32f1xx_hal_rcc.o
                0x00000000080013c0                HAL_RCC_ClockConfig
 .text.HAL_RCC_GetSysClockFreq
                0x0000000008001594       0xc4 Drivers/STM32F1xx_HAL_Driver/Src/stm32f1xx_hal_rcc.o
                0x0000000008001594                HAL_RCC_GetSysClockFreq
 .text.HAL_RCC_GetHCLKFreq
                0x0000000008001658       0x14 Drivers/STM32F1xx_HAL_Driver/Src/stm32f1xx_hal_rcc.o
                0x0000000008001658                HAL_RCC_GetHCLKFreq
 .text.HAL_RCC_GetPCLK1Freq
                0x000000000800166c       0x28 Drivers/STM32F1xx_HAL_Driver/Src/stm32f1xx_hal_rcc.o
                0x000000000800166c                HAL_RCC_GetPCLK1Freq
 .text.HAL_RCC_GetPCLK2Freq
                0x0000000008001694       0x28 Drivers/STM32F1xx_HAL_Driver/Src/stm32f1xx_hal_rcc.o
                0x0000000008001694                HAL_RCC_GetPCLK2Freq
 .text.HAL_RCC_GetClockConfig
                0x00000000080016bc       0x60 Drivers/STM32F1xx_HAL_Driver/Src/stm32f1xx_hal_rcc.o
                0x00000000080016bc                HAL_RCC_GetClockConfig
 .text.RCC_Delay
                0x000000000800171c       0x3c Drivers/STM32F1xx_HAL_Driver/Src/stm32f1xx_hal_rcc.o
 .text.HAL_RCCEx_PeriphCLKConfig
                0x0000000008001758      0x16c Drivers/STM32F1xx_HAL_Driver/Src/stm32f1xx_hal_rcc_ex.o
                0x0000000008001758                HAL_RCCEx_PeriphCLKConfig
 .text.HAL_RCCEx_GetPeriphCLKFreq
                0x00000000080018c4      0x178 Drivers/STM32F1xx_HAL_Driver/Src/stm32f1xx_hal_rcc_ex.o
                0x00000000080018c4                HAL_RCCEx_GetPeriphCLKFreq
 .text.HAL_RTC_Init
                0x0000000008001a3c      0x12c Drivers/STM32F1xx_HAL_Driver/Src/stm32f1xx_hal_rtc.o
                0x0000000008001a3c                HAL_RTC_Init
 .text.HAL_RTC_WaitForSynchro
                0x0000000008001b68       0x5a Drivers/STM32F1xx_HAL_Driver/Src/stm32f1xx_hal_rtc.o
                0x0000000008001b68                HAL_RTC_WaitForSynchro
 .text.RTC_EnterInitMode
                0x0000000008001bc2       0x50 Drivers/STM32F1xx_HAL_Driver/Src/stm32f1xx_hal_rtc.o
 .text.RTC_ExitInitMode
                0x0000000008001c12       0x50 Drivers/STM32F1xx_HAL_Driver/Src/stm32f1xx_hal_rtc.o
 .text.HAL_TIM_Base_Init
                0x0000000008001c62       0x56 Drivers/STM32F1xx_HAL_Driver/Src/stm32f1xx_hal_tim.o
                0x0000000008001c62                HAL_TIM_Base_Init
 .text.HAL_TIM_Base_MspInit
                0x0000000008001cb8       0x12 Drivers/STM32F1xx_HAL_Driver/Src/stm32f1xx_hal_tim.o
                0x0000000008001cb8                HAL_TIM_Base_MspInit
 .text.HAL_TIM_Base_Start_IT
                0x0000000008001cca       0x46 Drivers/STM32F1xx_HAL_Driver/Src/stm32f1xx_hal_tim.o
                0x0000000008001cca                HAL_TIM_Base_Start_IT
 .text.HAL_TIM_IRQHandler
                0x0000000008001d10      0x210 Drivers/STM32F1xx_HAL_Driver/Src/stm32f1xx_hal_tim.o
                0x0000000008001d10                HAL_TIM_IRQHandler
 .text.HAL_TIM_OC_DelayElapsedCallback
                0x0000000008001f20       0x12 Drivers/STM32F1xx_HAL_Driver/Src/stm32f1xx_hal_tim.o
                0x0000000008001f20                HAL_TIM_OC_DelayElapsedCallback
 .text.HAL_TIM_IC_CaptureCallback
                0x0000000008001f32       0x12 Drivers/STM32F1xx_HAL_Driver/Src/stm32f1xx_hal_tim.o
                0x0000000008001f32                HAL_TIM_IC_CaptureCallback
 .text.HAL_TIM_PWM_PulseFinishedCallback
                0x0000000008001f44       0x12 Drivers/STM32F1xx_HAL_Driver/Src/stm32f1xx_hal_tim.o
                0x0000000008001f44                HAL_TIM_PWM_PulseFinishedCallback
 .text.HAL_TIM_TriggerCallback
                0x0000000008001f56       0x12 Drivers/STM32F1xx_HAL_Driver/Src/stm32f1xx_hal_tim.o
                0x0000000008001f56                HAL_TIM_TriggerCallback
 .text.TIM_Base_SetConfig
                0x0000000008001f68       0xc4 Drivers/STM32F1xx_HAL_Driver/Src/stm32f1xx_hal_tim.o
                0x0000000008001f68                TIM_Base_SetConfig
 .text.HAL_TIMEx_CommutCallback
                0x000000000800202c       0x12 Drivers/STM32F1xx_HAL_Driver/Src/stm32f1xx_hal_tim_ex.o
                0x000000000800202c                HAL_TIMEx_CommutCallback
 .text.HAL_TIMEx_BreakCallback
                0x000000000800203e       0x12 Drivers/STM32F1xx_HAL_Driver/Src/stm32f1xx_hal_tim_ex.o
                0x000000000800203e                HAL_TIMEx_BreakCallback
 .text.makeFreeRtosPriority
                0x0000000008002050       0x2e Middlewares/Third_Party/FreeRTOS/Source/CMSIS_RTOS/cmsis_os.o
 .text.osKernelStart
                0x000000000800207e        0xe Middlewares/Third_Party/FreeRTOS/Source/CMSIS_RTOS/cmsis_os.o
                0x000000000800207e                osKernelStart
 .text.osThreadCreate
                0x000000000800208c       0x4e Middlewares/Third_Party/FreeRTOS/Source/CMSIS_RTOS/cmsis_os.o
                0x000000000800208c                osThreadCreate
 .text.osDelay  0x00000000080020da       0x28 Middlewares/Third_Party/FreeRTOS/Source/CMSIS_RTOS/cmsis_os.o
                0x00000000080020da                osDelay
 .text.vListInitialise
                0x0000000008002102       0x3e Middlewares/Third_Party/FreeRTOS/Source/list.o
                0x0000000008002102                vListInitialise
 .text.vListInitialiseItem
                0x0000000008002140       0x18 Middlewares/Third_Party/FreeRTOS/Source/list.o
                0x0000000008002140                vListInitialiseItem
 .text.vListInsertEnd
                0x0000000008002158       0x46 Middlewares/Third_Party/FreeRTOS/Source/list.o
                0x0000000008002158                vListInsertEnd
 .text.vListInsert
                0x000000000800219e       0x70 Middlewares/Third_Party/FreeRTOS/Source/list.o
                0x000000000800219e                vListInsert
 .text.uxListRemove
                0x000000000800220e       0x52 Middlewares/Third_Party/FreeRTOS/Source/list.o
                0x000000000800220e                uxListRemove
 .text.xQueueGenericReset
                0x0000000008002260       0xd0 Middlewares/Third_Party/FreeRTOS/Source/queue.o
                0x0000000008002260                xQueueGenericReset
 .text.xQueueGenericCreate
                0x0000000008002330       0x72 Middlewares/Third_Party/FreeRTOS/Source/queue.o
                0x0000000008002330                xQueueGenericCreate
 .text.prvInitialiseNewQueue
                0x00000000080023a2       0x3e Middlewares/Third_Party/FreeRTOS/Source/queue.o
 .text.xQueueGenericSend
                0x00000000080023e0      0x1f4 Middlewares/Third_Party/FreeRTOS/Source/queue.o
                0x00000000080023e0                xQueueGenericSend
 .text.xQueueSemaphoreTake
                0x00000000080025d4      0x210 Middlewares/Third_Party/FreeRTOS/Source/queue.o
                0x00000000080025d4                xQueueSemaphoreTake
 .text.prvGetDisinheritPriorityAfterTimeout
                0x00000000080027e4       0x2e Middlewares/Third_Party/FreeRTOS/Source/queue.o
 .text.prvCopyDataToQueue
                0x0000000008002812       0xd4 Middlewares/Third_Party/FreeRTOS/Source/queue.o
 .text.prvUnlockQueue
                0x00000000080028e6       0xa4 Middlewares/Third_Party/FreeRTOS/Source/queue.o
 .text.prvIsQueueEmpty
                0x000000000800298a       0x2c Middlewares/Third_Party/FreeRTOS/Source/queue.o
 .text.prvIsQueueFull
                0x00000000080029b6       0x30 Middlewares/Third_Party/FreeRTOS/Source/queue.o
 .text.xTaskCreate
                0x00000000080029e6       0x82 Middlewares/Third_Party/FreeRTOS/Source/tasks.o
                0x00000000080029e6                xTaskCreate
 .text.prvInitialiseNewTask
                0x0000000008002a68       0xfc Middlewares/Third_Party/FreeRTOS/Source/tasks.o
 .text.prvAddNewTaskToReadyList
                0x0000000008002b64       0xd4 Middlewares/Third_Party/FreeRTOS/Source/tasks.o
 .text.vTaskDelay
                0x0000000008002c38       0x68 Middlewares/Third_Party/FreeRTOS/Source/tasks.o
                0x0000000008002c38                vTaskDelay
 .text.vTaskStartScheduler
                0x0000000008002ca0       0x8c Middlewares/Third_Party/FreeRTOS/Source/tasks.o
                0x0000000008002ca0                vTaskStartScheduler
 .text.vTaskSuspendAll
                0x0000000008002d2c       0x1c Middlewares/Third_Party/FreeRTOS/Source/tasks.o
                0x0000000008002d2c                vTaskSuspendAll
 .text.xTaskResumeAll
                0x0000000008002d48      0x138 Middlewares/Third_Party/FreeRTOS/Source/tasks.o
                0x0000000008002d48                xTaskResumeAll
 .text.xTaskIncrementTick
                0x0000000008002e80      0x178 Middlewares/Third_Party/FreeRTOS/Source/tasks.o
                0x0000000008002e80                xTaskIncrementTick
 .text.vTaskSwitchContext
                0x0000000008002ff8       0xb4 Middlewares/Third_Party/FreeRTOS/Source/tasks.o
                0x0000000008002ff8                vTaskSwitchContext
 .text.vTaskPlaceOnEventList
                0x00000000080030ac       0x48 Middlewares/Third_Party/FreeRTOS/Source/tasks.o
                0x00000000080030ac                vTaskPlaceOnEventList
 .text.xTaskRemoveFromEventList
                0x00000000080030f4       0xc4 Middlewares/Third_Party/FreeRTOS/Source/tasks.o
                0x00000000080030f4                xTaskRemoveFromEventList
 .text.vTaskInternalSetTimeOutState
                0x00000000080031b8       0x2c Middlewares/Third_Party/FreeRTOS/Source/tasks.o
                0x00000000080031b8                vTaskInternalSetTimeOutState
 .text.xTaskCheckForTimeOut
                0x00000000080031e4       0xc0 Middlewares/Third_Party/FreeRTOS/Source/tasks.o
                0x00000000080031e4                xTaskCheckForTimeOut
 .text.vTaskMissedYield
                0x00000000080032a4       0x18 Middlewares/Third_Party/FreeRTOS/Source/tasks.o
                0x00000000080032a4                vTaskMissedYield
 .text.prvIdleTask
                0x00000000080032bc       0x30 Middlewares/Third_Party/FreeRTOS/Source/tasks.o
 .text.prvInitialiseTaskLists
                0x00000000080032ec       0x80 Middlewares/Third_Party/FreeRTOS/Source/tasks.o
 .text.prvCheckTasksWaitingTermination
                0x000000000800336c       0x58 Middlewares/Third_Party/FreeRTOS/Source/tasks.o
 .text.prvDeleteTCB
                0x00000000080033c4       0x20 Middlewares/Third_Party/FreeRTOS/Source/tasks.o
 .text.prvResetNextTaskUnblockTime
                0x00000000080033e4       0x48 Middlewares/Third_Party/FreeRTOS/Source/tasks.o
 .text.xTaskGetSchedulerState
                0x000000000800342c       0x3c Middlewares/Third_Party/FreeRTOS/Source/tasks.o
                0x000000000800342c                xTaskGetSchedulerState
 .text.xTaskPriorityInherit
                0x0000000008003468      0x10c Middlewares/Third_Party/FreeRTOS/Source/tasks.o
                0x0000000008003468                xTaskPriorityInherit
 .text.xTaskPriorityDisinherit
                0x0000000008003574      0x108 Middlewares/Third_Party/FreeRTOS/Source/tasks.o
                0x0000000008003574                xTaskPriorityDisinherit
 .text.vTaskPriorityDisinheritAfterTimeout
                0x000000000800367c      0x13c Middlewares/Third_Party/FreeRTOS/Source/tasks.o
                0x000000000800367c                vTaskPriorityDisinheritAfterTimeout
 .text.pvTaskIncrementMutexHeldCount
                0x00000000080037b8       0x28 Middlewares/Third_Party/FreeRTOS/Source/tasks.o
                0x00000000080037b8                pvTaskIncrementMutexHeldCount
 .text.prvAddCurrentTaskToDelayedList
                0x00000000080037e0       0xcc Middlewares/Third_Party/FreeRTOS/Source/tasks.o
 .text.pxPortInitialiseStack
                0x00000000080038ac       0x58 Middlewares/Third_Party/FreeRTOS/Source/portable/GCC/ARM_CM3/port.o
                0x00000000080038ac                pxPortInitialiseStack
 .text.prvTaskExitError
                0x0000000008003904       0x50 Middlewares/Third_Party/FreeRTOS/Source/portable/GCC/ARM_CM3/port.o
 *fill*         0x0000000008003954        0xc 
 .text.SVC_Handler
                0x0000000008003960       0x28 Middlewares/Third_Party/FreeRTOS/Source/portable/GCC/ARM_CM3/port.o
                0x0000000008003960                SVC_Handler
 .text.prvPortStartFirstTask
                0x0000000008003988       0x20 Middlewares/Third_Party/FreeRTOS/Source/portable/GCC/ARM_CM3/port.o
 .text.xPortStartScheduler
                0x00000000080039a8       0xe0 Middlewares/Third_Party/FreeRTOS/Source/portable/GCC/ARM_CM3/port.o
                0x00000000080039a8                xPortStartScheduler
 .text.vPortEnterCritical
                0x0000000008003a88       0x5c Middlewares/Third_Party/FreeRTOS/Source/portable/GCC/ARM_CM3/port.o
                0x0000000008003a88                vPortEnterCritical
 .text.vPortExitCritical
                0x0000000008003ae4       0x4c Middlewares/Third_Party/FreeRTOS/Source/portable/GCC/ARM_CM3/port.o
                0x0000000008003ae4                vPortExitCritical
 .text.PendSV_Handler
                0x0000000008003b30       0x48 Middlewares/Third_Party/FreeRTOS/Source/portable/GCC/ARM_CM3/port.o
                0x0000000008003b30                PendSV_Handler
 .text.SysTick_Handler
                0x0000000008003b78       0x40 Middlewares/Third_Party/FreeRTOS/Source/portable/GCC/ARM_CM3/port.o
                0x0000000008003b78                SysTick_Handler
 .text.vPortSetupTimerInterrupt
                0x0000000008003bb8       0x44 Middlewares/Third_Party/FreeRTOS/Source/portable/GCC/ARM_CM3/port.o
                0x0000000008003bb8                vPortSetupTimerInterrupt
 .text.pvPortMalloc
                0x0000000008003bfc      0x184 Middlewares/Third_Party/FreeRTOS/Source/portable/MemMang/heap_4.o
                0x0000000008003bfc                pvPortMalloc
 .text.vPortFree
                0x0000000008003d80       0xb0 Middlewares/Third_Party/FreeRTOS/Source/portable/MemMang/heap_4.o
                0x0000000008003d80                vPortFree
 .text.prvHeapInit
                0x0000000008003e30       0xc4 Middlewares/Third_Party/FreeRTOS/Source/portable/MemMang/heap_4.o
 .text.prvInsertBlockIntoFreeList
                0x0000000008003ef4       0xb0 Middlewares/Third_Party/FreeRTOS/Source/portable/MemMang/heap_4.o
 .text.MX_ADC1_Init
                0x0000000008003fa4       0x80 Src/ARM_inits.o
                0x0000000008003fa4                MX_ADC1_Init
 .text.MX_RTC_Init
                0x0000000008004024       0x38 Src/ARM_inits.o
                0x0000000008004024                MX_RTC_Init
 .text.MX_GPIO_Init
                0x000000000800405c       0xb0 Src/ARM_inits.o
                0x000000000800405c                MX_GPIO_Init
 .text.SystemClock_Config
                0x000000000800410c       0xaa Src/ARM_inits.o
                0x000000000800410c                SystemClock_Config
 *fill*         0x00000000080041b6        0x2 
 .text.HAL_TIM_PeriodElapsedCallback
                0x00000000080041b8       0x24 Src/ARM_inits.o
                0x00000000080041b8                HAL_TIM_PeriodElapsedCallback
 .text.Error_Handler
                0x00000000080041dc        0xc Src/ARM_inits.o
                0x00000000080041dc                Error_Handler
 .text.Sm_BotaoON
                0x00000000080041e8       0x40 Src/Botao1FSM.o
                0x00000000080041e8                Sm_BotaoON
 .text.Sm_BotaoOFF
                0x0000000008004228       0x40 Src/Botao1FSM.o
                0x0000000008004228                Sm_BotaoOFF
 .text.Sm_DEBOUNCE
                0x0000000008004268       0x7c Src/Botao1FSM.o
                0x0000000008004268                Sm_DEBOUNCE
 .text.Rodar_Maquina_Botao1
                0x00000000080042e4       0x28 Src/Botao1FSM.o
                0x00000000080042e4                Rodar_Maquina_Botao1
 .text.AdicionarNaLista1
                0x000000000800430c       0x68 Src/Interpreter1FSM.o
                0x000000000800430c                AdicionarNaLista1
 .text.lerDoInput1
                0x0000000008004374       0x4c Src/Interpreter1FSM.o
                0x0000000008004374                lerDoInput1
 .text.P1_INTERPRETER
                0x00000000080043c0       0x50 Src/Interpreter1FSM.o
                0x00000000080043c0                P1_INTERPRETER
 .text.Sm_Right_Int1
                0x0000000008004410       0x1c Src/Interpreter1FSM.o
                0x0000000008004410                Sm_Right_Int1
 .text.Sm_Left_Int1
                0x000000000800442c       0x1c Src/Interpreter1FSM.o
                0x000000000800442c                Sm_Left_Int1
 .text.Sm_Neutral_Int1
                0x0000000008004448       0x1c Src/Interpreter1FSM.o
                0x0000000008004448                Sm_Neutral_Int1
 .text.Sm_ATK_Int1
                0x0000000008004464       0x1c Src/Interpreter1FSM.o
                0x0000000008004464                Sm_ATK_Int1
 .text.Sm_RightPressed_Int1
                0x0000000008004480       0x4c Src/Interpreter1FSM.o
                0x0000000008004480                Sm_RightPressed_Int1
 .text.Sm_NeutralPressed_Int1
                0x00000000080044cc       0x4c Src/Interpreter1FSM.o
                0x00000000080044cc                Sm_NeutralPressed_Int1
 .text.Sm_ATKPressed_Int1
                0x0000000008004518       0x4c Src/Interpreter1FSM.o
                0x0000000008004518                Sm_ATKPressed_Int1
 .text.Sm_LeftPressed_Int1
                0x0000000008004564       0x4c Src/Interpreter1FSM.o
                0x0000000008004564                Sm_LeftPressed_Int1
 .text.Sm_Edge_Int1
                0x00000000080045b0       0x44 Src/Interpreter1FSM.o
                0x00000000080045b0                Sm_Edge_Int1
 .text.Sm_DEBOUNCE_Int1
                0x00000000080045f4      0x130 Src/Interpreter1FSM.o
                0x00000000080045f4                Sm_DEBOUNCE_Int1
 .text.Rodar_Maquina_Interpretador
                0x0000000008004724       0x4c Src/Interpreter1FSM.o
                0x0000000008004724                Rodar_Maquina_Interpretador
 .text.Sm_PowerOn
                0x0000000008004770       0x50 Src/MenuFSM.o
                0x0000000008004770                Sm_PowerOn
 .text.Sm_Menu  0x00000000080047c0       0x38 Src/MenuFSM.o
                0x00000000080047c0                Sm_Menu
 .text.Sm_Menu1P
                0x00000000080047f8       0x8c Src/MenuFSM.o
                0x00000000080047f8                Sm_Menu1P
 .text.Sm_Menu2P
                0x0000000008004884       0x8c Src/MenuFSM.o
                0x0000000008004884                Sm_Menu2P
 .text.print_roundstart
                0x0000000008004910      0x138 Src/MenuFSM.o
                0x0000000008004910                print_roundstart
 .text.Sm_Arena1P_RoundStart
                0x0000000008004a48       0x18 Src/MenuFSM.o
                0x0000000008004a48                Sm_Arena1P_RoundStart
 .text.Sm_Arena1P_ONGOING
                0x0000000008004a60       0x18 Src/MenuFSM.o
                0x0000000008004a60                Sm_Arena1P_ONGOING
 .text.Sm_Arena2P_RoundStart
                0x0000000008004a78       0x18 Src/MenuFSM.o
                0x0000000008004a78                Sm_Arena2P_RoundStart
 .text.Sm_Arena2P_ONGOING
                0x0000000008004a90        0xc Src/MenuFSM.o
                0x0000000008004a90                Sm_Arena2P_ONGOING
 .text.Sm_GameOver
                0x0000000008004a9c       0x34 Src/MenuFSM.o
                0x0000000008004a9c                Sm_GameOver
 .text.Rodar_Maquina_Menu
                0x0000000008004ad0       0x30 Src/MenuFSM.o
                0x0000000008004ad0                Rodar_Maquina_Menu
 .text.cmd_LCD  0x0000000008004b00       0x8c Src/NOKIA5110_fb.o
                0x0000000008004b00                cmd_LCD
 .text.data_LCD
                0x0000000008004b8c       0x8c Src/NOKIA5110_fb.o
                0x0000000008004b8c                data_LCD
 .text.inic_LCD
                0x0000000008004c18       0x4c Src/NOKIA5110_fb.o
                0x0000000008004c18                inic_LCD
 .text.goto_XY  0x0000000008004c64       0x3c Src/NOKIA5110_fb.o
                0x0000000008004c64                goto_XY
 .text.imprime_LCD
                0x0000000008004ca0       0x34 Src/NOKIA5110_fb.o
                0x0000000008004ca0                imprime_LCD
 .text.print_seguro
                0x0000000008004cd4       0x48 Src/NOKIA5110_fb.o
                0x0000000008004cd4                print_seguro
 .text.deleta_figura_seguro
                0x0000000008004d1c       0x40 Src/NOKIA5110_fb.o
                0x0000000008004d1c                deleta_figura_seguro
 .text.print_figura_seguro
                0x0000000008004d5c       0x40 Src/NOKIA5110_fb.o
                0x0000000008004d5c                print_figura_seguro
 .text.caractere_LCD
                0x0000000008004d9c       0x78 Src/NOKIA5110_fb.o
                0x0000000008004d9c                caractere_LCD
 .text.string_LCD
                0x0000000008004e14       0x28 Src/NOKIA5110_fb.o
                0x0000000008004e14                string_LCD
 .text.limpa_LCD
                0x0000000008004e3c       0x40 Src/NOKIA5110_fb.o
                0x0000000008004e3c                limpa_LCD
 .text.desenha_pixel
                0x0000000008004e7c       0x9c Src/NOKIA5110_fb.o
                0x0000000008004e7c                desenha_pixel
 .text.deleta_fig
                0x0000000008004f18      0x14a Src/NOKIA5110_fb.o
                0x0000000008004f18                deleta_fig
 .text.desenha_fig
                0x0000000008005062      0x1b8 Src/NOKIA5110_fb.o
                0x0000000008005062                desenha_fig
 *fill*         0x000000000800521a        0x2 
 .text.Sm_P1_MENU
                0x000000000800521c       0x3c Src/P1_FSM.o
                0x000000000800521c                Sm_P1_MENU
 .text.Sm_P1_RoundStart
                0x0000000008005258       0x3c Src/P1_FSM.o
                0x0000000008005258                Sm_P1_RoundStart
 .text.Sm_P1_Idle
                0x0000000008005294       0x6c Src/P1_FSM.o
                0x0000000008005294                Sm_P1_Idle
 .text.Sm_P1_Idle_Recover
                0x0000000008005300       0x6c Src/P1_FSM.o
                0x0000000008005300                Sm_P1_Idle_Recover
 .text.Sm_P1_Forward
                0x000000000800536c       0x6c Src/P1_FSM.o
                0x000000000800536c                Sm_P1_Forward
 .text.Sm_P1_DashForward
                0x00000000080053d8       0x50 Src/P1_FSM.o
                0x00000000080053d8                Sm_P1_DashForward
 .text.Sm_P1_DashBack
                0x0000000008005428       0x5c Src/P1_FSM.o
                0x0000000008005428                Sm_P1_DashBack
 .text.Sm_P1_Back
                0x0000000008005484       0x6c Src/P1_FSM.o
                0x0000000008005484                Sm_P1_Back
 .text.Sm_P1_ATK1
                0x00000000080054f0       0x30 Src/P1_FSM.o
                0x00000000080054f0                Sm_P1_ATK1
 .text.Sm_P1_ATK2
                0x0000000008005520       0x30 Src/P1_FSM.o
                0x0000000008005520                Sm_P1_ATK2
 .text.Sm_P1_ATK2_Recover
                0x0000000008005550       0x4c Src/P1_FSM.o
                0x0000000008005550                Sm_P1_ATK2_Recover
 .text.Sm_P1_ATK1_Recover
                0x000000000800559c       0x6c Src/P1_FSM.o
                0x000000000800559c                Sm_P1_ATK1_Recover
 .text.Sm_P1_Hit
                0x0000000008005608       0x20 Src/P1_FSM.o
                0x0000000008005608                Sm_P1_Hit
 .text.Sm_P1_Block
                0x0000000008005628       0x20 Src/P1_FSM.o
                0x0000000008005628                Sm_P1_Block
 .text.Sm_P1_Dying
                0x0000000008005648       0x20 Src/P1_FSM.o
                0x0000000008005648                Sm_P1_Dying
 .text.Sm_P1_Dead
                0x0000000008005668       0x20 Src/P1_FSM.o
                0x0000000008005668                Sm_P1_Dead
 .text.Rodar_Maquina_P1
                0x0000000008005688       0x28 Src/P1_FSM.o
                0x0000000008005688                Rodar_Maquina_P1
 .text.Sm_P1View_MENU
                0x00000000080056b0        0xe Src/P1_ViewFSM.o
                0x00000000080056b0                Sm_P1View_MENU
 *fill*         0x00000000080056be        0x2 
 .text.Sm_P1View_RoundStart
                0x00000000080056c0       0x18 Src/P1_ViewFSM.o
                0x00000000080056c0                Sm_P1View_RoundStart
 .text.Sm_P1View_Idle
                0x00000000080056d8       0x18 Src/P1_ViewFSM.o
                0x00000000080056d8                Sm_P1View_Idle
 .text.Sm_P1View_Idle_Recover
                0x00000000080056f0       0x18 Src/P1_ViewFSM.o
                0x00000000080056f0                Sm_P1View_Idle_Recover
 .text.Sm_P1View_Forward
                0x0000000008005708       0x38 Src/P1_ViewFSM.o
                0x0000000008005708                Sm_P1View_Forward
 .text.Sm_P1View_DashForward
                0x0000000008005740       0x44 Src/P1_ViewFSM.o
                0x0000000008005740                Sm_P1View_DashForward
 .text.Sm_P1View_DashBack
                0x0000000008005784       0x3c Src/P1_ViewFSM.o
                0x0000000008005784                Sm_P1View_DashBack
 .text.Sm_P1View_Back
                0x00000000080057c0       0x38 Src/P1_ViewFSM.o
                0x00000000080057c0                Sm_P1View_Back
 .text.Sm_P1View_ATK1
                0x00000000080057f8       0x2c Src/P1_ViewFSM.o
                0x00000000080057f8                Sm_P1View_ATK1
 .text.Sm_P1View_ATK2
                0x0000000008005824       0x2c Src/P1_ViewFSM.o
                0x0000000008005824                Sm_P1View_ATK2
 .text.Sm_P1View_ATK2_Recover
                0x0000000008005850       0x2c Src/P1_ViewFSM.o
                0x0000000008005850                Sm_P1View_ATK2_Recover
 .text.Sm_P1View_ATK1_Recover
                0x000000000800587c       0x2c Src/P1_ViewFSM.o
                0x000000000800587c                Sm_P1View_ATK1_Recover
 .text.Sm_P1View_Hit
                0x00000000080058a8        0xe Src/P1_ViewFSM.o
                0x00000000080058a8                Sm_P1View_Hit
 .text.Sm_P1View_Block
                0x00000000080058b6        0xe Src/P1_ViewFSM.o
                0x00000000080058b6                Sm_P1View_Block
 .text.Sm_P1View_Dying
                0x00000000080058c4        0xe Src/P1_ViewFSM.o
                0x00000000080058c4                Sm_P1View_Dying
 .text.Sm_P1View_Dead
                0x00000000080058d2        0xe Src/P1_ViewFSM.o
                0x00000000080058d2                Sm_P1View_Dead
 .text.Rodar_Maquina_P1View
                0x00000000080058e0       0x28 Src/P1_ViewFSM.o
                0x00000000080058e0                Rodar_Maquina_P1View
 .text.atraso_us
                0x0000000008005908       0x20 Src/delay.o
                0x0000000008005908                atraso_us
 .text.main     0x0000000008005928      0x118 Src/main.o
                0x0000000008005928                main
 .text.P1       0x0000000008005a40       0x14 Src/main.o
                0x0000000008005a40                P1
 .text.Menu     0x0000000008005a54        0xe Src/main.o
                0x0000000008005a54                Menu
 *fill*         0x0000000008005a62        0x2 
 .text.InputInterpreter
                0x0000000008005a64       0x3c Src/main.o
                0x0000000008005a64                InputInterpreter
 .text.StartDefaultTask
                0x0000000008005aa0       0x40 Src/main.o
                0x0000000008005aa0                StartDefaultTask
 .text.ObservaBotao
                0x0000000008005ae0        0xe Src/main.o
                0x0000000008005ae0                ObservaBotao
 .text.P1View   0x0000000008005aee        0xe Src/main.o
                0x0000000008005aee                P1View
 .text.HAL_MspInit
                0x0000000008005afc       0x70 Src/stm32f1xx_hal_msp.o
                0x0000000008005afc                HAL_MspInit
 .text.HAL_ADC_MspInit
                0x0000000008005b6c       0x78 Src/stm32f1xx_hal_msp.o
                0x0000000008005b6c                HAL_ADC_MspInit
 .text.HAL_RTC_MspInit
                0x0000000008005be4       0x48 Src/stm32f1xx_hal_msp.o
                0x0000000008005be4                HAL_RTC_MspInit
 .text.HAL_InitTick
                0x0000000008005c2c       0xac Src/stm32f1xx_hal_timebase_tim.o
                0x0000000008005c2c                HAL_InitTick
 .text.NMI_Handler
                0x0000000008005cd8        0xc Src/stm32f1xx_it.o
                0x0000000008005cd8                NMI_Handler
 .text.HardFault_Handler
                0x0000000008005ce4        0x6 Src/stm32f1xx_it.o
                0x0000000008005ce4                HardFault_Handler
 .text.MemManage_Handler
                0x0000000008005cea        0x6 Src/stm32f1xx_it.o
                0x0000000008005cea                MemManage_Handler
 .text.BusFault_Handler
                0x0000000008005cf0        0x6 Src/stm32f1xx_it.o
                0x0000000008005cf0                BusFault_Handler
 .text.UsageFault_Handler
                0x0000000008005cf6        0x6 Src/stm32f1xx_it.o
                0x0000000008005cf6                UsageFault_Handler
 .text.DebugMon_Handler
                0x0000000008005cfc        0xc Src/stm32f1xx_it.o
                0x0000000008005cfc                DebugMon_Handler
 .text.TIM4_IRQHandler
                0x0000000008005d08       0x14 Src/stm32f1xx_it.o
                0x0000000008005d08                TIM4_IRQHandler
 .text.SystemInit
                0x0000000008005d1c       0x68 Src/system_stm32f1xx.o
                0x0000000008005d1c                SystemInit
 .text.Reset_Handler
                0x0000000008005d84       0x48 Startup/startup_stm32f103c8tx.o
                0x0000000008005d84                Reset_Handler
 .text.Default_Handler
                0x0000000008005dcc        0x2 Startup/startup_stm32f103c8tx.o
                0x0000000008005dcc                RTC_Alarm_IRQHandler
                0x0000000008005dcc                EXTI2_IRQHandler
                0x0000000008005dcc                TIM1_CC_IRQHandler
                0x0000000008005dcc                PVD_IRQHandler
                0x0000000008005dcc                EXTI3_IRQHandler
                0x0000000008005dcc                EXTI0_IRQHandler
                0x0000000008005dcc                I2C2_EV_IRQHandler
                0x0000000008005dcc                ADC1_2_IRQHandler
                0x0000000008005dcc                SPI1_IRQHandler
                0x0000000008005dcc                TAMPER_IRQHandler
                0x0000000008005dcc                DMA1_Channel4_IRQHandler
                0x0000000008005dcc                USART3_IRQHandler
                0x0000000008005dcc                RTC_IRQHandler
                0x0000000008005dcc                DMA1_Channel7_IRQHandler
                0x0000000008005dcc                CAN1_RX1_IRQHandler
                0x0000000008005dcc                I2C1_EV_IRQHandler
                0x0000000008005dcc                DMA1_Channel6_IRQHandler
                0x0000000008005dcc                TIM3_IRQHandler
                0x0000000008005dcc                RCC_IRQHandler
                0x0000000008005dcc                TIM1_TRG_COM_IRQHandler
                0x0000000008005dcc                DMA1_Channel1_IRQHandler
                0x0000000008005dcc                Default_Handler
                0x0000000008005dcc                EXTI15_10_IRQHandler
                0x0000000008005dcc                EXTI9_5_IRQHandler
                0x0000000008005dcc                SPI2_IRQHandler
                0x0000000008005dcc                DMA1_Channel5_IRQHandler
                0x0000000008005dcc                EXTI4_IRQHandler
                0x0000000008005dcc                USB_LP_CAN1_RX0_IRQHandler
                0x0000000008005dcc                USB_HP_CAN1_TX_IRQHandler
                0x0000000008005dcc                DMA1_Channel3_IRQHandler
                0x0000000008005dcc                TIM1_UP_IRQHandler
                0x0000000008005dcc                WWDG_IRQHandler
                0x0000000008005dcc                TIM2_IRQHandler
                0x0000000008005dcc                TIM1_BRK_IRQHandler
                0x0000000008005dcc                EXTI1_IRQHandler
                0x0000000008005dcc                USART2_IRQHandler
                0x0000000008005dcc                I2C2_ER_IRQHandler
                0x0000000008005dcc                DMA1_Channel2_IRQHandler
                0x0000000008005dcc                CAN1_SCE_IRQHandler
                0x0000000008005dcc                FLASH_IRQHandler
                0x0000000008005dcc                USART1_IRQHandler
                0x0000000008005dcc                I2C1_ER_IRQHandler
                0x0000000008005dcc                USBWakeUp_IRQHandler
 *fill*         0x0000000008005dce        0x2 
 .text.__libc_init_array
                0x0000000008005dd0       0x48 c:/st/stm32cubeide_1.0.2/stm32cubeide/plugins/com.st.stm32cube.ide.mcu.externaltools.gnu-tools-for-stm32.7-2018-q2-update.win32_1.0.0.201904181610/tools/bin/../lib/gcc/arm-none-eabi/7.3.1/../../../../arm-none-eabi/lib/thumb/v7-m\libc_nano.a(lib_a-init.o)
                0x0000000008005dd0                __libc_init_array
 .text.memcpy   0x0000000008005e18       0x16 c:/st/stm32cubeide_1.0.2/stm32cubeide/plugins/com.st.stm32cube.ide.mcu.externaltools.gnu-tools-for-stm32.7-2018-q2-update.win32_1.0.0.201904181610/tools/bin/../lib/gcc/arm-none-eabi/7.3.1/../../../../arm-none-eabi/lib/thumb/v7-m\libc_nano.a(lib_a-memcpy-stub.o)
                0x0000000008005e18                memcpy
 .text.memset   0x0000000008005e2e       0x10 c:/st/stm32cubeide_1.0.2/stm32cubeide/plugins/com.st.stm32cube.ide.mcu.externaltools.gnu-tools-for-stm32.7-2018-q2-update.win32_1.0.0.201904181610/tools/bin/../lib/gcc/arm-none-eabi/7.3.1/../../../../arm-none-eabi/lib/thumb/v7-m\libc_nano.a(lib_a-memset.o)
                0x0000000008005e2e                memset
 *(.glue_7)
 .glue_7        0x0000000008005e3e        0x0 linker stubs
 *(.glue_7t)
 .glue_7t       0x0000000008005e3e        0x0 linker stubs
 *(.eh_frame)
 *fill*         0x0000000008005e3e        0x2 
 .eh_frame      0x0000000008005e40        0x0 c:/st/stm32cubeide_1.0.2/stm32cubeide/plugins/com.st.stm32cube.ide.mcu.externaltools.gnu-tools-for-stm32.7-2018-q2-update.win32_1.0.0.201904181610/tools/bin/../lib/gcc/arm-none-eabi/7.3.1/thumb/v7-m/crtbegin.o
 *(.init)
 .init          0x0000000008005e40        0x4 c:/st/stm32cubeide_1.0.2/stm32cubeide/plugins/com.st.stm32cube.ide.mcu.externaltools.gnu-tools-for-stm32.7-2018-q2-update.win32_1.0.0.201904181610/tools/bin/../lib/gcc/arm-none-eabi/7.3.1/thumb/v7-m/crti.o
                0x0000000008005e40                _init
 .init          0x0000000008005e44        0x8 c:/st/stm32cubeide_1.0.2/stm32cubeide/plugins/com.st.stm32cube.ide.mcu.externaltools.gnu-tools-for-stm32.7-2018-q2-update.win32_1.0.0.201904181610/tools/bin/../lib/gcc/arm-none-eabi/7.3.1/thumb/v7-m/crtn.o
 *(.fini)
 .fini          0x0000000008005e4c        0x4 c:/st/stm32cubeide_1.0.2/stm32cubeide/plugins/com.st.stm32cube.ide.mcu.externaltools.gnu-tools-for-stm32.7-2018-q2-update.win32_1.0.0.201904181610/tools/bin/../lib/gcc/arm-none-eabi/7.3.1/thumb/v7-m/crti.o
                0x0000000008005e4c                _fini
 .fini          0x0000000008005e50        0x8 c:/st/stm32cubeide_1.0.2/stm32cubeide/plugins/com.st.stm32cube.ide.mcu.externaltools.gnu-tools-for-stm32.7-2018-q2-update.win32_1.0.0.201904181610/tools/bin/../lib/gcc/arm-none-eabi/7.3.1/thumb/v7-m/crtn.o
                0x0000000008005e58                . = ALIGN (0x4)
                0x0000000008005e58                _etext = .

.vfp11_veneer   0x0000000008005e58        0x0
 .vfp11_veneer  0x0000000008005e58        0x0 linker stubs

.v4_bx          0x0000000008005e58        0x0
 .v4_bx         0x0000000008005e58        0x0 linker stubs

.iplt           0x0000000008005e58        0x0
 .iplt          0x0000000008005e58        0x0 c:/st/stm32cubeide_1.0.2/stm32cubeide/plugins/com.st.stm32cube.ide.mcu.externaltools.gnu-tools-for-stm32.7-2018-q2-update.win32_1.0.0.201904181610/tools/bin/../lib/gcc/arm-none-eabi/7.3.1/thumb/v7-m/crtbegin.o

.rodata         0x0000000008005e58      0x9a0
                0x0000000008005e58                . = ALIGN (0x4)
 *(.rodata)
 .rodata        0x0000000008005e58       0x12 Drivers/STM32F1xx_HAL_Driver/Src/stm32f1xx_hal_rcc.o
 *fill*         0x0000000008005e6a        0x2 
 .rodata        0x0000000008005e6c       0x12 Drivers/STM32F1xx_HAL_Driver/Src/stm32f1xx_hal_rcc_ex.o
 *fill*         0x0000000008005e7e        0x2 
 .rodata        0x0000000008005e80        0x5 Middlewares/Third_Party/FreeRTOS/Source/tasks.o
 *fill*         0x0000000008005e85        0x3 
 .rodata        0x0000000008005e88       0x3b Src/Interpreter1FSM.o
 *fill*         0x0000000008005ec3        0x1 
 .rodata        0x0000000008005ec4       0x92 Src/MenuFSM.o
 *fill*         0x0000000008005f56        0x2 
 .rodata        0x0000000008005f58       0xfe Src/P1_FSM.o
 *fill*         0x0000000008006056        0x2 
 .rodata        0x0000000008006058       0xc0 Src/main.o
 *(.rodata*)
 .rodata.xablauSoft
                0x0000000008006118      0x182 Src/MenuFSM.o
                0x0000000008006118                xablauSoft
 *fill*         0x000000000800629a        0x2 
 .rodata.mainMenu
                0x000000000800629c      0x1e2 Src/MenuFSM.o
                0x000000000800629c                mainMenu
 *fill*         0x000000000800647e        0x2 
 .rodata.cursor
                0x0000000008006480        0xa Src/MenuFSM.o
                0x0000000008006480                cursor
 *fill*         0x000000000800648a        0x2 
 .rodata.um     0x000000000800648c       0x12 Src/MenuFSM.o
                0x000000000800648c                um
 *fill*         0x000000000800649e        0x2 
 .rodata.dois   0x00000000080064a0       0x12 Src/MenuFSM.o
                0x00000000080064a0                dois
 *fill*         0x00000000080064b2        0x2 
 .rodata.tres   0x00000000080064b4       0x12 Src/MenuFSM.o
                0x00000000080064b4                tres
 *fill*         0x00000000080064c6        0x2 
 .rodata.ROUND  0x00000000080064c8       0x2a Src/MenuFSM.o
                0x00000000080064c8                ROUND
 *fill*         0x00000000080064f2        0x2 
 .rodata.BRIGUE
                0x00000000080064f4       0x32 Src/MenuFSM.o
                0x00000000080064f4                BRIGUE
 *fill*         0x0000000008006526        0x2 
 .rodata.ASCII  0x0000000008006528      0x1e0 Src/NOKIA5110_fb.o
 .rodata.p1_idle
                0x0000000008006708       0x22 Src/P1_ViewFSM.o
                0x0000000008006708                p1_idle
 *fill*         0x000000000800672a        0x2 
 .rodata.ATK1   0x000000000800672c       0x22 Src/P1_ViewFSM.o
                0x000000000800672c                ATK1
 *fill*         0x000000000800674e        0x2 
 .rodata.ATK2   0x0000000008006750       0x22 Src/P1_ViewFSM.o
                0x0000000008006750                ATK2
 *fill*         0x0000000008006772        0x2 
 .rodata.dashbck
                0x0000000008006774       0x22 Src/P1_ViewFSM.o
                0x0000000008006774                dashbck
 *fill*         0x0000000008006796        0x2 
 .rodata.dashfwd
                0x0000000008006798       0x22 Src/P1_ViewFSM.o
                0x0000000008006798                dashfwd
 *fill*         0x00000000080067ba        0x2 
 .rodata.recover
                0x00000000080067bc       0x22 Src/P1_ViewFSM.o
                0x00000000080067bc                recover
 *fill*         0x00000000080067de        0x2 
 .rodata.AHBPrescTable
                0x00000000080067e0       0x10 Src/system_stm32f1xx.o
                0x00000000080067e0                AHBPrescTable
 .rodata.APBPrescTable
                0x00000000080067f0        0x8 Src/system_stm32f1xx.o
                0x00000000080067f0                APBPrescTable
                0x00000000080067f8                . = ALIGN (0x4)

.rel.dyn        0x00000000080067f8        0x0
 .rel.iplt      0x00000000080067f8        0x0 c:/st/stm32cubeide_1.0.2/stm32cubeide/plugins/com.st.stm32cube.ide.mcu.externaltools.gnu-tools-for-stm32.7-2018-q2-update.win32_1.0.0.201904181610/tools/bin/../lib/gcc/arm-none-eabi/7.3.1/thumb/v7-m/crtbegin.o

.ARM.extab      0x00000000080067f8        0x0
                0x00000000080067f8                . = ALIGN (0x4)
 *(.ARM.extab* .gnu.linkonce.armextab.*)
                0x00000000080067f8                . = ALIGN (0x4)

.ARM            0x00000000080067f8        0x0
                0x00000000080067f8                . = ALIGN (0x4)
                0x00000000080067f8                __exidx_start = .
 *(.ARM.exidx*)
                0x00000000080067f8                __exidx_end = .
                0x00000000080067f8                . = ALIGN (0x4)

.preinit_array  0x00000000080067f8        0x0
                0x00000000080067f8                . = ALIGN (0x4)
                0x00000000080067f8                PROVIDE (__preinit_array_start = .)
 *(.preinit_array*)
                0x00000000080067f8                PROVIDE (__preinit_array_end = .)
                0x00000000080067f8                . = ALIGN (0x4)

.init_array     0x00000000080067f8        0x4
                0x00000000080067f8                . = ALIGN (0x4)
                0x00000000080067f8                PROVIDE (__init_array_start = .)
 *(SORT_BY_NAME(.init_array.*))
 *(.init_array*)
 .init_array    0x00000000080067f8        0x4 c:/st/stm32cubeide_1.0.2/stm32cubeide/plugins/com.st.stm32cube.ide.mcu.externaltools.gnu-tools-for-stm32.7-2018-q2-update.win32_1.0.0.201904181610/tools/bin/../lib/gcc/arm-none-eabi/7.3.1/thumb/v7-m/crtbegin.o
                0x00000000080067fc                PROVIDE (__init_array_end = .)
                0x00000000080067fc                . = ALIGN (0x4)

.fini_array     0x00000000080067fc        0x4
                0x00000000080067fc                . = ALIGN (0x4)
                [!provide]                        PROVIDE (__fini_array_start = .)
 *(SORT_BY_NAME(.fini_array.*))
 *(.fini_array*)
 .fini_array    0x00000000080067fc        0x4 c:/st/stm32cubeide_1.0.2/stm32cubeide/plugins/com.st.stm32cube.ide.mcu.externaltools.gnu-tools-for-stm32.7-2018-q2-update.win32_1.0.0.201904181610/tools/bin/../lib/gcc/arm-none-eabi/7.3.1/thumb/v7-m/crtbegin.o
                [!provide]                        PROVIDE (__fini_array_end = .)
                0x0000000008006800                . = ALIGN (0x4)
                0x0000000008006800                _sidata = LOADADDR (.data)

.data           0x0000000020000000      0x1f0 load address 0x0000000008006800
                0x0000000020000000                . = ALIGN (0x4)
                0x0000000020000000                _sdata = .
 *(.data)
 *(.data*)
 .data.uwTickPrio
                0x0000000020000000        0x4 Drivers/STM32F1xx_HAL_Driver/Src/stm32f1xx_hal.o
                0x0000000020000000                uwTickPrio
 .data.uwTickFreq
                0x0000000020000004        0x1 Drivers/STM32F1xx_HAL_Driver/Src/stm32f1xx_hal.o
                0x0000000020000004                uwTickFreq
 *fill*         0x0000000020000005        0x3 
 .data.uxCriticalNesting
                0x0000000020000008        0x4 Middlewares/Third_Party/FreeRTOS/Source/portable/GCC/ARM_CM3/port.o
 .data.SmState_Botao1
                0x000000002000000c        0x1 Src/Botao1FSM.o
                0x000000002000000c                SmState_Botao1
 *fill*         0x000000002000000d        0x3 
 .data.StateMachine_Botao1
                0x0000000020000010       0x18 Src/Botao1FSM.o
                0x0000000020000010                StateMachine_Botao1
 .data.RightSymbol
                0x0000000020000028        0x1 Src/Interpreter1FSM.o
                0x0000000020000028                RightSymbol
 .data.LeftSymbol
                0x0000000020000029        0x1 Src/Interpreter1FSM.o
                0x0000000020000029                LeftSymbol
 .data.NeutralSymbol
                0x000000002000002a        0x1 Src/Interpreter1FSM.o
                0x000000002000002a                NeutralSymbol
 .data.ATKSymbol
                0x000000002000002b        0x1 Src/Interpreter1FSM.o
                0x000000002000002b                ATKSymbol
 .data.input_buffer1
                0x000000002000002c        0xc Src/Interpreter1FSM.o
                0x000000002000002c                input_buffer1
 .data.StateMachine_Interpretador
                0x0000000020000038       0x50 Src/Interpreter1FSM.o
                0x0000000020000038                StateMachine_Interpretador
 .data.SmState_Int1
                0x0000000020000088        0x1 Src/Interpreter1FSM.o
                0x0000000020000088                SmState_Int1
 .data.round_count
                0x0000000020000089        0x1 Src/MenuFSM.o
                0x0000000020000089                round_count
 *fill*         0x000000002000008a        0x2 
 .data.StateMachine_Menu
                0x000000002000008c       0x48 Src/MenuFSM.o
                0x000000002000008c                StateMachine_Menu
 .data.StateMachine_P1
                0x00000000200000d4       0x80 Src/P1_FSM.o
                0x00000000200000d4                StateMachine_P1
 .data.StateMachine_P1View
                0x0000000020000154       0x80 Src/P1_ViewFSM.o
                0x0000000020000154                StateMachine_P1View
 .data.posP1    0x00000000200001d4       0x18 Src/P1_ViewFSM.o
                0x00000000200001d4                posP1
 .data.SystemCoreClock
                0x00000000200001ec        0x4 Src/system_stm32f1xx.o
                0x00000000200001ec                SystemCoreClock
                0x00000000200001f0                . = ALIGN (0x4)
                0x00000000200001f0                _edata = .

.igot.plt       0x00000000200001f0        0x0 load address 0x00000000080069f0
 .igot.plt      0x00000000200001f0        0x0 c:/st/stm32cubeide_1.0.2/stm32cubeide/plugins/com.st.stm32cube.ide.mcu.externaltools.gnu-tools-for-stm32.7-2018-q2-update.win32_1.0.0.201904181610/tools/bin/../lib/gcc/arm-none-eabi/7.3.1/thumb/v7-m/crtbegin.o
                0x00000000200001f0                . = ALIGN (0x4)

.bss            0x00000000200001f0     0x1050 load address 0x00000000080069f0
                0x00000000200001f0                _sbss = .
                0x00000000200001f0                __bss_start__ = _sbss
 *(.bss)
 .bss           0x00000000200001f0       0x1c c:/st/stm32cubeide_1.0.2/stm32cubeide/plugins/com.st.stm32cube.ide.mcu.externaltools.gnu-tools-for-stm32.7-2018-q2-update.win32_1.0.0.201904181610/tools/bin/../lib/gcc/arm-none-eabi/7.3.1/thumb/v7-m/crtbegin.o
 *(.bss*)
 .bss.pxCurrentTCB
                0x000000002000020c        0x4 Middlewares/Third_Party/FreeRTOS/Source/tasks.o
                0x000000002000020c                pxCurrentTCB
 .bss.pxReadyTasksLists
                0x0000000020000210       0x8c Middlewares/Third_Party/FreeRTOS/Source/tasks.o
 .bss.xDelayedTaskList1
                0x000000002000029c       0x14 Middlewares/Third_Party/FreeRTOS/Source/tasks.o
 .bss.xDelayedTaskList2
                0x00000000200002b0       0x14 Middlewares/Third_Party/FreeRTOS/Source/tasks.o
 .bss.pxDelayedTaskList
                0x00000000200002c4        0x4 Middlewares/Third_Party/FreeRTOS/Source/tasks.o
 .bss.pxOverflowDelayedTaskList
                0x00000000200002c8        0x4 Middlewares/Third_Party/FreeRTOS/Source/tasks.o
 .bss.xPendingReadyList
                0x00000000200002cc       0x14 Middlewares/Third_Party/FreeRTOS/Source/tasks.o
 .bss.xTasksWaitingTermination
                0x00000000200002e0       0x14 Middlewares/Third_Party/FreeRTOS/Source/tasks.o
 .bss.uxDeletedTasksWaitingCleanUp
                0x00000000200002f4        0x4 Middlewares/Third_Party/FreeRTOS/Source/tasks.o
 .bss.xSuspendedTaskList
                0x00000000200002f8       0x14 Middlewares/Third_Party/FreeRTOS/Source/tasks.o
 .bss.uxCurrentNumberOfTasks
                0x000000002000030c        0x4 Middlewares/Third_Party/FreeRTOS/Source/tasks.o
 .bss.xTickCount
                0x0000000020000310        0x4 Middlewares/Third_Party/FreeRTOS/Source/tasks.o
 .bss.uxTopReadyPriority
                0x0000000020000314        0x4 Middlewares/Third_Party/FreeRTOS/Source/tasks.o
 .bss.xSchedulerRunning
                0x0000000020000318        0x4 Middlewares/Third_Party/FreeRTOS/Source/tasks.o
 .bss.uxPendedTicks
                0x000000002000031c        0x4 Middlewares/Third_Party/FreeRTOS/Source/tasks.o
 .bss.xYieldPending
                0x0000000020000320        0x4 Middlewares/Third_Party/FreeRTOS/Source/tasks.o
 .bss.xNumOfOverflows
                0x0000000020000324        0x4 Middlewares/Third_Party/FreeRTOS/Source/tasks.o
 .bss.uxTaskNumber
                0x0000000020000328        0x4 Middlewares/Third_Party/FreeRTOS/Source/tasks.o
 .bss.xNextTaskUnblockTime
                0x000000002000032c        0x4 Middlewares/Third_Party/FreeRTOS/Source/tasks.o
 .bss.xIdleTaskHandle
                0x0000000020000330        0x4 Middlewares/Third_Party/FreeRTOS/Source/tasks.o
 .bss.uxSchedulerSuspended
                0x0000000020000334        0x4 Middlewares/Third_Party/FreeRTOS/Source/tasks.o
 .bss.ucMaxSysCallPriority
                0x0000000020000338        0x1 Middlewares/Third_Party/FreeRTOS/Source/portable/GCC/ARM_CM3/port.o
 *fill*         0x0000000020000339        0x3 
 .bss.ulMaxPRIGROUPValue
                0x000000002000033c        0x4 Middlewares/Third_Party/FreeRTOS/Source/portable/GCC/ARM_CM3/port.o
 .bss.ucHeap    0x0000000020000340      0xc00 Middlewares/Third_Party/FreeRTOS/Source/portable/MemMang/heap_4.o
 .bss.xStart    0x0000000020000f40        0x8 Middlewares/Third_Party/FreeRTOS/Source/portable/MemMang/heap_4.o
 .bss.pxEnd     0x0000000020000f48        0x4 Middlewares/Third_Party/FreeRTOS/Source/portable/MemMang/heap_4.o
 .bss.xFreeBytesRemaining
                0x0000000020000f4c        0x4 Middlewares/Third_Party/FreeRTOS/Source/portable/MemMang/heap_4.o
 .bss.xMinimumEverFreeBytesRemaining
                0x0000000020000f50        0x4 Middlewares/Third_Party/FreeRTOS/Source/portable/MemMang/heap_4.o
 .bss.xBlockAllocatedBit
                0x0000000020000f54        0x4 Middlewares/Third_Party/FreeRTOS/Source/portable/MemMang/heap_4.o
 .bss.adc_value1
                0x0000000020000f58        0x4 Src/Interpreter1FSM.o
                0x0000000020000f58                adc_value1
 .bss.SmState_Menu
                0x0000000020000f5c        0x1 Src/MenuFSM.o
                0x0000000020000f5c                SmState_Menu
 *fill*         0x0000000020000f5d        0x3 
 .bss.fb        0x0000000020000f60      0x1f8 Src/NOKIA5110_fb.o
 .bss.indice_fb
                0x0000000020001158        0x4 Src/NOKIA5110_fb.o
 .bss.SmState_P1
                0x000000002000115c        0x1 Src/P1_FSM.o
                0x000000002000115c                SmState_P1
 *(COMMON)
 *fill*         0x000000002000115d        0x3 
 COMMON         0x0000000020001160        0x4 Drivers/STM32F1xx_HAL_Driver/Src/stm32f1xx_hal.o
                0x0000000020001160                uwTick
 COMMON         0x0000000020001164        0xc Middlewares/Third_Party/FreeRTOS/Source/CMSIS_RTOS/cmsis_os.o
                0x0000000020001164                tela
                0x0000000020001168                input2
                0x000000002000116c                input1
 COMMON         0x0000000020001170       0x74 Src/ARM_inits.o
                0x0000000020001170                hadc2
                0x00000000200011a0                hadc1
                0x00000000200011d0                hrtc
 COMMON         0x00000000200011e4       0x1c Src/main.o
                0x00000000200011e4                defaultTaskHandle
                0x00000000200011e8                InterpreterTaskHandle
                0x00000000200011ec                P1ViewHandle
                0x00000000200011f0                botaoTaskHandle
                0x00000000200011f4                P1TaskHandle
                0x00000000200011f8                MenuTaskHandle
                0x00000000200011fc                Interpreter2TaskHandle
 COMMON         0x0000000020001200       0x40 Src/stm32f1xx_hal_timebase_tim.o
                0x0000000020001200                htim4
                0x0000000020001240                . = ALIGN (0x4)
                0x0000000020001240                _ebss = .
                0x0000000020001240                __bss_end__ = _ebss

._user_heap_stack
                0x0000000020001240      0x600 load address 0x00000000080069f0
                0x0000000020001240                . = ALIGN (0x8)
                0x0000000020001240                PROVIDE (end = .)
                [!provide]                        PROVIDE (_end = .)
                0x0000000020001440                . = (. + _Min_Heap_Size)
 *fill*         0x0000000020001240      0x200 
                0x0000000020001840                . = (. + _Min_Stack_Size)
 *fill*         0x0000000020001440      0x400 
                0x0000000020001840                . = ALIGN (0x8)

/DISCARD/
 libc.a(*)
 libm.a(*)
 libgcc.a(*)

.ARM.attributes
                0x0000000000000000       0x29
 *(.ARM.attributes)
 .ARM.attributes
                0x0000000000000000       0x1d c:/st/stm32cubeide_1.0.2/stm32cubeide/plugins/com.st.stm32cube.ide.mcu.externaltools.gnu-tools-for-stm32.7-2018-q2-update.win32_1.0.0.201904181610/tools/bin/../lib/gcc/arm-none-eabi/7.3.1/thumb/v7-m/crti.o
 .ARM.attributes
                0x000000000000001d       0x2d c:/st/stm32cubeide_1.0.2/stm32cubeide/plugins/com.st.stm32cube.ide.mcu.externaltools.gnu-tools-for-stm32.7-2018-q2-update.win32_1.0.0.201904181610/tools/bin/../lib/gcc/arm-none-eabi/7.3.1/thumb/v7-m/crtbegin.o
 .ARM.attributes
                0x000000000000004a       0x33 Drivers/STM32F1xx_HAL_Driver/Src/stm32f1xx_hal.o
 .ARM.attributes
                0x000000000000007d       0x33 Drivers/STM32F1xx_HAL_Driver/Src/stm32f1xx_hal_adc.o
 .ARM.attributes
                0x00000000000000b0       0x33 Drivers/STM32F1xx_HAL_Driver/Src/stm32f1xx_hal_cortex.o
 .ARM.attributes
                0x00000000000000e3       0x33 Drivers/STM32F1xx_HAL_Driver/Src/stm32f1xx_hal_gpio.o
 .ARM.attributes
                0x0000000000000116       0x33 Drivers/STM32F1xx_HAL_Driver/Src/stm32f1xx_hal_pwr.o
 .ARM.attributes
                0x0000000000000149       0x33 Drivers/STM32F1xx_HAL_Driver/Src/stm32f1xx_hal_rcc.o
 .ARM.attributes
                0x000000000000017c       0x33 Drivers/STM32F1xx_HAL_Driver/Src/stm32f1xx_hal_rcc_ex.o
 .ARM.attributes
                0x00000000000001af       0x33 Drivers/STM32F1xx_HAL_Driver/Src/stm32f1xx_hal_rtc.o
 .ARM.attributes
                0x00000000000001e2       0x33 Drivers/STM32F1xx_HAL_Driver/Src/stm32f1xx_hal_tim.o
 .ARM.attributes
                0x0000000000000215       0x33 Drivers/STM32F1xx_HAL_Driver/Src/stm32f1xx_hal_tim_ex.o
 .ARM.attributes
                0x0000000000000248       0x33 Middlewares/Third_Party/FreeRTOS/Source/CMSIS_RTOS/cmsis_os.o
 .ARM.attributes
                0x000000000000027b       0x33 Middlewares/Third_Party/FreeRTOS/Source/list.o
 .ARM.attributes
                0x00000000000002ae       0x33 Middlewares/Third_Party/FreeRTOS/Source/queue.o
 .ARM.attributes
                0x00000000000002e1       0x33 Middlewares/Third_Party/FreeRTOS/Source/tasks.o
 .ARM.attributes
                0x0000000000000314       0x33 Middlewares/Third_Party/FreeRTOS/Source/portable/GCC/ARM_CM3/port.o
 .ARM.attributes
                0x0000000000000347       0x33 Middlewares/Third_Party/FreeRTOS/Source/portable/MemMang/heap_4.o
 .ARM.attributes
                0x000000000000037a       0x33 Src/ARM_inits.o
 .ARM.attributes
                0x00000000000003ad       0x33 Src/Botao1FSM.o
 .ARM.attributes
                0x00000000000003e0       0x33 Src/Interpreter1FSM.o
 .ARM.attributes
                0x0000000000000413       0x33 Src/MenuFSM.o
 .ARM.attributes
                0x0000000000000446       0x33 Src/NOKIA5110_fb.o
 .ARM.attributes
                0x0000000000000479       0x33 Src/P1_FSM.o
 .ARM.attributes
                0x00000000000004ac       0x33 Src/P1_ViewFSM.o
 .ARM.attributes
                0x00000000000004df       0x33 Src/delay.o
 .ARM.attributes
                0x0000000000000512       0x33 Src/main.o
 .ARM.attributes
                0x0000000000000545       0x33 Src/stm32f1xx_hal_msp.o
 .ARM.attributes
                0x0000000000000578       0x33 Src/stm32f1xx_hal_timebase_tim.o
 .ARM.attributes
                0x00000000000005ab       0x33 Src/stm32f1xx_it.o
 .ARM.attributes
                0x00000000000005de       0x33 Src/system_stm32f1xx.o
 .ARM.attributes
                0x0000000000000611       0x21 Startup/startup_stm32f103c8tx.o
 .ARM.attributes
                0x0000000000000632       0x2d c:/st/stm32cubeide_1.0.2/stm32cubeide/plugins/com.st.stm32cube.ide.mcu.externaltools.gnu-tools-for-stm32.7-2018-q2-update.win32_1.0.0.201904181610/tools/bin/../lib/gcc/arm-none-eabi/7.3.1/../../../../arm-none-eabi/lib/thumb/v7-m\libc_nano.a(lib_a-init.o)
 .ARM.attributes
                0x000000000000065f       0x2d c:/st/stm32cubeide_1.0.2/stm32cubeide/plugins/com.st.stm32cube.ide.mcu.externaltools.gnu-tools-for-stm32.7-2018-q2-update.win32_1.0.0.201904181610/tools/bin/../lib/gcc/arm-none-eabi/7.3.1/../../../../arm-none-eabi/lib/thumb/v7-m\libc_nano.a(lib_a-memcpy-stub.o)
 .ARM.attributes
                0x000000000000068c       0x2d c:/st/stm32cubeide_1.0.2/stm32cubeide/plugins/com.st.stm32cube.ide.mcu.externaltools.gnu-tools-for-stm32.7-2018-q2-update.win32_1.0.0.201904181610/tools/bin/../lib/gcc/arm-none-eabi/7.3.1/../../../../arm-none-eabi/lib/thumb/v7-m\libc_nano.a(lib_a-memset.o)
 .ARM.attributes
                0x00000000000006b9       0x1d c:/st/stm32cubeide_1.0.2/stm32cubeide/plugins/com.st.stm32cube.ide.mcu.externaltools.gnu-tools-for-stm32.7-2018-q2-update.win32_1.0.0.201904181610/tools/bin/../lib/gcc/arm-none-eabi/7.3.1/thumb/v7-m/crtn.o
OUTPUT(footsies.elf elf32-littlearm)

.debug_info     0x0000000000000000    0x1c166
 .debug_info    0x0000000000000000      0x6fe Drivers/STM32F1xx_HAL_Driver/Src/stm32f1xx_hal.o
 .debug_info    0x00000000000006fe      0xc61 Drivers/STM32F1xx_HAL_Driver/Src/stm32f1xx_hal_adc.o
 .debug_info    0x000000000000135f      0xb46 Drivers/STM32F1xx_HAL_Driver/Src/stm32f1xx_hal_cortex.o
 .debug_info    0x0000000000001ea5      0x681 Drivers/STM32F1xx_HAL_Driver/Src/stm32f1xx_hal_gpio.o
 .debug_info    0x0000000000002526      0x6d7 Drivers/STM32F1xx_HAL_Driver/Src/stm32f1xx_hal_pwr.o
 .debug_info    0x0000000000002bfd      0x804 Drivers/STM32F1xx_HAL_Driver/Src/stm32f1xx_hal_rcc.o
 .debug_info    0x0000000000003401      0x439 Drivers/STM32F1xx_HAL_Driver/Src/stm32f1xx_hal_rcc_ex.o
 .debug_info    0x000000000000383a      0xd24 Drivers/STM32F1xx_HAL_Driver/Src/stm32f1xx_hal_rtc.o
 .debug_info    0x000000000000455e     0x2456 Drivers/STM32F1xx_HAL_Driver/Src/stm32f1xx_hal_tim.o
 .debug_info    0x00000000000069b4     0x1104 Drivers/STM32F1xx_HAL_Driver/Src/stm32f1xx_hal_tim_ex.o
 .debug_info    0x0000000000007ab8     0x1b18 Middlewares/Third_Party/FreeRTOS/Source/CMSIS_RTOS/cmsis_os.o
 .debug_info    0x00000000000095d0      0xac5 Middlewares/Third_Party/FreeRTOS/Source/list.o
 .debug_info    0x000000000000a095     0x1c16 Middlewares/Third_Party/FreeRTOS/Source/queue.o
 .debug_info    0x000000000000bcab     0x218d Middlewares/Third_Party/FreeRTOS/Source/tasks.o
 .debug_info    0x000000000000de38      0x4d2 Middlewares/Third_Party/FreeRTOS/Source/portable/GCC/ARM_CM3/port.o
 .debug_info    0x000000000000e30a      0xbea Middlewares/Third_Party/FreeRTOS/Source/portable/MemMang/heap_4.o
 .debug_info    0x000000000000eef4     0x1642 Src/ARM_inits.o
 .debug_info    0x0000000000010536     0x12d4 Src/Botao1FSM.o
 .debug_info    0x000000000001180a     0x13e1 Src/Interpreter1FSM.o
 .debug_info    0x0000000000012beb     0x144b Src/MenuFSM.o
 .debug_info    0x0000000000014036     0x148a Src/NOKIA5110_fb.o
 .debug_info    0x00000000000154c0     0x132b Src/P1_FSM.o
 .debug_info    0x00000000000167eb     0x13ee Src/P1_ViewFSM.o
 .debug_info    0x0000000000017bd9      0x1f1 Src/delay.o
 .debug_info    0x0000000000017dca     0x146e Src/main.o
 .debug_info    0x0000000000019238     0x137c Src/stm32f1xx_hal_msp.o
 .debug_info    0x000000000001a5b4      0x8e8 Src/stm32f1xx_hal_timebase_tim.o
 .debug_info    0x000000000001ae9c      0xe75 Src/stm32f1xx_it.o
 .debug_info    0x000000000001bd11      0x433 Src/system_stm32f1xx.o
 .debug_info    0x000000000001c144       0x22 Startup/startup_stm32f103c8tx.o

.debug_abbrev   0x0000000000000000     0x3d87
 .debug_abbrev  0x0000000000000000      0x1d8 Drivers/STM32F1xx_HAL_Driver/Src/stm32f1xx_hal.o
 .debug_abbrev  0x00000000000001d8      0x1d5 Drivers/STM32F1xx_HAL_Driver/Src/stm32f1xx_hal_adc.o
 .debug_abbrev  0x00000000000003ad      0x2d5 Drivers/STM32F1xx_HAL_Driver/Src/stm32f1xx_hal_cortex.o
 .debug_abbrev  0x0000000000000682      0x1c0 Drivers/STM32F1xx_HAL_Driver/Src/stm32f1xx_hal_gpio.o
 .debug_abbrev  0x0000000000000842      0x1f2 Drivers/STM32F1xx_HAL_Driver/Src/stm32f1xx_hal_pwr.o
 .debug_abbrev  0x0000000000000a34      0x243 Drivers/STM32F1xx_HAL_Driver/Src/stm32f1xx_hal_rcc.o
 .debug_abbrev  0x0000000000000c77      0x175 Drivers/STM32F1xx_HAL_Driver/Src/stm32f1xx_hal_rcc_ex.o
 .debug_abbrev  0x0000000000000dec      0x20a Drivers/STM32F1xx_HAL_Driver/Src/stm32f1xx_hal_rtc.o
 .debug_abbrev  0x0000000000000ff6      0x230 Drivers/STM32F1xx_HAL_Driver/Src/stm32f1xx_hal_tim.o
 .debug_abbrev  0x0000000000001226      0x21e Drivers/STM32F1xx_HAL_Driver/Src/stm32f1xx_hal_tim_ex.o
 .debug_abbrev  0x0000000000001444      0x38a Middlewares/Third_Party/FreeRTOS/Source/CMSIS_RTOS/cmsis_os.o
 .debug_abbrev  0x00000000000017ce      0x1cf Middlewares/Third_Party/FreeRTOS/Source/list.o
 .debug_abbrev  0x000000000000199d      0x33a Middlewares/Third_Party/FreeRTOS/Source/queue.o
 .debug_abbrev  0x0000000000001cd7      0x338 Middlewares/Third_Party/FreeRTOS/Source/tasks.o
 .debug_abbrev  0x000000000000200f      0x205 Middlewares/Third_Party/FreeRTOS/Source/portable/GCC/ARM_CM3/port.o
 .debug_abbrev  0x0000000000002214      0x29e Middlewares/Third_Party/FreeRTOS/Source/portable/MemMang/heap_4.o
 .debug_abbrev  0x00000000000024b2      0x240 Src/ARM_inits.o
 .debug_abbrev  0x00000000000026f2      0x1c7 Src/Botao1FSM.o
 .debug_abbrev  0x00000000000028b9      0x24d Src/Interpreter1FSM.o
 .debug_abbrev  0x0000000000002b06      0x240 Src/MenuFSM.o
 .debug_abbrev  0x0000000000002d46      0x2e9 Src/NOKIA5110_fb.o
 .debug_abbrev  0x000000000000302f      0x1df Src/P1_FSM.o
 .debug_abbrev  0x000000000000320e      0x1ba Src/P1_ViewFSM.o
 .debug_abbrev  0x00000000000033c8       0xe4 Src/delay.o
 .debug_abbrev  0x00000000000034ac      0x21c Src/main.o
 .debug_abbrev  0x00000000000036c8      0x211 Src/stm32f1xx_hal_msp.o
 .debug_abbrev  0x00000000000038d9      0x19d Src/stm32f1xx_hal_timebase_tim.o
 .debug_abbrev  0x0000000000003a76      0x1cb Src/stm32f1xx_it.o
 .debug_abbrev  0x0000000000003c41      0x134 Src/system_stm32f1xx.o
 .debug_abbrev  0x0000000000003d75       0x12 Startup/startup_stm32f103c8tx.o

.debug_aranges  0x0000000000000000     0x1510
 .debug_aranges
                0x0000000000000000       0xe0 Drivers/STM32F1xx_HAL_Driver/Src/stm32f1xx_hal.o
 .debug_aranges
                0x00000000000000e0       0xf0 Drivers/STM32F1xx_HAL_Driver/Src/stm32f1xx_hal_adc.o
 .debug_aranges
                0x00000000000001d0      0x100 Drivers/STM32F1xx_HAL_Driver/Src/stm32f1xx_hal_cortex.o
 .debug_aranges
                0x00000000000002d0       0x58 Drivers/STM32F1xx_HAL_Driver/Src/stm32f1xx_hal_gpio.o
 .debug_aranges
                0x0000000000000328       0xa8 Drivers/STM32F1xx_HAL_Driver/Src/stm32f1xx_hal_pwr.o
 .debug_aranges
                0x00000000000003d0       0x90 Drivers/STM32F1xx_HAL_Driver/Src/stm32f1xx_hal_rcc.o
 .debug_aranges
                0x0000000000000460       0x30 Drivers/STM32F1xx_HAL_Driver/Src/stm32f1xx_hal_rcc_ex.o
 .debug_aranges
                0x0000000000000490       0xf8 Drivers/STM32F1xx_HAL_Driver/Src/stm32f1xx_hal_rtc.o
 .debug_aranges
                0x0000000000000588      0x3a8 Drivers/STM32F1xx_HAL_Driver/Src/stm32f1xx_hal_tim.o
 .debug_aranges
                0x0000000000000930      0x150 Drivers/STM32F1xx_HAL_Driver/Src/stm32f1xx_hal_tim_ex.o
 .debug_aranges
                0x0000000000000a80      0x1d8 Middlewares/Third_Party/FreeRTOS/Source/CMSIS_RTOS/cmsis_os.o
 .debug_aranges
                0x0000000000000c58       0x40 Middlewares/Third_Party/FreeRTOS/Source/list.o
 .debug_aranges
                0x0000000000000c98       0xf8 Middlewares/Third_Party/FreeRTOS/Source/queue.o
 .debug_aranges
                0x0000000000000d90      0x1a0 Middlewares/Third_Party/FreeRTOS/Source/tasks.o
 .debug_aranges
                0x0000000000000f30       0x78 Middlewares/Third_Party/FreeRTOS/Source/portable/GCC/ARM_CM3/port.o
 .debug_aranges
                0x0000000000000fa8       0x50 Middlewares/Third_Party/FreeRTOS/Source/portable/MemMang/heap_4.o
 .debug_aranges
                0x0000000000000ff8       0x48 Src/ARM_inits.o
 .debug_aranges
                0x0000000000001040       0x38 Src/Botao1FSM.o
 .debug_aranges
                0x0000000000001078       0x88 Src/Interpreter1FSM.o
 .debug_aranges
                0x0000000000001100       0x70 Src/MenuFSM.o
 .debug_aranges
                0x0000000000001170       0xc8 Src/NOKIA5110_fb.o
 .debug_aranges
                0x0000000000001238       0xa0 Src/P1_FSM.o
 .debug_aranges
                0x00000000000012d8       0xa0 Src/P1_ViewFSM.o
 .debug_aranges
                0x0000000000001378       0x38 Src/delay.o
 .debug_aranges
                0x00000000000013b0       0x50 Src/main.o
 .debug_aranges
                0x0000000000001400       0x40 Src/stm32f1xx_hal_msp.o
 .debug_aranges
                0x0000000000001440       0x30 Src/stm32f1xx_hal_timebase_tim.o
 .debug_aranges
                0x0000000000001470       0x50 Src/stm32f1xx_it.o
 .debug_aranges
                0x00000000000014c0       0x28 Src/system_stm32f1xx.o
 .debug_aranges
                0x00000000000014e8       0x28 Startup/startup_stm32f103c8tx.o

.debug_ranges   0x0000000000000000     0x1338
 .debug_ranges  0x0000000000000000       0xd0 Drivers/STM32F1xx_HAL_Driver/Src/stm32f1xx_hal.o
 .debug_ranges  0x00000000000000d0       0xe0 Drivers/STM32F1xx_HAL_Driver/Src/stm32f1xx_hal_adc.o
 .debug_ranges  0x00000000000001b0       0xf0 Drivers/STM32F1xx_HAL_Driver/Src/stm32f1xx_hal_cortex.o
 .debug_ranges  0x00000000000002a0       0x48 Drivers/STM32F1xx_HAL_Driver/Src/stm32f1xx_hal_gpio.o
 .debug_ranges  0x00000000000002e8       0x98 Drivers/STM32F1xx_HAL_Driver/Src/stm32f1xx_hal_pwr.o
 .debug_ranges  0x0000000000000380       0x80 Drivers/STM32F1xx_HAL_Driver/Src/stm32f1xx_hal_rcc.o
 .debug_ranges  0x0000000000000400       0x20 Drivers/STM32F1xx_HAL_Driver/Src/stm32f1xx_hal_rcc_ex.o
 .debug_ranges  0x0000000000000420       0xe8 Drivers/STM32F1xx_HAL_Driver/Src/stm32f1xx_hal_rtc.o
 .debug_ranges  0x0000000000000508      0x398 Drivers/STM32F1xx_HAL_Driver/Src/stm32f1xx_hal_tim.o
 .debug_ranges  0x00000000000008a0      0x140 Drivers/STM32F1xx_HAL_Driver/Src/stm32f1xx_hal_tim_ex.o
 .debug_ranges  0x00000000000009e0      0x1c8 Middlewares/Third_Party/FreeRTOS/Source/CMSIS_RTOS/cmsis_os.o
 .debug_ranges  0x0000000000000ba8       0x30 Middlewares/Third_Party/FreeRTOS/Source/list.o
 .debug_ranges  0x0000000000000bd8       0xe8 Middlewares/Third_Party/FreeRTOS/Source/queue.o
 .debug_ranges  0x0000000000000cc0      0x190 Middlewares/Third_Party/FreeRTOS/Source/tasks.o
 .debug_ranges  0x0000000000000e50       0x68 Middlewares/Third_Party/FreeRTOS/Source/portable/GCC/ARM_CM3/port.o
 .debug_ranges  0x0000000000000eb8       0x40 Middlewares/Third_Party/FreeRTOS/Source/portable/MemMang/heap_4.o
 .debug_ranges  0x0000000000000ef8       0x38 Src/ARM_inits.o
 .debug_ranges  0x0000000000000f30       0x28 Src/Botao1FSM.o
 .debug_ranges  0x0000000000000f58       0x78 Src/Interpreter1FSM.o
 .debug_ranges  0x0000000000000fd0       0x60 Src/MenuFSM.o
 .debug_ranges  0x0000000000001030       0xb8 Src/NOKIA5110_fb.o
 .debug_ranges  0x00000000000010e8       0x90 Src/P1_FSM.o
 .debug_ranges  0x0000000000001178       0x90 Src/P1_ViewFSM.o
 .debug_ranges  0x0000000000001208       0x28 Src/delay.o
 .debug_ranges  0x0000000000001230       0x40 Src/main.o
 .debug_ranges  0x0000000000001270       0x30 Src/stm32f1xx_hal_msp.o
 .debug_ranges  0x00000000000012a0       0x20 Src/stm32f1xx_hal_timebase_tim.o
 .debug_ranges  0x00000000000012c0       0x40 Src/stm32f1xx_it.o
 .debug_ranges  0x0000000000001300       0x18 Src/system_stm32f1xx.o
 .debug_ranges  0x0000000000001318       0x20 Startup/startup_stm32f103c8tx.o

.debug_macro    0x0000000000000000    0x1874a
 .debug_macro   0x0000000000000000      0x1dc Drivers/STM32F1xx_HAL_Driver/Src/stm32f1xx_hal.o
 .debug_macro   0x00000000000001dc      0xa5a Drivers/STM32F1xx_HAL_Driver/Src/stm32f1xx_hal.o
 .debug_macro   0x0000000000000c36      0x221 Drivers/STM32F1xx_HAL_Driver/Src/stm32f1xx_hal.o
 .debug_macro   0x0000000000000e57       0x2e Drivers/STM32F1xx_HAL_Driver/Src/stm32f1xx_hal.o
 .debug_macro   0x0000000000000e85       0x22 Drivers/STM32F1xx_HAL_Driver/Src/stm32f1xx_hal.o
 .debug_macro   0x0000000000000ea7       0x22 Drivers/STM32F1xx_HAL_Driver/Src/stm32f1xx_hal.o
 .debug_macro   0x0000000000000ec9       0x8e Drivers/STM32F1xx_HAL_Driver/Src/stm32f1xx_hal.o
 .debug_macro   0x0000000000000f57       0x51 Drivers/STM32F1xx_HAL_Driver/Src/stm32f1xx_hal.o
 .debug_macro   0x0000000000000fa8       0xef Drivers/STM32F1xx_HAL_Driver/Src/stm32f1xx_hal.o
 .debug_macro   0x0000000000001097       0x6a Drivers/STM32F1xx_HAL_Driver/Src/stm32f1xx_hal.o
 .debug_macro   0x0000000000001101      0x1df Drivers/STM32F1xx_HAL_Driver/Src/stm32f1xx_hal.o
 .debug_macro   0x00000000000012e0       0x1c Drivers/STM32F1xx_HAL_Driver/Src/stm32f1xx_hal.o
 .debug_macro   0x00000000000012fc       0x22 Drivers/STM32F1xx_HAL_Driver/Src/stm32f1xx_hal.o
 .debug_macro   0x000000000000131e       0xc3 Drivers/STM32F1xx_HAL_Driver/Src/stm32f1xx_hal.o
 .debug_macro   0x00000000000013e1      0xd23 Drivers/STM32F1xx_HAL_Driver/Src/stm32f1xx_hal.o
 .debug_macro   0x0000000000002104     0xe09e Drivers/STM32F1xx_HAL_Driver/Src/stm32f1xx_hal.o
 .debug_macro   0x00000000000101a2       0x43 Drivers/STM32F1xx_HAL_Driver/Src/stm32f1xx_hal.o
 .debug_macro   0x00000000000101e5      0x174 Drivers/STM32F1xx_HAL_Driver/Src/stm32f1xx_hal.o
 .debug_macro   0x0000000000010359       0x5a Drivers/STM32F1xx_HAL_Driver/Src/stm32f1xx_hal.o
 .debug_macro   0x00000000000103b3      0x5be Drivers/STM32F1xx_HAL_Driver/Src/stm32f1xx_hal.o
 .debug_macro   0x0000000000010971      0x289 Drivers/STM32F1xx_HAL_Driver/Src/stm32f1xx_hal.o
 .debug_macro   0x0000000000010bfa      0x1cb Drivers/STM32F1xx_HAL_Driver/Src/stm32f1xx_hal.o
 .debug_macro   0x0000000000010dc5      0x114 Drivers/STM32F1xx_HAL_Driver/Src/stm32f1xx_hal.o
 .debug_macro   0x0000000000010ed9      0x1b2 Drivers/STM32F1xx_HAL_Driver/Src/stm32f1xx_hal.o
 .debug_macro   0x000000000001108b       0x27 Drivers/STM32F1xx_HAL_Driver/Src/stm32f1xx_hal.o
 .debug_macro   0x00000000000110b2      0x136 Drivers/STM32F1xx_HAL_Driver/Src/stm32f1xx_hal.o
 .debug_macro   0x00000000000111e8      0x1bc Drivers/STM32F1xx_HAL_Driver/Src/stm32f1xx_hal.o
 .debug_macro   0x00000000000113a4       0x34 Drivers/STM32F1xx_HAL_Driver/Src/stm32f1xx_hal.o
 .debug_macro   0x00000000000113d8       0x3c Drivers/STM32F1xx_HAL_Driver/Src/stm32f1xx_hal.o
 .debug_macro   0x0000000000011414       0x57 Drivers/STM32F1xx_HAL_Driver/Src/stm32f1xx_hal.o
 .debug_macro   0x000000000001146b      0x46a Drivers/STM32F1xx_HAL_Driver/Src/stm32f1xx_hal.o
 .debug_macro   0x00000000000118d5      0x1b5 Drivers/STM32F1xx_HAL_Driver/Src/stm32f1xx_hal.o
 .debug_macro   0x0000000000011a8a       0x88 Drivers/STM32F1xx_HAL_Driver/Src/stm32f1xx_hal.o
 .debug_macro   0x0000000000011b12      0x241 Drivers/STM32F1xx_HAL_Driver/Src/stm32f1xx_hal.o
 .debug_macro   0x0000000000011d53      0x141 Drivers/STM32F1xx_HAL_Driver/Src/stm32f1xx_hal.o
 .debug_macro   0x0000000000011e94      0x1ef Drivers/STM32F1xx_HAL_Driver/Src/stm32f1xx_hal.o
 .debug_macro   0x0000000000012083       0xec Drivers/STM32F1xx_HAL_Driver/Src/stm32f1xx_hal.o
 .debug_macro   0x000000000001216f      0x88b Drivers/STM32F1xx_HAL_Driver/Src/stm32f1xx_hal.o
 .debug_macro   0x00000000000129fa       0x83 Drivers/STM32F1xx_HAL_Driver/Src/stm32f1xx_hal.o
 .debug_macro   0x0000000000012a7d      0x1d5 Drivers/STM32F1xx_HAL_Driver/Src/stm32f1xx_hal_adc.o
 .debug_macro   0x0000000000012c52      0x1b8 Drivers/STM32F1xx_HAL_Driver/Src/stm32f1xx_hal_cortex.o
 .debug_macro   0x0000000000012e0a      0x223 Drivers/STM32F1xx_HAL_Driver/Src/stm32f1xx_hal_gpio.o
 .debug_macro   0x000000000001302d      0x218 Drivers/STM32F1xx_HAL_Driver/Src/stm32f1xx_hal_pwr.o
 .debug_macro   0x0000000000013245      0x1ca Drivers/STM32F1xx_HAL_Driver/Src/stm32f1xx_hal_rcc.o
 .debug_macro   0x000000000001340f      0x1b8 Drivers/STM32F1xx_HAL_Driver/Src/stm32f1xx_hal_rcc_ex.o
 .debug_macro   0x00000000000135c7      0x1c7 Drivers/STM32F1xx_HAL_Driver/Src/stm32f1xx_hal_rtc.o
 .debug_macro   0x000000000001378e      0x1b9 Drivers/STM32F1xx_HAL_Driver/Src/stm32f1xx_hal_tim.o
 .debug_macro   0x0000000000013947      0x1b8 Drivers/STM32F1xx_HAL_Driver/Src/stm32f1xx_hal_tim_ex.o
 .debug_macro   0x0000000000013aff      0x1f1 Middlewares/Third_Party/FreeRTOS/Source/CMSIS_RTOS/cmsis_os.o
 .debug_macro   0x0000000000013cf0       0x40 Middlewares/Third_Party/FreeRTOS/Source/CMSIS_RTOS/cmsis_os.o
 .debug_macro   0x0000000000013d30       0x18 Middlewares/Third_Party/FreeRTOS/Source/CMSIS_RTOS/cmsis_os.o
 .debug_macro   0x0000000000013d48       0x94 Middlewares/Third_Party/FreeRTOS/Source/CMSIS_RTOS/cmsis_os.o
 .debug_macro   0x0000000000013ddc       0x3c Middlewares/Third_Party/FreeRTOS/Source/CMSIS_RTOS/cmsis_os.o
 .debug_macro   0x0000000000013e18       0x34 Middlewares/Third_Party/FreeRTOS/Source/CMSIS_RTOS/cmsis_os.o
 .debug_macro   0x0000000000013e4c       0x57 Middlewares/Third_Party/FreeRTOS/Source/CMSIS_RTOS/cmsis_os.o
 .debug_macro   0x0000000000013ea3       0x52 Middlewares/Third_Party/FreeRTOS/Source/CMSIS_RTOS/cmsis_os.o
 .debug_macro   0x0000000000013ef5       0x1f Middlewares/Third_Party/FreeRTOS/Source/CMSIS_RTOS/cmsis_os.o
 .debug_macro   0x0000000000013f14       0x43 Middlewares/Third_Party/FreeRTOS/Source/CMSIS_RTOS/cmsis_os.o
 .debug_macro   0x0000000000013f57       0x20 Middlewares/Third_Party/FreeRTOS/Source/CMSIS_RTOS/cmsis_os.o
 .debug_macro   0x0000000000013f77      0x1a3 Middlewares/Third_Party/FreeRTOS/Source/CMSIS_RTOS/cmsis_os.o
 .debug_macro   0x000000000001411a      0x330 Middlewares/Third_Party/FreeRTOS/Source/CMSIS_RTOS/cmsis_os.o
 .debug_macro   0x000000000001444a       0x10 Middlewares/Third_Party/FreeRTOS/Source/CMSIS_RTOS/cmsis_os.o
 .debug_macro   0x000000000001445a       0x35 Middlewares/Third_Party/FreeRTOS/Source/CMSIS_RTOS/cmsis_os.o
 .debug_macro   0x000000000001448f       0x20 Middlewares/Third_Party/FreeRTOS/Source/CMSIS_RTOS/cmsis_os.o
 .debug_macro   0x00000000000144af       0xd6 Middlewares/Third_Party/FreeRTOS/Source/CMSIS_RTOS/cmsis_os.o
 .debug_macro   0x0000000000014585      0x15a Middlewares/Third_Party/FreeRTOS/Source/CMSIS_RTOS/cmsis_os.o
 .debug_macro   0x00000000000146df       0xd7 Middlewares/Third_Party/FreeRTOS/Source/CMSIS_RTOS/cmsis_os.o
 .debug_macro   0x00000000000147b6       0x10 Middlewares/Third_Party/FreeRTOS/Source/CMSIS_RTOS/cmsis_os.o
 .debug_macro   0x00000000000147c6       0x1f Middlewares/Third_Party/FreeRTOS/Source/CMSIS_RTOS/cmsis_os.o
 .debug_macro   0x00000000000147e5      0x4b7 Middlewares/Third_Party/FreeRTOS/Source/CMSIS_RTOS/cmsis_os.o
 .debug_macro   0x0000000000014c9c       0xb5 Middlewares/Third_Party/FreeRTOS/Source/CMSIS_RTOS/cmsis_os.o
 .debug_macro   0x0000000000014d51       0x8c Middlewares/Third_Party/FreeRTOS/Source/CMSIS_RTOS/cmsis_os.o
 .debug_macro   0x0000000000014ddd       0x91 Middlewares/Third_Party/FreeRTOS/Source/CMSIS_RTOS/cmsis_os.o
 .debug_macro   0x0000000000014e6e       0x86 Middlewares/Third_Party/FreeRTOS/Source/CMSIS_RTOS/cmsis_os.o
 .debug_macro   0x0000000000014ef4       0x69 Middlewares/Third_Party/FreeRTOS/Source/CMSIS_RTOS/cmsis_os.o
 .debug_macro   0x0000000000014f5d       0x19 Middlewares/Third_Party/FreeRTOS/Source/CMSIS_RTOS/cmsis_os.o
 .debug_macro   0x0000000000014f76       0xcf Middlewares/Third_Party/FreeRTOS/Source/CMSIS_RTOS/cmsis_os.o
 .debug_macro   0x0000000000015045       0xab Middlewares/Third_Party/FreeRTOS/Source/CMSIS_RTOS/cmsis_os.o
 .debug_macro   0x00000000000150f0      0x17a Middlewares/Third_Party/FreeRTOS/Source/list.o
 .debug_macro   0x000000000001526a      0x205 Middlewares/Third_Party/FreeRTOS/Source/queue.o
 .debug_macro   0x000000000001546f       0x16 Middlewares/Third_Party/FreeRTOS/Source/queue.o
 .debug_macro   0x0000000000015485      0x273 Middlewares/Third_Party/FreeRTOS/Source/tasks.o
 .debug_macro   0x00000000000156f8       0x10 Middlewares/Third_Party/FreeRTOS/Source/tasks.o
 .debug_macro   0x0000000000015708      0x172 Middlewares/Third_Party/FreeRTOS/Source/portable/GCC/ARM_CM3/port.o
 .debug_macro   0x000000000001587a      0x1a1 Middlewares/Third_Party/FreeRTOS/Source/portable/MemMang/heap_4.o
 .debug_macro   0x0000000000015a1b      0x343 Src/ARM_inits.o
 .debug_macro   0x0000000000015d5e      0x32a Src/ARM_inits.o
 .debug_macro   0x0000000000016088       0x58 Src/ARM_inits.o
 .debug_macro   0x00000000000160e0       0xd6 Src/ARM_inits.o
 .debug_macro   0x00000000000161b6      0x3af Src/Botao1FSM.o
 .debug_macro   0x0000000000016565       0x10 Src/Botao1FSM.o
 .debug_macro   0x0000000000016575       0x2e Src/Botao1FSM.o
 .debug_macro   0x00000000000165a3       0x10 Src/Botao1FSM.o
 .debug_macro   0x00000000000165b3       0x52 Src/Botao1FSM.o
 .debug_macro   0x0000000000016605      0x3b5 Src/Interpreter1FSM.o
 .debug_macro   0x00000000000169ba       0x22 Src/Interpreter1FSM.o
 .debug_macro   0x00000000000169dc      0x3b0 Src/MenuFSM.o
 .debug_macro   0x0000000000016d8c      0x39e Src/NOKIA5110_fb.o
 .debug_macro   0x000000000001712a      0x3b0 Src/P1_FSM.o
 .debug_macro   0x00000000000174da      0x3b6 Src/P1_ViewFSM.o
 .debug_macro   0x0000000000017890      0x1b8 Src/delay.o
 .debug_macro   0x0000000000017a48      0x40a Src/main.o
 .debug_macro   0x0000000000017e52      0x288 Src/stm32f1xx_hal_msp.o
 .debug_macro   0x00000000000180da      0x1b8 Src/stm32f1xx_hal_timebase_tim.o
 .debug_macro   0x0000000000018292      0x2fa Src/stm32f1xx_it.o
 .debug_macro   0x000000000001858c      0x1be Src/system_stm32f1xx.o

.debug_line     0x0000000000000000    0x12ba1
 .debug_line    0x0000000000000000      0x854 Drivers/STM32F1xx_HAL_Driver/Src/stm32f1xx_hal.o
 .debug_line    0x0000000000000854      0xba6 Drivers/STM32F1xx_HAL_Driver/Src/stm32f1xx_hal_adc.o
 .debug_line    0x00000000000013fa      0x92d Drivers/STM32F1xx_HAL_Driver/Src/stm32f1xx_hal_cortex.o
 .debug_line    0x0000000000001d27      0x854 Drivers/STM32F1xx_HAL_Driver/Src/stm32f1xx_hal_gpio.o
 .debug_line    0x000000000000257b      0x7f9 Drivers/STM32F1xx_HAL_Driver/Src/stm32f1xx_hal_pwr.o
 .debug_line    0x0000000000002d74      0x916 Drivers/STM32F1xx_HAL_Driver/Src/stm32f1xx_hal_rcc.o
 .debug_line    0x000000000000368a      0x734 Drivers/STM32F1xx_HAL_Driver/Src/stm32f1xx_hal_rcc_ex.o
 .debug_line    0x0000000000003dbe      0xb01 Drivers/STM32F1xx_HAL_Driver/Src/stm32f1xx_hal_rtc.o
 .debug_line    0x00000000000048bf     0x171a Drivers/STM32F1xx_HAL_Driver/Src/stm32f1xx_hal_tim.o
 .debug_line    0x0000000000005fd9      0xc67 Drivers/STM32F1xx_HAL_Driver/Src/stm32f1xx_hal_tim_ex.o
 .debug_line    0x0000000000006c40      0xca2 Middlewares/Third_Party/FreeRTOS/Source/CMSIS_RTOS/cmsis_os.o
 .debug_line    0x00000000000078e2      0x666 Middlewares/Third_Party/FreeRTOS/Source/list.o
 .debug_line    0x0000000000007f48      0xea4 Middlewares/Third_Party/FreeRTOS/Source/queue.o
 .debug_line    0x0000000000008dec     0x10eb Middlewares/Third_Party/FreeRTOS/Source/tasks.o
 .debug_line    0x0000000000009ed7      0x658 Middlewares/Third_Party/FreeRTOS/Source/portable/GCC/ARM_CM3/port.o
 .debug_line    0x000000000000a52f      0x74c Middlewares/Third_Party/FreeRTOS/Source/portable/MemMang/heap_4.o
 .debug_line    0x000000000000ac7b      0x9d7 Src/ARM_inits.o
 .debug_line    0x000000000000b652      0xa0e Src/Botao1FSM.o
 .debug_line    0x000000000000c060      0xb1c Src/Interpreter1FSM.o
 .debug_line    0x000000000000cb7c      0xaa8 Src/MenuFSM.o
 .debug_line    0x000000000000d624      0xe95 Src/NOKIA5110_fb.o
 .debug_line    0x000000000000e4b9      0xb68 Src/P1_FSM.o
 .debug_line    0x000000000000f021      0xaf8 Src/P1_ViewFSM.o
 .debug_line    0x000000000000fb19      0x6a7 Src/delay.o
 .debug_line    0x00000000000101c0      0xaa3 Src/main.o
 .debug_line    0x0000000000010c63      0x820 Src/stm32f1xx_hal_msp.o
 .debug_line    0x0000000000011483      0x6aa Src/stm32f1xx_hal_timebase_tim.o
 .debug_line    0x0000000000011b2d      0x94e Src/stm32f1xx_it.o
 .debug_line    0x000000000001247b      0x6a7 Src/system_stm32f1xx.o
 .debug_line    0x0000000000012b22       0x7f Startup/startup_stm32f103c8tx.o

.debug_str      0x0000000000000000    0x7eceb
 .debug_str     0x0000000000000000    0x6f51b Drivers/STM32F1xx_HAL_Driver/Src/stm32f1xx_hal.o
                                      0x6f85b (size before relaxing)
 .debug_str     0x000000000006f51b      0x667 Drivers/STM32F1xx_HAL_Driver/Src/stm32f1xx_hal_adc.o
                                      0x6f860 (size before relaxing)
 .debug_str     0x000000000006fb82      0x31d Drivers/STM32F1xx_HAL_Driver/Src/stm32f1xx_hal_cortex.o
                                      0x6f869 (size before relaxing)
 .debug_str     0x000000000006fe9f      0x3a9 Drivers/STM32F1xx_HAL_Driver/Src/stm32f1xx_hal_gpio.o
                                      0x6f594 (size before relaxing)
 .debug_str     0x0000000000070248      0x519 Drivers/STM32F1xx_HAL_Driver/Src/stm32f1xx_hal_pwr.o
                                      0x6f733 (size before relaxing)
 .debug_str     0x0000000000070761      0x367 Drivers/STM32F1xx_HAL_Driver/Src/stm32f1xx_hal_rcc.o
                                      0x6f5cd (size before relaxing)