NOKIA5110_fb.c:125:6:cmd_LCD	24	static
NOKIA5110_fb.c:146:6:data_LCD	24	static
NOKIA5110_fb.c:167:6:inic_LCD	24	static
NOKIA5110_fb.c:183:6:goto_XY	0	static
NOKIA5110_fb.c:191:6:escreve2fb	0	static
NOKIA5110_fb.c:199:6:imprime_LCD	32	static
NOKIA5110_fb.c:207:6:print_seguro	32	static
NOKIA5110_fb.c:235:7:caceta	0	static
NOKIA5110_fb.c:244:6:caractere_LCD	16	static
NOKIA5110_fb.c:260:6:string_LCD	28	static
NOKIA5110_fb.c:266:6:string_LCD_Nr	56	static
NOKIA5110_fb.c:298:6:limpa_LCD	32	static
NOKIA5110_fb.c:310:6:desenha_pixel	8	static
NOKIA5110_fb.c:330:6:desenha_linha	36	static
NOKIA5110_fb.c:409:6:desenha_circulo	56	static
NOKIA5110_fb.c:460:6:desenha_retangulo	104	static
NOKIA5110_fb.c:508:6:desenha_triangulo	56	static
NOKIA5110_fb.c:555:6:deleta_fig	28	static
NOKIA5110_fb.c:217:6:deleta_figura_seguro	16	static
NOKIA5110_fb.c:621:6:desenha_fig	56	static
NOKIA5110_fb.c:226:6:print_figura_seguro	16	static
NOKIA5110_fb.c:690:6:escreve_Nr_Peq	112	static
