NOKIA5110_fb.c:124:6:cmd_LCD	24	static
NOKIA5110_fb.c:145:6:data_LCD	24	static
NOKIA5110_fb.c:166:6:inic_LCD	24	static
NOKIA5110_fb.c:182:6:goto_XY	0	static
NOKIA5110_fb.c:190:6:escreve2fb	8	static
NOKIA5110_fb.c:198:6:imprime_LCD	32	static
NOKIA5110_fb.c:206:6:print_seguro	32	static
NOKIA5110_fb.c:258:6:caractere_LCD	16	static
NOKIA5110_fb.c:274:6:string_LCD	28	static
NOKIA5110_fb.c:280:6:string_LCD_Nr	56	static
NOKIA5110_fb.c:312:6:limpa_LCD	32	static
NOKIA5110_fb.c:324:6:desenha_pixel	8	static
NOKIA5110_fb.c:344:6:desenha_linha	36	static
NOKIA5110_fb.c:423:6:desenha_circulo	56	static
NOKIA5110_fb.c:474:6:desenha_retangulo	104	static
NOKIA5110_fb.c:522:6:desenha_triangulo	56	static
NOKIA5110_fb.c:569:6:deleta_fig	28	static
NOKIA5110_fb.c:216:6:deleta_figura_seguro	16	static
NOKIA5110_fb.c:637:6:deleta_fig_invertido	28	static
NOKIA5110_fb.c:225:6:deleta_figura_invertido_seguro	16	static
NOKIA5110_fb.c:704:6:desenha_fig	56	static
NOKIA5110_fb.c:235:6:print_figura_seguro	16	static
NOKIA5110_fb.c:773:6:desenha_fig_invertido	56	static
NOKIA5110_fb.c:244:6:print_figura_invertido_seguro	16	static
NOKIA5110_fb.c:843:6:escreve_Nr_Peq	112	static
