P1_FSM.c:30:6:Sm_P1_CLEAN	0	static
P1_FSM.c:37:6:Sm_P1_MENU	0	static
P1_FSM.c:47:6:Sm_P1_RoundStart	0	static
P1_FSM.c:285:6:Sm_P1_Dead	0	static
P1_FSM.c:193:6:Sm_P1_ATK1	8	static
P1_FSM.c:202:6:Sm_P1_ATK2	8	static
P1_FSM.c:259:6:Sm_P1_Hit	8	static
P1_FSM.c:269:6:Sm_P1_Block	8	static
P1_FSM.c:277:6:Sm_P1_Dying	8	static
P1_FSM.c:57:6:Sm_P1_Idle	0	static
P1_FSM.c:80:6:Sm_P1_Idle_Recover	0	static
P1_FSM.c:109:6:Sm_P1_Forward	8	static
P1_FSM.c:169:6:Sm_P1_Back	8	static
P1_FSM.c:151:6:Sm_P1_DashBack	8	static
P1_FSM.c:230:6:Sm_P1_ATK1_Recover	8	static
P1_FSM.c:212:6:Sm_P1_ATK2_Recover	8	static
P1_FSM.c:133:6:Sm_P1_DashForward	8	static
P1_FSM.c:293:6:Rodar_Maquina_P1	0	static
