P1_ViewFSM.c:32:6:Sm_P1View_CLEAN	8	static
P1_ViewFSM.c:41:6:Sm_P1View_MENU	0	static
P1_ViewFSM.c:45:6:Sm_P1View_RoundStart	16	static
P1_ViewFSM.c:52:6:Sm_P1View_Idle	8	static
P1_ViewFSM.c:62:6:Sm_P1View_Forward	8	static
P1_ViewFSM.c:71:6:Sm_P1View_DashForward	8	static
P1_ViewFSM.c:88:6:Sm_P1View_DashBack	8	static
P1_ViewFSM.c:98:6:Sm_P1View_Back	8	static
P1_ViewFSM.c:106:6:Sm_P1View_ATK1	8	static
P1_ViewFSM.c:124:6:Sm_P1View_ATK2	8	static
P1_ViewFSM.c:142:6:Sm_P1View_ATK2_Recover	8	static
P1_ViewFSM.c:149:6:Sm_P1View_ATK1_Recover	8	static
P1_ViewFSM.c:156:6:Sm_P1View_Hit	16	static
P1_ViewFSM.c:163:6:Sm_P1View_Block	16	static
P1_ViewFSM.c:169:6:Sm_P1View_Dying	8	static
P1_ViewFSM.c:175:6:Sm_P1View_Dead	16	static
P1_ViewFSM.c:57:6:Sm_P1View_Idle_Recover	8	static
P1_ViewFSM.c:182:6:Rodar_Maquina_P1View	0	static
