P2_FSM.c:35:6:Sm_P2_MENU	0	static
P2_FSM.c:45:6:Sm_P2_RoundStart	0	static
P2_FSM.c:268:6:Sm_P2_Dead	0	static
P2_FSM.c:31:6:Sm_P2_CLEAN	0	static
P2_FSM.c:127:6:Sm_P2_DashForward	8	static
P2_FSM.c:142:6:Sm_P2_DashBack	8	static
P2_FSM.c:176:6:Sm_P2_ATK1	8	static
P2_FSM.c:185:6:Sm_P2_ATK2	8	static
P2_FSM.c:242:6:Sm_P2_Hit	8	static
P2_FSM.c:252:6:Sm_P2_Block	8	static
P2_FSM.c:260:6:Sm_P2_Dying	8	static
P2_FSM.c:107:6:Sm_P2_Forward	8	static
P2_FSM.c:158:6:Sm_P2_Back	8	static
P2_FSM.c:55:6:Sm_P2_Idle	0	static
P2_FSM.c:78:6:Sm_P2_Idle_Recover	0	static
P2_FSM.c:213:6:Sm_P2_ATK1_Recover	8	static
P2_FSM.c:195:6:Sm_P2_ATK2_Recover	8	static
P2_FSM.c:276:6:Rodar_Maquina_P2	0	static
