P2_ViewFSM.c:32:6:Sm_P2View_CLEAN	8	static
P2_ViewFSM.c:39:6:Sm_P2View_MENU	0	static
P2_ViewFSM.c:43:6:Sm_P2View_RoundStart	16	static
P2_ViewFSM.c:49:6:Sm_P2View_Idle	8	static
P2_ViewFSM.c:59:6:Sm_P2View_Forward	8	static
P2_ViewFSM.c:68:6:Sm_P2View_DashForward	8	static
P2_ViewFSM.c:84:6:Sm_P2View_DashBack	8	static
P2_ViewFSM.c:99:6:Sm_P2View_Back	8	static
P2_ViewFSM.c:107:6:Sm_P2View_ATK1	8	static
P2_ViewFSM.c:125:6:Sm_P2View_ATK2	8	static
P2_ViewFSM.c:143:6:Sm_P2View_ATK2_Recover	8	static
P2_ViewFSM.c:150:6:Sm_P2View_ATK1_Recover	8	static
P2_ViewFSM.c:157:6:Sm_P2View_Hit	16	static
P2_ViewFSM.c:164:6:Sm_P2View_Block	16	static
P2_ViewFSM.c:170:6:Sm_P2View_Dying	8	static
P2_ViewFSM.c:176:6:Sm_P2View_Dead	16	static
P2_ViewFSM.c:54:6:Sm_P2View_Idle_Recover	8	static
P2_ViewFSM.c:184:6:Rodar_Maquina_P2View	0	static
