P2_ViewFSM.c:32:6:Sm_P2View_CLEAN	8	static
P2_ViewFSM.c:39:6:Sm_P2View_MENU	0	static
P2_ViewFSM.c:43:6:Sm_P2View_RoundStart	16	static
P2_ViewFSM.c:51:6:Sm_P2View_Idle	8	static
P2_ViewFSM.c:61:6:Sm_P2View_Forward	8	static
P2_ViewFSM.c:70:6:Sm_P2View_DashForward	8	static
P2_ViewFSM.c:86:6:Sm_P2View_DashBack	8	static
P2_ViewFSM.c:101:6:Sm_P2View_Back	8	static
P2_ViewFSM.c:109:6:Sm_P2View_ATK1	8	static
P2_ViewFSM.c:127:6:Sm_P2View_ATK2	8	static
P2_ViewFSM.c:145:6:Sm_P2View_ATK2_Recover	8	static
P2_ViewFSM.c:152:6:Sm_P2View_ATK1_Recover	8	static
P2_ViewFSM.c:159:6:Sm_P2View_Hit	16	static
P2_ViewFSM.c:166:6:Sm_P2View_Block	16	static
P2_ViewFSM.c:172:6:Sm_P2View_Dying	8	static
P2_ViewFSM.c:178:6:Sm_P2View_Dead	16	static
P2_ViewFSM.c:56:6:Sm_P2View_Idle_Recover	8	static
P2_ViewFSM.c:186:6:Rodar_Maquina_P2View	0	static
