Archive member included to satisfy reference by file (symbol)

c:/st/stm32cubeide_1.0.2/stm32cubeide/plugins/com.st.stm32cube.ide.mcu.externaltools.gnu-tools-for-stm32.7-2018-q2-update.win32_1.0.0.201904181610/tools/bin/../lib/gcc/arm-none-eabi/7.3.1/../../../../arm-none-eabi/lib/thumb/v7-m\libc_nano.a(lib_a-errno.o)
                              Src/syscalls.o (__errno)
c:/st/stm32cubeide_1.0.2/stm32cubeide/plugins/com.st.stm32cube.ide.mcu.externaltools.gnu-tools-for-stm32.7-2018-q2-update.win32_1.0.0.201904181610/tools/bin/../lib/gcc/arm-none-eabi/7.3.1/../../../../arm-none-eabi/lib/thumb/v7-m\libc_nano.a(lib_a-exit.o)
                              c:/st/stm32cubeide_1.0.2/stm32cubeide/plugins/com.st.stm32cube.ide.mcu.externaltools.gnu-tools-for-stm32.7-2018-q2-update.win32_1.0.0.201904181610/tools/bin/../lib/gcc/arm-none-eabi/7.3.1/../../../../arm-none-eabi/lib/thumb/v7-m/crt0.o (exit)
c:/st/stm32cubeide_1.0.2/stm32cubeide/plugins/com.st.stm32cube.ide.mcu.externaltools.gnu-tools-for-stm32.7-2018-q2-update.win32_1.0.0.201904181610/tools/bin/../lib/gcc/arm-none-eabi/7.3.1/../../../../arm-none-eabi/lib/thumb/v7-m\libc_nano.a(lib_a-impure.o)
                              c:/st/stm32cubeide_1.0.2/stm32cubeide/plugins/com.st.stm32cube.ide.mcu.externaltools.gnu-tools-for-stm32.7-2018-q2-update.win32_1.0.0.201904181610/tools/bin/../lib/gcc/arm-none-eabi/7.3.1/../../../../arm-none-eabi/lib/thumb/v7-m\libc_nano.a(lib_a-exit.o) (_global_impure_ptr)
c:/st/stm32cubeide_1.0.2/stm32cubeide/plugins/com.st.stm32cube.ide.mcu.externaltools.gnu-tools-for-stm32.7-2018-q2-update.win32_1.0.0.201904181610/tools/bin/../lib/gcc/arm-none-eabi/7.3.1/../../../../arm-none-eabi/lib/thumb/v7-m\libc_nano.a(lib_a-init.o)
                              c:/st/stm32cubeide_1.0.2/stm32cubeide/plugins/com.st.stm32cube.ide.mcu.externaltools.gnu-tools-for-stm32.7-2018-q2-update.win32_1.0.0.201904181610/tools/bin/../lib/gcc/arm-none-eabi/7.3.1/../../../../arm-none-eabi/lib/thumb/v7-m/crt0.o (__libc_init_array)
c:/st/stm32cubeide_1.0.2/stm32cubeide/plugins/com.st.stm32cube.ide.mcu.externaltools.gnu-tools-for-stm32.7-2018-q2-update.win32_1.0.0.201904181610/tools/bin/../lib/gcc/arm-none-eabi/7.3.1/../../../../arm-none-eabi/lib/thumb/v7-m\libc_nano.a(lib_a-memcpy-stub.o)
                              Middlewares/Third_Party/FreeRTOS/Source/queue.o (memcpy)
c:/st/stm32cubeide_1.0.2/stm32cubeide/plugins/com.st.stm32cube.ide.mcu.externaltools.gnu-tools-for-stm32.7-2018-q2-update.win32_1.0.0.201904181610/tools/bin/../lib/gcc/arm-none-eabi/7.3.1/../../../../arm-none-eabi/lib/thumb/v7-m\libc_nano.a(lib_a-memset.o)
                              c:/st/stm32cubeide_1.0.2/stm32cubeide/plugins/com.st.stm32cube.ide.mcu.externaltools.gnu-tools-for-stm32.7-2018-q2-update.win32_1.0.0.201904181610/tools/bin/../lib/gcc/arm-none-eabi/7.3.1/../../../../arm-none-eabi/lib/thumb/v7-m/crt0.o (memset)

Allocating common symbols
Common symbol       size              file

defaultTaskHandle   0x4               Src/main.o
InterpreterTaskHandle
                    0x4               Src/main.o
htim4               0x40              Src/stm32f1xx_hal_timebase_tim.o
hadc2               0x30              Src/ARM_inits.o
P2ViewHandle        0x4               Src/main.o
Bot1Handle          0x4               Src/main.o
uwTick              0x4               Drivers/STM32F1xx_HAL_Driver/Src/stm32f1xx_hal.o
xQueueRegistry      0x40              Middlewares/Third_Party/FreeRTOS/Source/queue.o
pFlash              0x20              Drivers/STM32F1xx_HAL_Driver/Src/stm32f1xx_hal_flash.o
P1ViewHandle        0x4               Src/main.o
botaoTaskHandle     0x4               Src/main.o
P2TaskHandle        0x4               Src/main.o
P1TaskHandle        0x4               Src/main.o
hadc1               0x30              Src/ARM_inits.o
tela                0x4               Middlewares/Third_Party/FreeRTOS/Source/CMSIS_RTOS/cmsis_os.o
input2              0x4               Middlewares/Third_Party/FreeRTOS/Source/CMSIS_RTOS/cmsis_os.o
hrtc                0x14              Src/ARM_inits.o
MenuTaskHandle      0x4               Src/main.o
input1              0x4               Middlewares/Third_Party/FreeRTOS/Source/CMSIS_RTOS/cmsis_os.o

Discarded input sections

 .text          0x0000000000000000        0x0 c:/st/stm32cubeide_1.0.2/stm32cubeide/plugins/com.st.stm32cube.ide.mcu.externaltools.gnu-tools-for-stm32.7-2018-q2-update.win32_1.0.0.201904181610/tools/bin/../lib/gcc/arm-none-eabi/7.3.1/thumb/v7-m/crti.o
 .data          0x0000000000000000        0x0 c:/st/stm32cubeide_1.0.2/stm32cubeide/plugins/com.st.stm32cube.ide.mcu.externaltools.gnu-tools-for-stm32.7-2018-q2-update.win32_1.0.0.201904181610/tools/bin/../lib/gcc/arm-none-eabi/7.3.1/thumb/v7-m/crti.o
[...]
Memory Configuration

Name             Origin             Length             Attributes
RAM              0x0000000020000000 0x0000000000005000 xrw
FLASH            0x0000000008000000 0x0000000000010000 xr
*default*        0x0000000000000000 0xffffffffffffffff

Linker script and memory map

LOAD c:/st/stm32cubeide_1.0.2/stm32cubeide/plugins/com.st.stm32cube.ide.mcu.externaltools.gnu-tools-for-stm32.7-2018-q2-update.win32_1.0.0.201904181610/tools/bin/../lib/gcc/arm-none-eabi/7.3.1/thumb/v7-m/crti.o
LOAD c:/st/stm32cubeide_1.0.2/stm32cubeide/plugins/com.st.stm32cube.ide.mcu.externaltools.gnu-tools-for-stm32.7-2018-q2-update.win32_1.0.0.201904181610/tools/bin/../lib/gcc/arm-none-eabi/7.3.1/thumb/v7-m/crtbegin.o
LOAD c:/st/stm32cubeide_1.0.2/stm32cubeide/plugins/com.st.stm32cube.ide.mcu.externaltools.gnu-tools-for-stm32.7-2018-q2-update.win32_1.0.0.201904181610/tools/bin/../lib/gcc/arm-none-eabi/7.3.1/../../../../arm-none-eabi/lib/thumb/v7-m/crt0.o
LOAD Drivers/STM32F1xx_HAL_Driver/Src/stm32f1xx_hal.o
LOAD Drivers/STM32F1xx_HAL_Driver/Src/stm32f1xx_hal_adc.o
LOAD Drivers/STM32F1xx_HAL_Driver/Src/stm32f1xx_hal_adc_ex.o
LOAD Drivers/STM32F1xx_HAL_Driver/Src/stm32f1xx_hal_cortex.o
LOAD Drivers/STM32F1xx_HAL_Driver/Src/stm32f1xx_hal_dma.o
LOAD Drivers/STM32F1xx_HAL_Driver/Src/stm32f1xx_hal_exti.o
LOAD Drivers/STM32F1xx_HAL_Driver/Src/stm32f1xx_hal_flash.o
LOAD Drivers/STM32F1xx_HAL_Driver/Src/stm32f1xx_hal_flash_ex.o
LOAD Drivers/STM32F1xx_HAL_Driver/Src/stm32f1xx_hal_gpio.o
LOAD Drivers/STM32F1xx_HAL_Driver/Src/stm32f1xx_hal_gpio_ex.o
LOAD Drivers/STM32F1xx_HAL_Driver/Src/stm32f1xx_hal_pwr.o
LOAD Drivers/STM32F1xx_HAL_Driver/Src/stm32f1xx_hal_rcc.o
LOAD Drivers/STM32F1xx_HAL_Driver/Src/stm32f1xx_hal_rcc_ex.o
LOAD Drivers/STM32F1xx_HAL_Driver/Src/stm32f1xx_hal_rtc.o
LOAD Drivers/STM32F1xx_HAL_Driver/Src/stm32f1xx_hal_rtc_ex.o
LOAD Drivers/STM32F1xx_HAL_Driver/Src/stm32f1xx_hal_tim.o
LOAD Drivers/STM32F1xx_HAL_Driver/Src/stm32f1xx_hal_tim_ex.o
LOAD Middlewares/Third_Party/FreeRTOS/Source/CMSIS_RTOS/cmsis_os.o
LOAD Middlewares/Third_Party/FreeRTOS/Source/croutine.o
LOAD Middlewares/Third_Party/FreeRTOS/Source/event_groups.o
LOAD Middlewares/Third_Party/FreeRTOS/Source/list.o
LOAD Middlewares/Third_Party/FreeRTOS/Source/queue.o
LOAD Middlewares/Third_Party/FreeRTOS/Source/stream_buffer.o
LOAD Middlewares/Third_Party/FreeRTOS/Source/tasks.o
LOAD Middlewares/Third_Party/FreeRTOS/Source/timers.o
LOAD Middlewares/Third_Party/FreeRTOS/Source/portable/GCC/ARM_CM3/port.o
LOAD Middlewares/Third_Party/FreeRTOS/Source/portable/MemMang/heap_4.o
LOAD Src/ARM_inits.o
LOAD Src/Bot.o
LOAD Src/Botao1FSM.o
LOAD Src/Detector.o
LOAD Src/Interpreter1FSM.o
LOAD Src/MenuFSM.o
LOAD Src/NOKIA5110_fb.o
LOAD Src/P1_FSM.o
LOAD Src/P1_ViewFSM.o
LOAD Src/P2_FSM.o
LOAD Src/P2_ViewFSM.o
LOAD Src/delay.o
LOAD Src/figuras.o
LOAD Src/freertos.o
LOAD Src/main.o
LOAD Src/stm32f1xx_hal_msp.o
LOAD Src/stm32f1xx_hal_timebase_tim.o
LOAD Src/stm32f1xx_it.o
LOAD Src/syscalls.o
LOAD Src/sysmem.o
LOAD Src/system_stm32f1xx.o
LOAD Startup/startup_stm32f103c8tx.o
START GROUP
LOAD c:/st/stm32cubeide_1.0.2/stm32cubeide/plugins/com.st.stm32cube.ide.mcu.externaltools.gnu-tools-for-stm32.7-2018-q2-update.win32_1.0.0.201904181610/tools/bin/../lib/gcc/arm-none-eabi/7.3.1/../../../../arm-none-eabi/lib/thumb/v7-m\libstdc++_nano.a
LOAD c:/st/stm32cubeide_1.0.2/stm32cubeide/plugins/com.st.stm32cube.ide.mcu.externaltools.gnu-tools-for-stm32.7-2018-q2-update.win32_1.0.0.201904181610/tools/bin/../lib/gcc/arm-none-eabi/7.3.1/../../../../arm-none-eabi/lib/thumb/v7-m\libsupc++_nano.a
END GROUP
LOAD c:/st/stm32cubeide_1.0.2/stm32cubeide/plugins/com.st.stm32cube.ide.mcu.externaltools.gnu-tools-for-stm32.7-2018-q2-update.win32_1.0.0.201904181610/tools/bin/../lib/gcc/arm-none-eabi/7.3.1/../../../../arm-none-eabi/lib/thumb/v7-m\libstdc++_nano.a
LOAD c:/st/stm32cubeide_1.0.2/stm32cubeide/plugins/com.st.stm32cube.ide.mcu.externaltools.gnu-tools-for-stm32.7-2018-q2-update.win32_1.0.0.201904181610/tools/bin/../lib/gcc/arm-none-eabi/7.3.1/../../../../arm-none-eabi/lib/thumb/v7-m\libm.a
LOAD c:/st/stm32cubeide_1.0.2/stm32cubeide/plugins/com.st.stm32cube.ide.mcu.externaltools.gnu-tools-for-stm32.7-2018-q2-update.win32_1.0.0.201904181610/tools/bin/../lib/gcc/arm-none-eabi/7.3.1/../../../../arm-none-eabi/lib/thumb/v7-m\libc_nano.a
START GROUP
LOAD c:/st/stm32cubeide_1.0.2/stm32cubeide/plugins/com.st.stm32cube.ide.mcu.externaltools.gnu-tools-for-stm32.7-2018-q2-update.win32_1.0.0.201904181610/tools/bin/../lib/gcc/arm-none-eabi/7.3.1/thumb/v7-m\libgcc.a
LOAD c:/st/stm32cubeide_1.0.2/stm32cubeide/plugins/com.st.stm32cube.ide.mcu.externaltools.gnu-tools-for-stm32.7-2018-q2-update.win32_1.0.0.201904181610/tools/bin/../lib/gcc/arm-none-eabi/7.3.1/../../../../arm-none-eabi/lib/thumb/v7-m\libc_nano.a
END GROUP
START GROUP
LOAD c:/st/stm32cubeide_1.0.2/stm32cubeide/plugins/com.st.stm32cube.ide.mcu.externaltools.gnu-tools-for-stm32.7-2018-q2-update.win32_1.0.0.201904181610/tools/bin/../lib/gcc/arm-none-eabi/7.3.1/thumb/v7-m\libgcc.a
LOAD c:/st/stm32cubeide_1.0.2/stm32cubeide/plugins/com.st.stm32cube.ide.mcu.externaltools.gnu-tools-for-stm32.7-2018-q2-update.win32_1.0.0.201904181610/tools/bin/../lib/gcc/arm-none-eabi/7.3.1/../../../../arm-none-eabi/lib/thumb/v7-m\libc_nano.a
LOAD c:/st/stm32cubeide_1.0.2/stm32cubeide/plugins/com.st.stm32cube.ide.mcu.externaltools.gnu-tools-for-stm32.7-2018-q2-update.win32_1.0.0.201904181610/tools/bin/../lib/gcc/arm-none-eabi/7.3.1/../../../../arm-none-eabi/lib/thumb/v7-m\libnosys.a
END GROUP
START GROUP
LOAD c:/st/stm32cubeide_1.0.2/stm32cubeide/plugins/com.st.stm32cube.ide.mcu.externaltools.gnu-tools-for-stm32.7-2018-q2-update.win32_1.0.0.201904181610/tools/bin/../lib/gcc/arm-none-eabi/7.3.1/thumb/v7-m\libgcc.a
LOAD c:/st/stm32cubeide_1.0.2/stm32cubeide/plugins/com.st.stm32cube.ide.mcu.externaltools.gnu-tools-for-stm32.7-2018-q2-update.win32_1.0.0.201904181610/tools/bin/../lib/gcc/arm-none-eabi/7.3.1/../../../../arm-none-eabi/lib/thumb/v7-m\libc_nano.a
LOAD c:/st/stm32cubeide_1.0.2/stm32cubeide/plugins/com.st.stm32cube.ide.mcu.externaltools.gnu-tools-for-stm32.7-2018-q2-update.win32_1.0.0.201904181610/tools/bin/../lib/gcc/arm-none-eabi/7.3.1/../../../../arm-none-eabi/lib/thumb/v7-m\libnosys.a
END GROUP
LOAD c:/st/stm32cubeide_1.0.2/stm32cubeide/plugins/com.st.stm32cube.ide.mcu.externaltools.gnu-tools-for-stm32.7-2018-q2-update.win32_1.0.0.201904181610/tools/bin/../lib/gcc/arm-none-eabi/7.3.1/thumb/v7-m/crtend.o
LOAD c:/st/stm32cubeide_1.0.2/stm32cubeide/plugins/com.st.stm32cube.ide.mcu.externaltools.gnu-tools-for-stm32.7-2018-q2-update.win32_1.0.0.201904181610/tools/bin/../lib/gcc/arm-none-eabi/7.3.1/thumb/v7-m/crtn.o
                0x0000000020005000                _estack = 0x20005000
                0x0000000000000200                _Min_Heap_Size = 0x200
                0x0000000000000400                _Min_Stack_Size = 0x400

.isr_vector     0x0000000008000000      0x10c
                0x0000000008000000                . = ALIGN (0x4)
 *(.isr_vector)
 .isr_vector    0x0000000008000000      0x10c Startup/startup_stm32f103c8tx.o
                0x0000000008000000                g_pfnVectors
                0x000000000800010c                . = ALIGN (0x4)

.text           0x0000000008000110     0x595c
                0x0000000008000110                . = ALIGN (0x4)
 *(.text)
 .text          0x0000000008000110       0x40 c:/st/stm32cubeide_1.0.2/stm32cubeide/plugins/com.st.stm32cube.ide.mcu.externaltools.gnu-tools-for-stm32.7-2018-q2-update.win32_1.0.0.201904181610/tools/bin/../lib/gcc/arm-none-eabi/7.3.1/thumb/v7-m/crtbegin.o
 *(.text*)
 .text.HAL_Init
                0x0000000008000150       0x24 Drivers/STM32F1xx_HAL_Driver/Src/stm32f1xx_hal.o
                0x0000000008000150                HAL_Init
 .text.HAL_IncTick
                0x0000000008000174       0x18 Drivers/STM32F1xx_HAL_Driver/Src/stm32f1xx_hal.o
                0x0000000008000174                HAL_IncTick
 .text.HAL_GetTick
                0x000000000800018c        0xc Drivers/STM32F1xx_HAL_Driver/Src/stm32f1xx_hal.o
                0x000000000800018c                HAL_GetTick
 .text.HAL_ADC_Init
                0x0000000008000198      0x180 Drivers/STM32F1xx_HAL_Driver/Src/stm32f1xx_hal_adc.o
                0x0000000008000198                HAL_ADC_Init
 .text.HAL_ADC_Start
                0x0000000008000318      0x134 Drivers/STM32F1xx_HAL_Driver/Src/stm32f1xx_hal_adc.o
                0x0000000008000318                HAL_ADC_Start
 .text.HAL_ADC_PollForConversion
                0x000000000800044c      0x178 Drivers/STM32F1xx_HAL_Driver/Src/stm32f1xx_hal_adc.o
                0x000000000800044c                HAL_ADC_PollForConversion
 .text.HAL_ADC_GetValue
                0x00000000080005c4        0x8 Drivers/STM32F1xx_HAL_Driver/Src/stm32f1xx_hal_adc.o
                0x00000000080005c4                HAL_ADC_GetValue
 .text.HAL_ADC_ConfigChannel
                0x00000000080005cc      0x120 Drivers/STM32F1xx_HAL_Driver/Src/stm32f1xx_hal_adc.o
                0x00000000080005cc                HAL_ADC_ConfigChannel
 .text.HAL_NVIC_SetPriorityGrouping
                0x00000000080006ec       0x24 Drivers/STM32F1xx_HAL_Driver/Src/stm32f1xx_hal_cortex.o
                0x00000000080006ec                HAL_NVIC_SetPriorityGrouping
 .text.HAL_NVIC_SetPriority
                0x0000000008000710       0x6c Drivers/STM32F1xx_HAL_Driver/Src/stm32f1xx_hal_cortex.o
                0x0000000008000710                HAL_NVIC_SetPriority
 .text.HAL_NVIC_EnableIRQ
                0x000000000800077c       0x1c Drivers/STM32F1xx_HAL_Driver/Src/stm32f1xx_hal_cortex.o
                0x000000000800077c                HAL_NVIC_EnableIRQ
 .text.HAL_GPIO_Init
                0x0000000008000798      0x1f4 Drivers/STM32F1xx_HAL_Driver/Src/stm32f1xx_hal_gpio.o
                0x0000000008000798                HAL_GPIO_Init
 .text.HAL_GPIO_ReadPin
                0x000000000800098c        0xc Drivers/STM32F1xx_HAL_Driver/Src/stm32f1xx_hal_gpio.o
                0x000000000800098c                HAL_GPIO_ReadPin
 .text.HAL_GPIO_WritePin
                0x0000000008000998        0x8 Drivers/STM32F1xx_HAL_Driver/Src/stm32f1xx_hal_gpio.o
                0x0000000008000998                HAL_GPIO_WritePin
 .text.HAL_PWR_EnableBkUpAccess
                0x00000000080009a0        0xc Drivers/STM32F1xx_HAL_Driver/Src/stm32f1xx_hal_pwr.o
                0x00000000080009a0                HAL_PWR_EnableBkUpAccess
 .text.HAL_RCC_OscConfig
                0x00000000080009ac      0x3f0 Drivers/STM32F1xx_HAL_Driver/Src/stm32f1xx_hal_rcc.o
                0x00000000080009ac                HAL_RCC_OscConfig
 .text.HAL_RCC_ClockConfig
                0x0000000008000d9c      0x198 Drivers/STM32F1xx_HAL_Driver/Src/stm32f1xx_hal_rcc.o
                0x0000000008000d9c                HAL_RCC_ClockConfig
 .text.HAL_RCC_GetPCLK1Freq
                0x0000000008000f34       0x20 Drivers/STM32F1xx_HAL_Driver/Src/stm32f1xx_hal_rcc.o
                0x0000000008000f34                HAL_RCC_GetPCLK1Freq
 .text.HAL_RCC_GetPCLK2Freq
                0x0000000008000f54       0x20 Drivers/STM32F1xx_HAL_Driver/Src/stm32f1xx_hal_rcc.o
                0x0000000008000f54                HAL_RCC_GetPCLK2Freq
 .text.HAL_RCC_GetClockConfig
                0x0000000008000f74       0x40 Drivers/STM32F1xx_HAL_Driver/Src/stm32f1xx_hal_rcc.o
                0x0000000008000f74                HAL_RCC_GetClockConfig
 .text.HAL_RCCEx_PeriphCLKConfig
                0x0000000008000fb4      0x104 Drivers/STM32F1xx_HAL_Driver/Src/stm32f1xx_hal_rcc_ex.o
                0x0000000008000fb4                HAL_RCCEx_PeriphCLKConfig
 .text.HAL_RCCEx_GetPeriphCLKFreq
                0x00000000080010b8       0xf0 Drivers/STM32F1xx_HAL_Driver/Src/stm32f1xx_hal_rcc_ex.o
                0x00000000080010b8                HAL_RCCEx_GetPeriphCLKFreq
 .text.HAL_RTC_Init
                0x00000000080011a8       0xfc Drivers/STM32F1xx_HAL_Driver/Src/stm32f1xx_hal_rtc.o
                0x00000000080011a8                HAL_RTC_Init
 .text.HAL_TIM_Base_MspInit
                0x00000000080012a4        0x4 Drivers/STM32F1xx_HAL_Driver/Src/stm32f1xx_hal_tim.o
                0x00000000080012a4                HAL_TIM_Base_MspInit
 .text.HAL_TIM_Base_Init
                0x00000000080012a8       0x9c Drivers/STM32F1xx_HAL_Driver/Src/stm32f1xx_hal_tim.o
                0x00000000080012a8                HAL_TIM_Base_Init
 .text.HAL_TIM_Base_Start_IT
                0x0000000008001344       0x20 Drivers/STM32F1xx_HAL_Driver/Src/stm32f1xx_hal_tim.o
                0x0000000008001344                HAL_TIM_Base_Start_IT
 .text.HAL_TIM_OC_DelayElapsedCallback
                0x0000000008001364        0x4 Drivers/STM32F1xx_HAL_Driver/Src/stm32f1xx_hal_tim.o
                0x0000000008001364                HAL_TIM_OC_DelayElapsedCallback
 .text.HAL_TIM_IC_CaptureCallback
                0x0000000008001368        0x4 Drivers/STM32F1xx_HAL_Driver/Src/stm32f1xx_hal_tim.o
                0x0000000008001368                HAL_TIM_IC_CaptureCallback
 .text.HAL_TIM_PWM_PulseFinishedCallback
                0x000000000800136c        0x4 Drivers/STM32F1xx_HAL_Driver/Src/stm32f1xx_hal_tim.o
                0x000000000800136c                HAL_TIM_PWM_PulseFinishedCallback
 .text.HAL_TIM_TriggerCallback
                0x0000000008001370        0x4 Drivers/STM32F1xx_HAL_Driver/Src/stm32f1xx_hal_tim.o
                0x0000000008001370                HAL_TIM_TriggerCallback
 .text.HAL_TIM_IRQHandler
                0x0000000008001374      0x154 Drivers/STM32F1xx_HAL_Driver/Src/stm32f1xx_hal_tim.o
                0x0000000008001374                HAL_TIM_IRQHandler
 .text.HAL_TIMEx_CommutCallback
                0x00000000080014c8        0x4 Drivers/STM32F1xx_HAL_Driver/Src/stm32f1xx_hal_tim_ex.o
                0x00000000080014c8                HAL_TIMEx_CommutCallback
 .text.HAL_TIMEx_BreakCallback
                0x00000000080014cc        0x4 Drivers/STM32F1xx_HAL_Driver/Src/stm32f1xx_hal_tim_ex.o
                0x00000000080014cc                HAL_TIMEx_BreakCallback
 .text.osKernelStart
                0x00000000080014d0        0xc Middlewares/Third_Party/FreeRTOS/Source/CMSIS_RTOS/cmsis_os.o
                0x00000000080014d0                osKernelStart
 .text.osThreadCreate
                0x00000000080014dc       0x34 Middlewares/Third_Party/FreeRTOS/Source/CMSIS_RTOS/cmsis_os.o
                0x00000000080014dc                osThreadCreate
 .text.osDelay  0x0000000008001510       0x10 Middlewares/Third_Party/FreeRTOS/Source/CMSIS_RTOS/cmsis_os.o
                0x0000000008001510                osDelay
 .text.vListInitialise
                0x0000000008001520       0x18 Middlewares/Third_Party/FreeRTOS/Source/list.o
                0x0000000008001520                vListInitialise
 .text.vListInitialiseItem
                0x0000000008001538        0x8 Middlewares/Third_Party/FreeRTOS/Source/list.o
                0x0000000008001538                vListInitialiseItem
 .text.vListInsertEnd
                0x0000000008001540       0x1c Middlewares/Third_Party/FreeRTOS/Source/list.o
                0x0000000008001540                vListInsertEnd
 .text.vListInsert
                0x000000000800155c       0x34 Middlewares/Third_Party/FreeRTOS/Source/list.o
                0x000000000800155c                vListInsert
 .text.uxListRemove
                0x0000000008001590       0x28 Middlewares/Third_Party/FreeRTOS/Source/list.o
                0x0000000008001590                uxListRemove
 .text.prvUnlockQueue
                0x00000000080015b8       0x94 Middlewares/Third_Party/FreeRTOS/Source/queue.o
 .text.xQueueGenericCreate
                0x000000000800164c       0x88 Middlewares/Third_Party/FreeRTOS/Source/queue.o
                0x000000000800164c                xQueueGenericCreate
 .text.xQueueGenericSend
                0x00000000080016d4      0x324 Middlewares/Third_Party/FreeRTOS/Source/queue.o
                0x00000000080016d4                xQueueGenericSend
 .text.xQueueSemaphoreTake
                0x00000000080019f8      0x314 Middlewares/Third_Party/FreeRTOS/Source/queue.o
                0x00000000080019f8                xQueueSemaphoreTake
 .text.prvIdleTask
                0x0000000008001d0c       0x70 Middlewares/Third_Party/FreeRTOS/Source/tasks.o
 .text.prvAddCurrentTaskToDelayedList
                0x0000000008001d7c       0x8c Middlewares/Third_Party/FreeRTOS/Source/tasks.o
 .text.xTaskCreate
                0x0000000008001e08      0x26c Middlewares/Third_Party/FreeRTOS/Source/tasks.o
                0x0000000008001e08                xTaskCreate
 .text.vTaskStartScheduler
                0x0000000008002074      0x1e0 Middlewares/Third_Party/FreeRTOS/Source/tasks.o
                0x0000000008002074                vTaskStartScheduler
 .text.vTaskSuspendAll
                0x0000000008002254       0x10 Middlewares/Third_Party/FreeRTOS/Source/tasks.o
                0x0000000008002254                vTaskSuspendAll
 .text.xTaskIncrementTick
                0x0000000008002264      0x158 Middlewares/Third_Party/FreeRTOS/Source/tasks.o
                0x0000000008002264                xTaskIncrementTick
 .text.xTaskResumeAll
                0x00000000080023bc      0x114 Middlewares/Third_Party/FreeRTOS/Source/tasks.o
                0x00000000080023bc                xTaskResumeAll
 .text.vTaskDelay
                0x00000000080024d0       0x48 Middlewares/Third_Party/FreeRTOS/Source/tasks.o
                0x00000000080024d0                vTaskDelay
 .text.vTaskSwitchContext
                0x0000000008002518       0x7c Middlewares/Third_Party/FreeRTOS/Source/tasks.o
                0x0000000008002518                vTaskSwitchContext
 .text.vTaskPlaceOnEventList
                0x0000000008002594       0xa0 Middlewares/Third_Party/FreeRTOS/Source/tasks.o
                0x0000000008002594                vTaskPlaceOnEventList
 .text.xTaskRemoveFromEventList
                0x0000000008002634       0x8c Middlewares/Third_Party/FreeRTOS/Source/tasks.o
                0x0000000008002634                xTaskRemoveFromEventList
 .text.vTaskInternalSetTimeOutState
                0x00000000080026c0       0x18 Middlewares/Third_Party/FreeRTOS/Source/tasks.o
                0x00000000080026c0                vTaskInternalSetTimeOutState
 .text.xTaskCheckForTimeOut
                0x00000000080026d8       0x8c Middlewares/Third_Party/FreeRTOS/Source/tasks.o
                0x00000000080026d8                xTaskCheckForTimeOut
 .text.vTaskMissedYield
                0x0000000008002764        0xc Middlewares/Third_Party/FreeRTOS/Source/tasks.o
                0x0000000008002764                vTaskMissedYield
 .text.xTaskGetSchedulerState
                0x0000000008002770       0x20 Middlewares/Third_Party/FreeRTOS/Source/tasks.o
                0x0000000008002770                xTaskGetSchedulerState
 .text.xTaskPriorityInherit
                0x0000000008002790       0xac Middlewares/Third_Party/FreeRTOS/Source/tasks.o
                0x0000000008002790                xTaskPriorityInherit
 .text.xTaskPriorityDisinherit
                0x000000000800283c       0xb8 Middlewares/Third_Party/FreeRTOS/Source/tasks.o
                0x000000000800283c                xTaskPriorityDisinherit
 .text.vTaskPriorityDisinheritAfterTimeout
                0x00000000080028f4       0xbc Middlewares/Third_Party/FreeRTOS/Source/tasks.o
                0x00000000080028f4                vTaskPriorityDisinheritAfterTimeout
 .text.pvTaskIncrementMutexHeldCount
                0x00000000080029b0       0x18 Middlewares/Third_Party/FreeRTOS/Source/tasks.o
                0x00000000080029b0                pvTaskIncrementMutexHeldCount
 .text.prvTaskExitError
                0x00000000080029c8       0x40 Middlewares/Third_Party/FreeRTOS/Source/portable/GCC/ARM_CM3/port.o
 .text.unlikely.prvPortStartFirstTask
                0x0000000008002a08       0x20 Middlewares/Third_Party/FreeRTOS/Source/portable/GCC/ARM_CM3/port.o
 .text.pxPortInitialiseStack
                0x0000000008002a28       0x24 Middlewares/Third_Party/FreeRTOS/Source/portable/GCC/ARM_CM3/port.o
                0x0000000008002a28                pxPortInitialiseStack
 *fill*         0x0000000008002a4c        0x4 
 .text.SVC_Handler
                0x0000000008002a50       0x24 Middlewares/Third_Party/FreeRTOS/Source/portable/GCC/ARM_CM3/port.o
                0x0000000008002a50                SVC_Handler
 .text.vPortEnterCritical
                0x0000000008002a74       0x44 Middlewares/Third_Party/FreeRTOS/Source/portable/GCC/ARM_CM3/port.o
                0x0000000008002a74                vPortEnterCritical
 .text.vPortExitCritical
                0x0000000008002ab8       0x28 Middlewares/Third_Party/FreeRTOS/Source/portable/GCC/ARM_CM3/port.o
                0x0000000008002ab8                vPortExitCritical
 .text.PendSV_Handler
                0x0000000008002ae0       0x44 Middlewares/Third_Party/FreeRTOS/Source/portable/GCC/ARM_CM3/port.o
                0x0000000008002ae0                PendSV_Handler
 .text.SysTick_Handler
                0x0000000008002b24       0x2c Middlewares/Third_Party/FreeRTOS/Source/portable/GCC/ARM_CM3/port.o
                0x0000000008002b24                SysTick_Handler
 .text.vPortSetupTimerInterrupt
                0x0000000008002b50       0x3c Middlewares/Third_Party/FreeRTOS/Source/portable/GCC/ARM_CM3/port.o
                0x0000000008002b50                vPortSetupTimerInterrupt
 .text.xPortStartScheduler
                0x0000000008002b8c       0xb8 Middlewares/Third_Party/FreeRTOS/Source/portable/GCC/ARM_CM3/port.o
                0x0000000008002b8c                xPortStartScheduler
 .text.unlikely.prvInsertBlockIntoFreeList
                0x0000000008002c44       0x50 Middlewares/Third_Party/FreeRTOS/Source/portable/MemMang/heap_4.o
 .text.pvPortMalloc
                0x0000000008002c94      0x128 Middlewares/Third_Party/FreeRTOS/Source/portable/MemMang/heap_4.o
                0x0000000008002c94                pvPortMalloc
 .text.vPortFree
                0x0000000008002dbc       0x70 Middlewares/Third_Party/FreeRTOS/Source/portable/MemMang/heap_4.o
                0x0000000008002dbc                vPortFree
 .text.MX_ADC1_Init
                0x0000000008002e2c       0x4c Src/ARM_inits.o
                0x0000000008002e2c                MX_ADC1_Init
 .text.MX_ADC2_Init
                0x0000000008002e78       0x50 Src/ARM_inits.o
                0x0000000008002e78                MX_ADC2_Init
 .text.MX_RTC_Init
                0x0000000008002ec8       0x24 Src/ARM_inits.o
                0x0000000008002ec8                MX_RTC_Init
 .text.MX_GPIO_Init
                0x0000000008002eec       0x8c Src/ARM_inits.o
                0x0000000008002eec                MX_GPIO_Init
 .text.SystemClock_Config
                0x0000000008002f78       0x60 Src/ARM_inits.o
                0x0000000008002f78                SystemClock_Config
 .text.HAL_TIM_PeriodElapsedCallback
                0x0000000008002fd8       0x14 Src/ARM_inits.o
                0x0000000008002fd8                HAL_TIM_PeriodElapsedCallback
 .text.Sm_OFFLINE
                0x0000000008002fec        0x8 Src/Bot.o
                0x0000000008002fec                Sm_OFFLINE
 .text.Sm_APPROACH
                0x0000000008002ff4       0x20 Src/Bot.o
                0x0000000008002ff4                Sm_APPROACH
 .text.Sm_DEFEND
                0x0000000008003014       0x20 Src/Bot.o
                0x0000000008003014                Sm_DEFEND
 .text.Sm_BAIT  0x0000000008003034        0x8 Src/Bot.o
                0x0000000008003034                Sm_BAIT
 .text.Sm_RETREAT
                0x000000000800303c        0x8 Src/Bot.o
                0x000000000800303c                Sm_RETREAT
 .text.Sm_MOVETOPUNISH
                0x0000000008003044       0x20 Src/Bot.o
                0x0000000008003044                Sm_MOVETOPUNISH
 .text.Sm_ATTACK
                0x0000000008003064       0x58 Src/Bot.o
                0x0000000008003064                Sm_ATTACK
 .text.Sm_COMBO
                0x00000000080030bc       0x88 Src/Bot.o
                0x00000000080030bc                Sm_COMBO
 .text.Sm_OBSERVE
                0x0000000008003144       0x94 Src/Bot.o
                0x0000000008003144                Sm_OBSERVE
 .text.lerDoInput2
                0x00000000080031d8       0x38 Src/Bot.o
                0x00000000080031d8                lerDoInput2
 .text.Rodar_Maquina_Bot1
                0x0000000008003210       0x1c Src/Bot.o
                0x0000000008003210                Rodar_Maquina_Bot1
 .text.Sm_BotaoON
                0x000000000800322c       0x2c Src/Botao1FSM.o
                0x000000000800322c                Sm_BotaoON
 .text.Sm_BotaoOFF
                0x0000000008003258       0x34 Src/Botao1FSM.o
                0x0000000008003258                Sm_BotaoOFF
 .text.Sm_DEBOUNCE
                0x000000000800328c       0x64 Src/Botao1FSM.o
                0x000000000800328c                Sm_DEBOUNCE
 .text.Rodar_Maquina_Botao1
                0x00000000080032f0       0x1c Src/Botao1FSM.o
                0x00000000080032f0                Rodar_Maquina_Botao1
 .text.detectarColisao
                0x000000000800330c       0x38 Src/Detector.o
                0x000000000800330c                detectarColisao
 .text.Sm_ATKPressed_Int1
                0x0000000008003344       0x30 Src/Interpreter1FSM.o
                0x0000000008003344                Sm_ATKPressed_Int1
 .text.Sm_NeutralPressed_Int1
                0x0000000008003374       0x44 Src/Interpreter1FSM.o
                0x0000000008003374                Sm_NeutralPressed_Int1
 .text.Sm_RightPressed_Int1
                0x00000000080033b8       0x3c Src/Interpreter1FSM.o
                0x00000000080033b8                Sm_RightPressed_Int1
 .text.Sm_LeftPressed_Int1
                0x00000000080033f4       0x44 Src/Interpreter1FSM.o
                0x00000000080033f4                Sm_LeftPressed_Int1
 .text.Sm_Right_Int1
                0x0000000008003438       0x50 Src/Interpreter1FSM.o
                0x0000000008003438                Sm_Right_Int1
 .text.Sm_ATK_Int1
                0x0000000008003488       0x50 Src/Interpreter1FSM.o
                0x0000000008003488                Sm_ATK_Int1
 .text.Sm_Left_Int1
                0x00000000080034d8       0x50 Src/Interpreter1FSM.o
                0x00000000080034d8                Sm_Left_Int1
 .text.Sm_Neutral_Int1
                0x0000000008003528       0x50 Src/Interpreter1FSM.o
                0x0000000008003528                Sm_Neutral_Int1
 .text.Sm_Edge_Int1
                0x0000000008003578       0x34 Src/Interpreter1FSM.o
                0x0000000008003578                Sm_Edge_Int1
 .text.Sm_DEBOUNCE_Int1
                0x00000000080035ac       0xd0 Src/Interpreter1FSM.o
                0x00000000080035ac                Sm_DEBOUNCE_Int1
 .text.lerDoInput1
                0x000000000800367c       0x38 Src/Interpreter1FSM.o
                0x000000000800367c                lerDoInput1
 .text.Rodar_Maquina_Interpretador
                0x00000000080036b4       0x38 Src/Interpreter1FSM.o
                0x00000000080036b4                Rodar_Maquina_Interpretador
 .text.Sm_Menu  0x00000000080036ec       0x30 Src/MenuFSM.o
                0x00000000080036ec                Sm_Menu
 .text.Sm_PowerOn
                0x000000000800371c       0x40 Src/MenuFSM.o
                0x000000000800371c                Sm_PowerOn
 .text.Sm_Menu1P
                0x000000000800375c       0x9c Src/MenuFSM.o
                0x000000000800375c                Sm_Menu1P
 .text.Sm_Menu2P
                0x00000000080037f8       0x9c Src/MenuFSM.o
                0x00000000080037f8                Sm_Menu2P
 .text.Sm_GameOver
                0x0000000008003894       0x44 Src/MenuFSM.o
                0x0000000008003894                Sm_GameOver
 .text.Sm_Arena2P_ONGOING
                0x00000000080038d8       0x3c Src/MenuFSM.o
                0x00000000080038d8                Sm_Arena2P_ONGOING
 .text.print_rounds
                0x0000000008003914      0x128 Src/MenuFSM.o
                0x0000000008003914                print_rounds
 .text.Sm_Arena1P_ONGOING
                0x0000000008003a3c       0x8c Src/MenuFSM.o
                0x0000000008003a3c                Sm_Arena1P_ONGOING
 .text.Sm_Arena1P_RoundStart
                0x0000000008003ac8      0x14c Src/MenuFSM.o
                0x0000000008003ac8                Sm_Arena1P_RoundStart
 .text.Sm_Arena2P_RoundStart
                0x0000000008003c14      0x14c Src/MenuFSM.o
                0x0000000008003c14                Sm_Arena2P_RoundStart
 .text.Rodar_Maquina_Menu
                0x0000000008003d60       0x28 Src/MenuFSM.o
                0x0000000008003d60                Rodar_Maquina_Menu
 .text.inic_LCD
                0x0000000008003d88      0x270 Src/NOKIA5110_fb.o
                0x0000000008003d88                inic_LCD
 .text.imprime_LCD
                0x0000000008003ff8       0x84 Src/NOKIA5110_fb.o
                0x0000000008003ff8                imprime_LCD
 .text.print_seguro
                0x000000000800407c       0xa4 Src/NOKIA5110_fb.o
                0x000000000800407c                print_seguro
 .text.limpa_LCD
                0x0000000008004120       0xa0 Src/NOKIA5110_fb.o
                0x0000000008004120                limpa_LCD
 .text.deleta_fig
                0x00000000080041c0      0x12c Src/NOKIA5110_fb.o
                0x00000000080041c0                deleta_fig
 .text.deleta_figura_seguro
                0x00000000080042ec       0x34 Src/NOKIA5110_fb.o
                0x00000000080042ec                deleta_figura_seguro
 .text.deleta_fig_invertido
                0x0000000008004320      0x12c Src/NOKIA5110_fb.o
                0x0000000008004320                deleta_fig_invertido
 .text.deleta_figura_invertido_seguro
                0x000000000800444c       0x34 Src/NOKIA5110_fb.o
                0x000000000800444c                deleta_figura_invertido_seguro
 .text.desenha_fig
                0x0000000008004480      0x1bc Src/NOKIA5110_fb.o
                0x0000000008004480                desenha_fig
 .text.print_figura_seguro
                0x000000000800463c       0x34 Src/NOKIA5110_fb.o
                0x000000000800463c                print_figura_seguro
 .text.desenha_fig_invertido
                0x0000000008004670      0x1d4 Src/NOKIA5110_fb.o
                0x0000000008004670                desenha_fig_invertido
 .text.print_figura_invertido_seguro
                0x0000000008004844       0x34 Src/NOKIA5110_fb.o
                0x0000000008004844                print_figura_invertido_seguro
 .text.Sm_P1_CLEAN
                0x0000000008004878        0x4 Src/P1_FSM.o
                0x0000000008004878                Sm_P1_CLEAN
 .text.Sm_P1_MENU
                0x000000000800487c       0x24 Src/P1_FSM.o
                0x000000000800487c                Sm_P1_MENU
 .text.Sm_P1_RoundStart
                0x00000000080048a0       0x24 Src/P1_FSM.o
                0x00000000080048a0                Sm_P1_RoundStart
 .text.Sm_P1_Dead
                0x00000000080048c4        0xc Src/P1_FSM.o
                0x00000000080048c4                Sm_P1_Dead
 .text.Sm_P1_ATK1
                0x00000000080048d0       0x1c Src/P1_FSM.o
                0x00000000080048d0                Sm_P1_ATK1
 .text.Sm_P1_ATK2
                0x00000000080048ec       0x1c Src/P1_FSM.o
                0x00000000080048ec                Sm_P1_ATK2
 .text.Sm_P1_Hit
                0x0000000008004908       0x18 Src/P1_FSM.o
                0x0000000008004908                Sm_P1_Hit
 .text.Sm_P1_Block
                0x0000000008004920       0x14 Src/P1_FSM.o
                0x0000000008004920                Sm_P1_Block
 .text.Sm_P1_Dying
                0x0000000008004934       0x18 Src/P1_FSM.o
                0x0000000008004934                Sm_P1_Dying
 .text.Sm_P1_Idle
                0x000000000800494c       0x44 Src/P1_FSM.o
                0x000000000800494c                Sm_P1_Idle
 .text.Sm_P1_Idle_Recover
                0x0000000008004990       0x44 Src/P1_FSM.o
                0x0000000008004990                Sm_P1_Idle_Recover
 .text.Sm_P1_Forward
                0x00000000080049d4       0x50 Src/P1_FSM.o
                0x00000000080049d4                Sm_P1_Forward
 .text.Sm_P1_Back
                0x0000000008004a24       0x50 Src/P1_FSM.o
                0x0000000008004a24                Sm_P1_Back
 .text.Sm_P1_DashBack
                0x0000000008004a74       0x44 Src/P1_FSM.o
                0x0000000008004a74                Sm_P1_DashBack
 .text.Sm_P1_ATK1_Recover
                0x0000000008004ab8       0x50 Src/P1_FSM.o
                0x0000000008004ab8                Sm_P1_ATK1_Recover
 .text.Sm_P1_ATK2_Recover
                0x0000000008004b08       0x38 Src/P1_FSM.o
                0x0000000008004b08                Sm_P1_ATK2_Recover
 .text.Sm_P1_DashForward
                0x0000000008004b40       0x3c Src/P1_FSM.o
                0x0000000008004b40                Sm_P1_DashForward
 .text.Rodar_Maquina_P1
                0x0000000008004b7c       0x1c Src/P1_FSM.o
                0x0000000008004b7c                Rodar_Maquina_P1
 .text.Sm_P1View_CLEAN
                0x0000000008004b98       0x24 Src/P1_ViewFSM.o
                0x0000000008004b98                Sm_P1View_CLEAN
 .text.Sm_P1View_MENU
                0x0000000008004bbc        0x8 Src/P1_ViewFSM.o
                0x0000000008004bbc                Sm_P1View_MENU
 .text.Sm_P1View_RoundStart
                0x0000000008004bc4       0x34 Src/P1_ViewFSM.o
                0x0000000008004bc4                Sm_P1View_RoundStart
 .text.Sm_P1View_Idle
                0x0000000008004bf8       0x1c Src/P1_ViewFSM.o
                0x0000000008004bf8                Sm_P1View_Idle
 .text.Sm_P1View_Forward
                0x0000000008004c14       0x3c Src/P1_ViewFSM.o
                0x0000000008004c14                Sm_P1View_Forward
 .text.Sm_P1View_DashForward
                0x0000000008004c50       0x48 Src/P1_ViewFSM.o
                0x0000000008004c50                Sm_P1View_DashForward
 .text.Sm_P1View_DashBack
                0x0000000008004c98       0x38 Src/P1_ViewFSM.o
                0x0000000008004c98                Sm_P1View_DashBack
 .text.Sm_P1View_Back
                0x0000000008004cd0       0x34 Src/P1_ViewFSM.o
                0x0000000008004cd0                Sm_P1View_Back
 .text.Sm_P1View_ATK1
                0x0000000008004d04       0x54 Src/P1_ViewFSM.o
                0x0000000008004d04                Sm_P1View_ATK1
 .text.Sm_P1View_ATK2
                0x0000000008004d58       0x4c Src/P1_ViewFSM.o
                0x0000000008004d58                Sm_P1View_ATK2
 .text.Sm_P1View_ATK2_Recover
                0x0000000008004da4       0x2c Src/P1_ViewFSM.o
                0x0000000008004da4                Sm_P1View_ATK2_Recover
 .text.Sm_P1View_ATK1_Recover
                0x0000000008004dd0       0x2c Src/P1_ViewFSM.o
                0x0000000008004dd0                Sm_P1View_ATK1_Recover
 .text.Sm_P1View_Hit
                0x0000000008004dfc       0x28 Src/P1_ViewFSM.o
                0x0000000008004dfc                Sm_P1View_Hit
 .text.Sm_P1View_Block
                0x0000000008004e24       0x28 Src/P1_ViewFSM.o
                0x0000000008004e24                Sm_P1View_Block
 .text.Sm_P1View_Dying
                0x0000000008004e4c       0x2c Src/P1_ViewFSM.o
                0x0000000008004e4c                Sm_P1View_Dying
 .text.Sm_P1View_Dead
                0x0000000008004e78       0x28 Src/P1_ViewFSM.o
                0x0000000008004e78                Sm_P1View_Dead
 .text.Sm_P1View_Idle_Recover
                0x0000000008004ea0       0x1c Src/P1_ViewFSM.o
                0x0000000008004ea0                Sm_P1View_Idle_Recover
 .text.Rodar_Maquina_P1View
                0x0000000008004ebc       0x1c Src/P1_ViewFSM.o
                0x0000000008004ebc                Rodar_Maquina_P1View
 .text.Sm_P2_MENU
                0x0000000008004ed8       0x24 Src/P2_FSM.o
                0x0000000008004ed8                Sm_P2_MENU
 .text.Sm_P2_RoundStart
                0x0000000008004efc       0x24 Src/P2_FSM.o
                0x0000000008004efc                Sm_P2_RoundStart
 .text.Sm_P2_Dead
                0x0000000008004f20        0xc Src/P2_FSM.o
                0x0000000008004f20                Sm_P2_Dead
 .text.Sm_P2_CLEAN
                0x0000000008004f2c        0x8 Src/P2_FSM.o
                0x0000000008004f2c                Sm_P2_CLEAN
 .text.Sm_P2_DashForward
                0x0000000008004f34       0x38 Src/P2_FSM.o
                0x0000000008004f34                Sm_P2_DashForward
 .text.Sm_P2_DashBack
                0x0000000008004f6c       0x44 Src/P2_FSM.o
                0x0000000008004f6c                Sm_P2_DashBack
 .text.Sm_P2_ATK1
                0x0000000008004fb0       0x1c Src/P2_FSM.o
                0x0000000008004fb0                Sm_P2_ATK1
 .text.Sm_P2_ATK2
                0x0000000008004fcc       0x1c Src/P2_FSM.o
                0x0000000008004fcc                Sm_P2_ATK2
 .text.Sm_P2_Hit
                0x0000000008004fe8       0x1c Src/P2_FSM.o
                0x0000000008004fe8                Sm_P2_Hit
 .text.Sm_P2_Block
                0x0000000008005004       0x14 Src/P2_FSM.o
                0x0000000008005004                Sm_P2_Block
 .text.Sm_P2_Dying
                0x0000000008005018       0x18 Src/P2_FSM.o
                0x0000000008005018                Sm_P2_Dying
 .text.Sm_P2_Forward
                0x0000000008005030       0x4c Src/P2_FSM.o
                0x0000000008005030                Sm_P2_Forward
 .text.Sm_P2_Back
                0x000000000800507c       0x4c Src/P2_FSM.o
                0x000000000800507c                Sm_P2_Back
 .text.Sm_P2_Idle
                0x00000000080050c8       0x44 Src/P2_FSM.o
                0x00000000080050c8                Sm_P2_Idle
 .text.Sm_P2_Idle_Recover
                0x000000000800510c       0x44 Src/P2_FSM.o
                0x000000000800510c                Sm_P2_Idle_Recover
 .text.Sm_P2_ATK1_Recover
                0x0000000008005150       0x50 Src/P2_FSM.o
                0x0000000008005150                Sm_P2_ATK1_Recover
 .text.Sm_P2_ATK2_Recover
                0x00000000080051a0       0x38 Src/P2_FSM.o
                0x00000000080051a0                Sm_P2_ATK2_Recover
 .text.Rodar_Maquina_P2
                0x00000000080051d8       0x1c Src/P2_FSM.o
                0x00000000080051d8                Rodar_Maquina_P2
 .text.Sm_P2View_CLEAN
                0x00000000080051f4       0x24 Src/P2_ViewFSM.o
                0x00000000080051f4                Sm_P2View_CLEAN
 .text.Sm_P2View_MENU
                0x0000000008005218        0x8 Src/P2_ViewFSM.o
                0x0000000008005218                Sm_P2View_MENU
 .text.Sm_P2View_RoundStart
                0x0000000008005220       0x2c Src/P2_ViewFSM.o
                0x0000000008005220                Sm_P2View_RoundStart
 .text.Sm_P2View_Idle
                0x000000000800524c       0x1c Src/P2_ViewFSM.o
                0x000000000800524c                Sm_P2View_Idle
 .text.Sm_P2View_Forward
                0x0000000008005268       0x3c Src/P2_ViewFSM.o
                0x0000000008005268                Sm_P2View_Forward
 .text.Sm_P2View_DashForward
                0x00000000080052a4       0x48 Src/P2_ViewFSM.o
                0x00000000080052a4                Sm_P2View_DashForward
 .text.Sm_P2View_DashBack
                0x00000000080052ec       0x38 Src/P2_ViewFSM.o
                0x00000000080052ec                Sm_P2View_DashBack
 .text.Sm_P2View_Back
                0x0000000008005324       0x34 Src/P2_ViewFSM.o
                0x0000000008005324                Sm_P2View_Back
 .text.Sm_P2View_ATK1
                0x0000000008005358       0x54 Src/P2_ViewFSM.o
                0x0000000008005358                Sm_P2View_ATK1
 .text.Sm_P2View_ATK2
                0x00000000080053ac       0x4c Src/P2_ViewFSM.o
                0x00000000080053ac                Sm_P2View_ATK2
 .text.Sm_P2View_ATK2_Recover
                0x00000000080053f8       0x2c Src/P2_ViewFSM.o
                0x00000000080053f8                Sm_P2View_ATK2_Recover
 .text.Sm_P2View_ATK1_Recover
                0x0000000008005424       0x2c Src/P2_ViewFSM.o
                0x0000000008005424                Sm_P2View_ATK1_Recover
 .text.Sm_P2View_Hit
                0x0000000008005450       0x28 Src/P2_ViewFSM.o
                0x0000000008005450                Sm_P2View_Hit
 .text.Sm_P2View_Block
                0x0000000008005478       0x28 Src/P2_ViewFSM.o
                0x0000000008005478                Sm_P2View_Block
 .text.Sm_P2View_Dying
                0x00000000080054a0       0x2c Src/P2_ViewFSM.o
                0x00000000080054a0                Sm_P2View_Dying
 .text.Sm_P2View_Dead
                0x00000000080054cc       0x28 Src/P2_ViewFSM.o
                0x00000000080054cc                Sm_P2View_Dead
 .text.Sm_P2View_Idle_Recover
                0x00000000080054f4       0x1c Src/P2_ViewFSM.o
                0x00000000080054f4                Sm_P2View_Idle_Recover
 .text.Rodar_Maquina_P2View
                0x0000000008005510       0x1c Src/P2_ViewFSM.o
                0x0000000008005510                Rodar_Maquina_P2View
 .text.atraso_us
                0x000000000800552c       0x10 Src/delay.o
                0x000000000800552c                atraso_us
 .text.Bot1     0x000000000800553c       0x2c Src/main.o
                0x000000000800553c                Bot1
 .text.P2       0x0000000008005568       0x10 Src/main.o
                0x0000000008005568                P2
 .text.P2View   0x0000000008005578        0x8 Src/main.o
                0x0000000008005578                P2View
 .text.P1       0x0000000008005580       0x10 Src/main.o
                0x0000000008005580                P1
 .text.P1View   0x0000000008005590        0x8 Src/main.o
                0x0000000008005590                P1View
 .text.Menu     0x0000000008005598        0x8 Src/main.o
                0x0000000008005598                Menu
 .text.InputInterpreter
                0x00000000080055a0       0x24 Src/main.o
                0x00000000080055a0                InputInterpreter
 .text.StartDefaultTask
                0x00000000080055c4       0x38 Src/main.o
                0x00000000080055c4                StartDefaultTask
 .text.ObservaBotao
                0x00000000080055fc        0x8 Src/main.o
                0x00000000080055fc                ObservaBotao
 .text.startup.main
                0x0000000008005604      0x168 Src/main.o
                0x0000000008005604                main
 .text.HAL_MspInit
                0x000000000800576c       0x50 Src/stm32f1xx_hal_msp.o
                0x000000000800576c                HAL_MspInit
 .text.HAL_ADC_MspInit
                0x00000000080057bc       0xac Src/stm32f1xx_hal_msp.o
                0x00000000080057bc                HAL_ADC_MspInit
 .text.HAL_RTC_MspInit
                0x0000000008005868       0x40 Src/stm32f1xx_hal_msp.o
                0x0000000008005868                HAL_RTC_MspInit
 .text.HAL_InitTick
                0x00000000080058a8       0x7c Src/stm32f1xx_hal_timebase_tim.o
                0x00000000080058a8                HAL_InitTick
 .text.NMI_Handler
                0x0000000008005924        0x4 Src/stm32f1xx_it.o
                0x0000000008005924                NMI_Handler
 .text.HardFault_Handler
                0x0000000008005928        0x4 Src/stm32f1xx_it.o
                0x0000000008005928                HardFault_Handler
 .text.MemManage_Handler
                0x000000000800592c        0x4 Src/stm32f1xx_it.o
                0x000000000800592c                MemManage_Handler
 .text.BusFault_Handler
                0x0000000008005930        0x4 Src/stm32f1xx_it.o
                0x0000000008005930                BusFault_Handler
 .text.UsageFault_Handler
                0x0000000008005934        0x4 Src/stm32f1xx_it.o
                0x0000000008005934                UsageFault_Handler
 .text.DebugMon_Handler
                0x0000000008005938        0x4 Src/stm32f1xx_it.o
                0x0000000008005938                DebugMon_Handler
 .text.TIM4_IRQHandler
                0x000000000800593c        0xc Src/stm32f1xx_it.o
                0x000000000800593c                TIM4_IRQHandler
 .text.SystemInit
                0x0000000008005948       0x50 Src/system_stm32f1xx.o
                0x0000000008005948                SystemInit
 .text.Reset_Handler
                0x0000000008005998       0x48 Startup/startup_stm32f103c8tx.o
                0x0000000008005998                Reset_Handler
 .text.Default_Handler
                0x00000000080059e0        0x2 Startup/startup_stm32f103c8tx.o
                0x00000000080059e0                RTC_Alarm_IRQHandler
                0x00000000080059e0                EXTI2_IRQHandler
                0x00000000080059e0                TIM1_CC_IRQHandler
                0x00000000080059e0                PVD_IRQHandler
                0x00000000080059e0                EXTI3_IRQHandler
                0x00000000080059e0                EXTI0_IRQHandler
                0x00000000080059e0                I2C2_EV_IRQHandler
                0x00000000080059e0                ADC1_2_IRQHandler
                0x00000000080059e0                SPI1_IRQHandler
                0x00000000080059e0                TAMPER_IRQHandler
                0x00000000080059e0                DMA1_Channel4_IRQHandler
                0x00000000080059e0                USART3_IRQHandler
                0x00000000080059e0                RTC_IRQHandler
                0x00000000080059e0                DMA1_Channel7_IRQHandler
                0x00000000080059e0                CAN1_RX1_IRQHandler
                0x00000000080059e0                I2C1_EV_IRQHandler
                0x00000000080059e0                DMA1_Channel6_IRQHandler
                0x00000000080059e0                TIM3_IRQHandler
                0x00000000080059e0                RCC_IRQHandler
                0x00000000080059e0                TIM1_TRG_COM_IRQHandler
                0x00000000080059e0                DMA1_Channel1_IRQHandler
                0x00000000080059e0                Default_Handler
                0x00000000080059e0                EXTI15_10_IRQHandler
                0x00000000080059e0                EXTI9_5_IRQHandler
                0x00000000080059e0                SPI2_IRQHandler
                0x00000000080059e0                DMA1_Channel5_IRQHandler
                0x00000000080059e0                EXTI4_IRQHandler
                0x00000000080059e0                USB_LP_CAN1_RX0_IRQHandler
                0x00000000080059e0                USB_HP_CAN1_TX_IRQHandler
                0x00000000080059e0                DMA1_Channel3_IRQHandler
                0x00000000080059e0                TIM1_UP_IRQHandler
                0x00000000080059e0                WWDG_IRQHandler
                0x00000000080059e0                TIM2_IRQHandler
                0x00000000080059e0                TIM1_BRK_IRQHandler
                0x00000000080059e0                EXTI1_IRQHandler
                0x00000000080059e0                USART2_IRQHandler
                0x00000000080059e0                I2C2_ER_IRQHandler
                0x00000000080059e0                DMA1_Channel2_IRQHandler
                0x00000000080059e0                CAN1_SCE_IRQHandler
                0x00000000080059e0                FLASH_IRQHandler
                0x00000000080059e0                USART1_IRQHandler
                0x00000000080059e0                I2C1_ER_IRQHandler
                0x00000000080059e0                USBWakeUp_IRQHandler
 *fill*         0x00000000080059e2        0x2 
 .text.__libc_init_array
                0x00000000080059e4       0x48 c:/st/stm32cubeide_1.0.2/stm32cubeide/plugins/com.st.stm32cube.ide.mcu.externaltools.gnu-tools-for-stm32.7-2018-q2-update.win32_1.0.0.201904181610/tools/bin/../lib/gcc/arm-none-eabi/7.3.1/../../../../arm-none-eabi/lib/thumb/v7-m\libc_nano.a(lib_a-init.o)
                0x00000000080059e4                __libc_init_array
 .text.memcpy   0x0000000008005a2c       0x16 c:/st/stm32cubeide_1.0.2/stm32cubeide/plugins/com.st.stm32cube.ide.mcu.externaltools.gnu-tools-for-stm32.7-2018-q2-update.win32_1.0.0.201904181610/tools/bin/../lib/gcc/arm-none-eabi/7.3.1/../../../../arm-none-eabi/lib/thumb/v7-m\libc_nano.a(lib_a-memcpy-stub.o)
                0x0000000008005a2c                memcpy
 .text.memset   0x0000000008005a42       0x10 c:/st/stm32cubeide_1.0.2/stm32cubeide/plugins/com.st.stm32cube.ide.mcu.externaltools.gnu-tools-for-stm32.7-2018-q2-update.win32_1.0.0.201904181610/tools/bin/../lib/gcc/arm-none-eabi/7.3.1/../../../../arm-none-eabi/lib/thumb/v7-m\libc_nano.a(lib_a-memset.o)
                0x0000000008005a42                memset
 *(.glue_7)
 .glue_7        0x0000000008005a52        0x0 linker stubs
 *(.glue_7t)
 .glue_7t       0x0000000008005a52        0x0 linker stubs
 *(.eh_frame)
 *fill*         0x0000000008005a52        0x2 
 .eh_frame      0x0000000008005a54        0x0 c:/st/stm32cubeide_1.0.2/stm32cubeide/plugins/com.st.stm32cube.ide.mcu.externaltools.gnu-tools-for-stm32.7-2018-q2-update.win32_1.0.0.201904181610/tools/bin/../lib/gcc/arm-none-eabi/7.3.1/thumb/v7-m/crtbegin.o
 *(.init)
 .init          0x0000000008005a54        0x4 c:/st/stm32cubeide_1.0.2/stm32cubeide/plugins/com.st.stm32cube.ide.mcu.externaltools.gnu-tools-for-stm32.7-2018-q2-update.win32_1.0.0.201904181610/tools/bin/../lib/gcc/arm-none-eabi/7.3.1/thumb/v7-m/crti.o
                0x0000000008005a54                _init
 .init          0x0000000008005a58        0x8 c:/st/stm32cubeide_1.0.2/stm32cubeide/plugins/com.st.stm32cube.ide.mcu.externaltools.gnu-tools-for-stm32.7-2018-q2-update.win32_1.0.0.201904181610/tools/bin/../lib/gcc/arm-none-eabi/7.3.1/thumb/v7-m/crtn.o
 *(.fini)
 .fini          0x0000000008005a60        0x4 c:/st/stm32cubeide_1.0.2/stm32cubeide/plugins/com.st.stm32cube.ide.mcu.externaltools.gnu-tools-for-stm32.7-2018-q2-update.win32_1.0.0.201904181610/tools/bin/../lib/gcc/arm-none-eabi/7.3.1/thumb/v7-m/crti.o
                0x0000000008005a60                _fini
 .fini          0x0000000008005a64        0x8 c:/st/stm32cubeide_1.0.2/stm32cubeide/plugins/com.st.stm32cube.ide.mcu.externaltools.gnu-tools-for-stm32.7-2018-q2-update.win32_1.0.0.201904181610/tools/bin/../lib/gcc/arm-none-eabi/7.3.1/thumb/v7-m/crtn.o
                0x0000000008005a6c                . = ALIGN (0x4)
                0x0000000008005a6c                _etext = .

.vfp11_veneer   0x0000000008005a6c        0x0
 .vfp11_veneer  0x0000000008005a6c        0x0 linker stubs

.v4_bx          0x0000000008005a6c        0x0
 .v4_bx         0x0000000008005a6c        0x0 linker stubs

.iplt           0x0000000008005a6c        0x0
 .iplt          0x0000000008005a6c        0x0 c:/st/stm32cubeide_1.0.2/stm32cubeide/plugins/com.st.stm32cube.ide.mcu.externaltools.gnu-tools-for-stm32.7-2018-q2-update.win32_1.0.0.201904181610/tools/bin/../lib/gcc/arm-none-eabi/7.3.1/thumb/v7-m/crtbegin.o

.rodata         0x0000000008005a6c      0x96c
                0x0000000008005a6c                . = ALIGN (0x4)
 *(.rodata)
 .rodata        0x0000000008005a6c       0x10 Drivers/STM32F1xx_HAL_Driver/Src/stm32f1xx_hal_rcc.o
 .rodata        0x0000000008005a7c       0x10 Drivers/STM32F1xx_HAL_Driver/Src/stm32f1xx_hal_rcc_ex.o
 .rodata        0x0000000008005a8c       0x78 Src/MenuFSM.o
 .rodata        0x0000000008005b04       0xb4 Src/main.o
 *(.rodata*)
 .rodata.Sm_GameOver.str1.4
                0x0000000008005bb8       0x1a Src/MenuFSM.o
 *fill*         0x0000000008005bd2        0x2 
 .rodata.ASCII  0x0000000008005bd4      0x1e0 Src/NOKIA5110_fb.o
 .rodata.ATK1   0x0000000008005db4       0x22 Src/figuras.o
                0x0000000008005db4                ATK1
 *fill*         0x0000000008005dd6        0x2 
 .rodata.ATK2   0x0000000008005dd8       0x22 Src/figuras.o
                0x0000000008005dd8                ATK2
 *fill*         0x0000000008005dfa        0x2 
 .rodata.BRIGUE
                0x0000000008005dfc       0x32 Src/figuras.o
                0x0000000008005dfc                BRIGUE
 *fill*         0x0000000008005e2e        0x2 
 .rodata.ROUND  0x0000000008005e30       0x2a Src/figuras.o
                0x0000000008005e30                ROUND
 *fill*         0x0000000008005e5a        0x2 
 .rodata.block  0x0000000008005e5c       0x22 Src/figuras.o
                0x0000000008005e5c                block
 *fill*         0x0000000008005e7e        0x2 
 .rodata.cursor
                0x0000000008005e80        0xa Src/figuras.o
                0x0000000008005e80                cursor
 *fill*         0x0000000008005e8a        0x2 
 .rodata.dashbck
                0x0000000008005e8c       0x22 Src/figuras.o
                0x0000000008005e8c                dashbck
 *fill*         0x0000000008005eae        0x2 
 .rodata.dashfwd
                0x0000000008005eb0       0x22 Src/figuras.o
                0x0000000008005eb0                dashfwd
 *fill*         0x0000000008005ed2        0x2 
 .rodata.dead   0x0000000008005ed4       0x22 Src/figuras.o
                0x0000000008005ed4                dead
 *fill*         0x0000000008005ef6        0x2 
 .rodata.dois   0x0000000008005ef8       0x12 Src/figuras.o
                0x0000000008005ef8                dois
 *fill*         0x0000000008005f0a        0x2 
 .rodata.dying  0x0000000008005f0c       0x22 Src/figuras.o
                0x0000000008005f0c                dying
 *fill*         0x0000000008005f2e        0x2 
 .rodata.hit    0x0000000008005f30       0x22 Src/figuras.o
                0x0000000008005f30                hit
 *fill*         0x0000000008005f52        0x2 
 .rodata.mainMenu
                0x0000000008005f54      0x1e2 Src/figuras.o
                0x0000000008005f54                mainMenu
 *fill*         0x0000000008006136        0x2 
 .rodata.p1_idle
                0x0000000008006138       0x22 Src/figuras.o
                0x0000000008006138                p1_idle
 *fill*         0x000000000800615a        0x2 
 .rodata.quatro
                0x000000000800615c       0x12 Src/figuras.o
                0x000000000800615c                quatro
 *fill*         0x000000000800616e        0x2 
 .rodata.recover
                0x0000000008006170       0x22 Src/figuras.o
                0x0000000008006170                recover
 *fill*         0x0000000008006192        0x2 
 .rodata.round_empty
                0x0000000008006194        0xa Src/figuras.o
                0x0000000008006194                round_empty
 *fill*         0x000000000800619e        0x2 
 .rodata.round_win
                0x00000000080061a0        0xa Src/figuras.o
                0x00000000080061a0                round_win
 *fill*         0x00000000080061aa        0x2 
 .rodata.tres   0x00000000080061ac       0x12 Src/figuras.o
                0x00000000080061ac                tres
 *fill*         0x00000000080061be        0x2 
 .rodata.um     0x00000000080061c0       0x12 Src/figuras.o
                0x00000000080061c0                um
 *fill*         0x00000000080061d2        0x2 
 .rodata.xablauSoft
                0x00000000080061d4      0x182 Src/figuras.o
                0x00000000080061d4                xablauSoft
 *fill*         0x0000000008006356        0x2 
 .rodata.str1.4
                0x0000000008006358       0x68 Src/main.o
 .rodata.AHBPrescTable
                0x00000000080063c0       0x10 Src/system_stm32f1xx.o
                0x00000000080063c0                AHBPrescTable
 .rodata.APBPrescTable
                0x00000000080063d0        0x8 Src/system_stm32f1xx.o
                0x00000000080063d0                APBPrescTable
                0x00000000080063d8                . = ALIGN (0x4)

.rel.dyn        0x00000000080063d8        0x0
 .rel.iplt      0x00000000080063d8        0x0 c:/st/stm32cubeide_1.0.2/stm32cubeide/plugins/com.st.stm32cube.ide.mcu.externaltools.gnu-tools-for-stm32.7-2018-q2-update.win32_1.0.0.201904181610/tools/bin/../lib/gcc/arm-none-eabi/7.3.1/thumb/v7-m/crtbegin.o

.ARM.extab      0x00000000080063d8        0x0
                0x00000000080063d8                . = ALIGN (0x4)
 *(.ARM.extab* .gnu.linkonce.armextab.*)
                0x00000000080063d8                . = ALIGN (0x4)

.ARM            0x00000000080063d8        0x0
                0x00000000080063d8                . = ALIGN (0x4)
                0x00000000080063d8                __exidx_start = .
 *(.ARM.exidx*)
                0x00000000080063d8                __exidx_end = .
                0x00000000080063d8                . = ALIGN (0x4)

.preinit_array  0x00000000080063d8        0x0
                0x00000000080063d8                . = ALIGN (0x4)
                0x00000000080063d8                PROVIDE (__preinit_array_start = .)
 *(.preinit_array*)
                0x00000000080063d8                PROVIDE (__preinit_array_end = .)
                0x00000000080063d8                . = ALIGN (0x4)

.init_array     0x00000000080063d8        0x4
                0x00000000080063d8                . = ALIGN (0x4)
                0x00000000080063d8                PROVIDE (__init_array_start = .)
 *(SORT_BY_NAME(.init_array.*))
 *(.init_array*)
 .init_array    0x00000000080063d8        0x4 c:/st/stm32cubeide_1.0.2/stm32cubeide/plugins/com.st.stm32cube.ide.mcu.externaltools.gnu-tools-for-stm32.7-2018-q2-update.win32_1.0.0.201904181610/tools/bin/../lib/gcc/arm-none-eabi/7.3.1/thumb/v7-m/crtbegin.o
                0x00000000080063dc                PROVIDE (__init_array_end = .)
                0x00000000080063dc                . = ALIGN (0x4)

.fini_array     0x00000000080063dc        0x4
                0x00000000080063dc                . = ALIGN (0x4)
                [!provide]                        PROVIDE (__fini_array_start = .)
 *(SORT_BY_NAME(.fini_array.*))
 *(.fini_array*)
 .fini_array    0x00000000080063dc        0x4 c:/st/stm32cubeide_1.0.2/stm32cubeide/plugins/com.st.stm32cube.ide.mcu.externaltools.gnu-tools-for-stm32.7-2018-q2-update.win32_1.0.0.201904181610/tools/bin/../lib/gcc/arm-none-eabi/7.3.1/thumb/v7-m/crtbegin.o
                [!provide]                        PROVIDE (__fini_array_end = .)
                0x00000000080063e0                . = ALIGN (0x4)
                0x00000000080063e0                _sidata = LOADADDR (.data)

.data           0x0000000020000000      0x3b0 load address 0x00000000080063e0
                0x0000000020000000                . = ALIGN (0x4)
                0x0000000020000000                _sdata = .
 *(.data)
 *(.data*)
 .data.uwTickFreq
                0x0000000020000000        0x1 Drivers/STM32F1xx_HAL_Driver/Src/stm32f1xx_hal.o
                0x0000000020000000                uwTickFreq
 *fill*         0x0000000020000001        0x3 
 .data.uwTickPrio
                0x0000000020000004        0x4 Drivers/STM32F1xx_HAL_Driver/Src/stm32f1xx_hal.o
                0x0000000020000004                uwTickPrio
 .data.uxCriticalNesting
                0x0000000020000008        0x4 Middlewares/Third_Party/FreeRTOS/Source/portable/GCC/ARM_CM3/port.o
 .data.StateMachine_Bot1
                0x000000002000000c       0x48 Src/Bot.o
                0x000000002000000c                StateMachine_Bot1
 .data.input_buffer2
                0x0000000020000054        0xc Src/Bot.o
                0x0000000020000054                input_buffer2
 .data.SmState_Botao1
                0x0000000020000060        0x1 Src/Botao1FSM.o
                0x0000000020000060                SmState_Botao1
 *fill*         0x0000000020000061        0x3 
 .data.StateMachine_Botao1
                0x0000000020000064       0x18 Src/Botao1FSM.o
                0x0000000020000064                StateMachine_Botao1
 .data.ATKSymbol
                0x000000002000007c        0x1 Src/Interpreter1FSM.o
                0x000000002000007c                ATKSymbol
 .data.LeftSymbol
                0x000000002000007d        0x1 Src/Interpreter1FSM.o
                0x000000002000007d                LeftSymbol
 .data.NeutralSymbol
                0x000000002000007e        0x1 Src/Interpreter1FSM.o
                0x000000002000007e                NeutralSymbol
 .data.RightSymbol
                0x000000002000007f        0x1 Src/Interpreter1FSM.o
                0x000000002000007f                RightSymbol
 .data.SmState_Int1
                0x0000000020000080        0x1 Src/Interpreter1FSM.o
                0x0000000020000080                SmState_Int1
 *fill*         0x0000000020000081        0x3 
 .data.StateMachine_Interpretador
                0x0000000020000084       0x50 Src/Interpreter1FSM.o
                0x0000000020000084                StateMachine_Interpretador
 .data.input_buffer1
                0x00000000200000d4        0xc Src/Interpreter1FSM.o
                0x00000000200000d4                input_buffer1
 .data.StateMachine_Menu
                0x00000000200000e0       0x48 Src/MenuFSM.o
                0x00000000200000e0                StateMachine_Menu
 .data.StateMachine_P1
                0x0000000020000128       0x88 Src/P1_FSM.o
                0x0000000020000128                StateMachine_P1
 .data.StateMachine_P1View
                0x00000000200001b0       0x88 Src/P1_ViewFSM.o
                0x00000000200001b0                StateMachine_P1View
 .data.posP1    0x0000000020000238       0x18 Src/P1_ViewFSM.o
                0x0000000020000238                posP1
 .data.rstartP1
                0x0000000020000250       0x18 Src/P1_ViewFSM.o
                0x0000000020000250                rstartP1
 .data.SmState_Int2
                0x0000000020000268        0x1 Src/P2_FSM.o
                0x0000000020000268                SmState_Int2
 *fill*         0x0000000020000269        0x3 
 .data.StateMachine_P2
                0x000000002000026c       0x88 Src/P2_FSM.o
                0x000000002000026c                StateMachine_P2
 .data.StateMachine_P2View
                0x00000000200002f4       0x88 Src/P2_ViewFSM.o
                0x00000000200002f4                StateMachine_P2View
 .data.posP2    0x000000002000037c       0x18 Src/P2_ViewFSM.o
                0x000000002000037c                posP2
 .data.rstartP2
                0x0000000020000394       0x18 Src/P2_ViewFSM.o
                0x0000000020000394                rstartP2
 .data.SystemCoreClock
                0x00000000200003ac        0x4 Src/system_stm32f1xx.o
                0x00000000200003ac                SystemCoreClock
                0x00000000200003b0                . = ALIGN (0x4)
                0x00000000200003b0                _edata = .

.igot.plt       0x00000000200003b0        0x0 load address 0x0000000008006790
 .igot.plt      0x00000000200003b0        0x0 c:/st/stm32cubeide_1.0.2/stm32cubeide/plugins/com.st.stm32cube.ide.mcu.externaltools.gnu-tools-for-stm32.7-2018-q2-update.win32_1.0.0.201904181610/tools/bin/../lib/gcc/arm-none-eabi/7.3.1/thumb/v7-m/crtbegin.o
                0x00000000200003b0                . = ALIGN (0x4)

.bss            0x00000000200003b0     0x1c5c load address 0x0000000008006790
                0x00000000200003b0                _sbss = .
                0x00000000200003b0                __bss_start__ = _sbss
 *(.bss)
 .bss           0x00000000200003b0       0x1c c:/st/stm32cubeide_1.0.2/stm32cubeide/plugins/com.st.stm32cube.ide.mcu.externaltools.gnu-tools-for-stm32.7-2018-q2-update.win32_1.0.0.201904181610/tools/bin/../lib/gcc/arm-none-eabi/7.3.1/thumb/v7-m/crtbegin.o
 *(.bss*)
 .bss.pxCurrentTCB
                0x00000000200003cc        0x4 Middlewares/Third_Party/FreeRTOS/Source/tasks.o
                0x00000000200003cc                pxCurrentTCB
 .bss.pxDelayedTaskList
                0x00000000200003d0        0x4 Middlewares/Third_Party/FreeRTOS/Source/tasks.o
 .bss.pxOverflowDelayedTaskList
                0x00000000200003d4        0x4 Middlewares/Third_Party/FreeRTOS/Source/tasks.o
 .bss.pxReadyTasksLists
                0x00000000200003d8       0x8c Middlewares/Third_Party/FreeRTOS/Source/tasks.o
 .bss.uxCurrentNumberOfTasks
                0x0000000020000464        0x4 Middlewares/Third_Party/FreeRTOS/Source/tasks.o
 .bss.uxDeletedTasksWaitingCleanUp
                0x0000000020000468        0x4 Middlewares/Third_Party/FreeRTOS/Source/tasks.o
 .bss.uxPendedTicks
                0x000000002000046c        0x4 Middlewares/Third_Party/FreeRTOS/Source/tasks.o
 .bss.uxSchedulerSuspended
                0x0000000020000470        0x4 Middlewares/Third_Party/FreeRTOS/Source/tasks.o
 .bss.uxTaskNumber
                0x0000000020000474        0x4 Middlewares/Third_Party/FreeRTOS/Source/tasks.o
 .bss.uxTopReadyPriority
                0x0000000020000478        0x4 Middlewares/Third_Party/FreeRTOS/Source/tasks.o
 .bss.xDelayedTaskList1
                0x000000002000047c       0x14 Middlewares/Third_Party/FreeRTOS/Source/tasks.o
 .bss.xDelayedTaskList2
                0x0000000020000490       0x14 Middlewares/Third_Party/FreeRTOS/Source/tasks.o
 .bss.xIdleTaskHandle
                0x00000000200004a4        0x4 Middlewares/Third_Party/FreeRTOS/Source/tasks.o
 .bss.xNextTaskUnblockTime
                0x00000000200004a8        0x4 Middlewares/Third_Party/FreeRTOS/Source/tasks.o
 .bss.xNumOfOverflows
                0x00000000200004ac        0x4 Middlewares/Third_Party/FreeRTOS/Source/tasks.o
 .bss.xPendingReadyList
                0x00000000200004b0       0x14 Middlewares/Third_Party/FreeRTOS/Source/tasks.o
 .bss.xSchedulerRunning
                0x00000000200004c4        0x4 Middlewares/Third_Party/FreeRTOS/Source/tasks.o
 .bss.xSuspendedTaskList
                0x00000000200004c8       0x14 Middlewares/Third_Party/FreeRTOS/Source/tasks.o
 .bss.xTasksWaitingTermination
                0x00000000200004dc       0x14 Middlewares/Third_Party/FreeRTOS/Source/tasks.o
 .bss.xTickCount
                0x00000000200004f0        0x4 Middlewares/Third_Party/FreeRTOS/Source/tasks.o
 .bss.xYieldPending
                0x00000000200004f4        0x4 Middlewares/Third_Party/FreeRTOS/Source/tasks.o
 .bss.ucMaxSysCallPriority
                0x00000000200004f8        0x1 Middlewares/Third_Party/FreeRTOS/Source/portable/GCC/ARM_CM3/port.o
 *fill*         0x00000000200004f9        0x3 
 .bss.ulMaxPRIGROUPValue
                0x00000000200004fc        0x4 Middlewares/Third_Party/FreeRTOS/Source/portable/GCC/ARM_CM3/port.o
 .bss.pxEnd     0x0000000020000500        0x4 Middlewares/Third_Party/FreeRTOS/Source/portable/MemMang/heap_4.o
 .bss.ucHeap    0x0000000020000504     0x1800 Middlewares/Third_Party/FreeRTOS/Source/portable/MemMang/heap_4.o
 .bss.xBlockAllocatedBit
                0x0000000020001d04        0x4 Middlewares/Third_Party/FreeRTOS/Source/portable/MemMang/heap_4.o
 .bss.xFreeBytesRemaining
                0x0000000020001d08        0x4 Middlewares/Third_Party/FreeRTOS/Source/portable/MemMang/heap_4.o
 .bss.xMinimumEverFreeBytesRemaining
                0x0000000020001d0c        0x4 Middlewares/Third_Party/FreeRTOS/Source/portable/MemMang/heap_4.o
 .bss.xStart    0x0000000020001d10        0x8 Middlewares/Third_Party/FreeRTOS/Source/portable/MemMang/heap_4.o
 .bss.SmState_Bot1
                0x0000000020001d18        0x1 Src/Bot.o
                0x0000000020001d18                SmState_Bot1
 .bss.nivelDeColisao
                0x0000000020001d19        0x1 Src/Detector.o
                0x0000000020001d19                nivelDeColisao
 *fill*         0x0000000020001d1a        0x2 
 .bss.adc_value1
                0x0000000020001d1c        0x4 Src/Interpreter1FSM.o
                0x0000000020001d1c                adc_value1
 .bss.SmState_Menu
                0x0000000020001d20        0x1 Src/MenuFSM.o
                0x0000000020001d20                SmState_Menu
 .bss.round_count
                0x0000000020001d21        0x1 Src/MenuFSM.o
                0x0000000020001d21                round_count
 .bss.round_countP1
                0x0000000020001d22        0x1 Src/MenuFSM.o
                0x0000000020001d22                round_countP1
 .bss.round_countP2
                0x0000000020001d23        0x1 Src/MenuFSM.o
                0x0000000020001d23                round_countP2
 .bss.fb        0x0000000020001d24      0x1f8 Src/NOKIA5110_fb.o
 .bss.indice_fb
                0x0000000020001f1c        0x4 Src/NOKIA5110_fb.o
 .bss.SmState_P1
                0x0000000020001f20        0x1 Src/P1_FSM.o
                0x0000000020001f20                SmState_P1
 .bss.SmState_P2
                0x0000000020001f21        0x1 Src/P2_FSM.o
                0x0000000020001f21                SmState_P2
 *(COMMON)
 *fill*         0x0000000020001f22        0x2 
 COMMON         0x0000000020001f24        0x4 Drivers/STM32F1xx_HAL_Driver/Src/stm32f1xx_hal.o
                0x0000000020001f24                uwTick
 COMMON         0x0000000020001f28        0xc Middlewares/Third_Party/FreeRTOS/Source/CMSIS_RTOS/cmsis_os.o
                0x0000000020001f28                tela
                0x0000000020001f2c                input2
                0x0000000020001f30                input1
 COMMON         0x0000000020001f34       0x74 Src/ARM_inits.o
                0x0000000020001f34                hadc2
                0x0000000020001f64                hadc1
                0x0000000020001f94                hrtc
 COMMON         0x0000000020001fa8       0x24 Src/main.o
                0x0000000020001fa8                defaultTaskHandle
                0x0000000020001fac                InterpreterTaskHandle
                0x0000000020001fb0                P2ViewHandle
                0x0000000020001fb4                Bot1Handle
                0x0000000020001fb8                P1ViewHandle
                0x0000000020001fbc                botaoTaskHandle
                0x0000000020001fc0                P2TaskHandle
                0x0000000020001fc4                P1TaskHandle
                0x0000000020001fc8                MenuTaskHandle
 COMMON         0x0000000020001fcc       0x40 Src/stm32f1xx_hal_timebase_tim.o
                0x0000000020001fcc                htim4
                0x000000002000200c                . = ALIGN (0x4)
                0x000000002000200c                _ebss = .
                0x000000002000200c                __bss_end__ = _ebss

._user_heap_stack
                0x000000002000200c      0x604 load address 0x0000000008006790
                0x0000000020002010                . = ALIGN (0x8)
 *fill*         0x000000002000200c        0x4 
                0x0000000020002010                PROVIDE (end = .)
                [!provide]                        PROVIDE (_end = .)
                0x0000000020002210                . = (. + _Min_Heap_Size)
 *fill*         0x0000000020002010      0x200 
                0x0000000020002610                . = (. + _Min_Stack_Size)
 *fill*         0x0000000020002210      0x400 
                0x0000000020002610                . = ALIGN (0x8)

/DISCARD/
 libc.a(*)
 libm.a(*)
 libgcc.a(*)

.ARM.attributes
                0x0000000000000000       0x29
 *(.ARM.attributes)
 .ARM.attributes
                0x0000000000000000       0x1d c:/st/stm32cubeide_1.0.2/stm32cubeide/plugins/com.st.stm32cube.ide.mcu.externaltools.gnu-tools-for-stm32.7-2018-q2-update.win32_1.0.0.201904181610/tools/bin/../lib/gcc/arm-none-eabi/7.3.1/thumb/v7-m/crti.o
 .ARM.attributes
                0x000000000000001d       0x2d c:/st/stm32cubeide_1.0.2/stm32cubeide/plugins/com.st.stm32cube.ide.mcu.externaltools.gnu-tools-for-stm32.7-2018-q2-update.win32_1.0.0.201904181610/tools/bin/../lib/gcc/arm-none-eabi/7.3.1/thumb/v7-m/crtbegin.o
 .ARM.attributes
                0x000000000000004a       0x33 Drivers/STM32F1xx_HAL_Driver/Src/stm32f1xx_hal.o
 .ARM.attributes
                0x000000000000007d       0x33 Drivers/STM32F1xx_HAL_Driver/Src/stm32f1xx_hal_adc.o
 .ARM.attributes
                0x00000000000000b0       0x33 Drivers/STM32F1xx_HAL_Driver/Src/stm32f1xx_hal_cortex.o
 .ARM.attributes
                0x00000000000000e3       0x33 Drivers/STM32F1xx_HAL_Driver/Src/stm32f1xx_hal_gpio.o
 .ARM.attributes
                0x0000000000000116       0x33 Drivers/STM32F1xx_HAL_Driver/Src/stm32f1xx_hal_pwr.o
 .ARM.attributes
                0x0000000000000149       0x33 Drivers/STM32F1xx_HAL_Driver/Src/stm32f1xx_hal_rcc.o
 .ARM.attributes
                0x000000000000017c       0x33 Drivers/STM32F1xx_HAL_Driver/Src/stm32f1xx_hal_rcc_ex.o
 .ARM.attributes
                0x00000000000001af       0x33 Drivers/STM32F1xx_HAL_Driver/Src/stm32f1xx_hal_rtc.o
 .ARM.attributes
                0x00000000000001e2       0x33 Drivers/STM32F1xx_HAL_Driver/Src/stm32f1xx_hal_tim.o
 .ARM.attributes
                0x0000000000000215       0x33 Drivers/STM32F1xx_HAL_Driver/Src/stm32f1xx_hal_tim_ex.o
 .ARM.attributes
                0x0000000000000248       0x33 Middlewares/Third_Party/FreeRTOS/Source/CMSIS_RTOS/cmsis_os.o
 .ARM.attributes
                0x000000000000027b       0x33 Middlewares/Third_Party/FreeRTOS/Source/list.o
 .ARM.attributes
                0x00000000000002ae       0x33 Middlewares/Third_Party/FreeRTOS/Source/queue.o
 .ARM.attributes
                0x00000000000002e1       0x33 Middlewares/Third_Party/FreeRTOS/Source/tasks.o
 .ARM.attributes
                0x0000000000000314       0x33 Middlewares/Third_Party/FreeRTOS/Source/portable/GCC/ARM_CM3/port.o
 .ARM.attributes
                0x0000000000000347       0x33 Middlewares/Third_Party/FreeRTOS/Source/portable/MemMang/heap_4.o
 .ARM.attributes
                0x000000000000037a       0x33 Src/ARM_inits.o
 .ARM.attributes
                0x00000000000003ad       0x33 Src/Bot.o
 .ARM.attributes
                0x00000000000003e0       0x33 Src/Botao1FSM.o
 .ARM.attributes
                0x0000000000000413       0x33 Src/Detector.o
 .ARM.attributes
                0x0000000000000446       0x33 Src/Interpreter1FSM.o
 .ARM.attributes
                0x0000000000000479       0x33 Src/MenuFSM.o
 .ARM.attributes
                0x00000000000004ac       0x33 Src/NOKIA5110_fb.o
 .ARM.attributes
                0x00000000000004df       0x33 Src/P1_FSM.o
 .ARM.attributes
                0x0000000000000512       0x33 Src/P1_ViewFSM.o
 .ARM.attributes
                0x0000000000000545       0x33 Src/P2_FSM.o
 .ARM.attributes
                0x0000000000000578       0x33 Src/P2_ViewFSM.o
 .ARM.attributes
                0x00000000000005ab       0x33 Src/delay.o
 .ARM.attributes
                0x00000000000005de       0x33 Src/figuras.o
 .ARM.attributes
                0x0000000000000611       0x33 Src/main.o
 .ARM.attributes
                0x0000000000000644       0x33 Src/stm32f1xx_hal_msp.o
 .ARM.attributes
                0x0000000000000677       0x33 Src/stm32f1xx_hal_timebase_tim.o
 .ARM.attributes
                0x00000000000006aa       0x33 Src/stm32f1xx_it.o
 .ARM.attributes
                0x00000000000006dd       0x33 Src/system_stm32f1xx.o
 .ARM.attributes
                0x0000000000000710       0x21 Startup/startup_stm32f103c8tx.o
 .ARM.attributes
                0x0000000000000731       0x2d c:/st/stm32cubeide_1.0.2/stm32cubeide/plugins/com.st.stm32cube.ide.mcu.externaltools.gnu-tools-for-stm32.7-2018-q2-update.win32_1.0.0.201904181610/tools/bin/../lib/gcc/arm-none-eabi/7.3.1/../../../../arm-none-eabi/lib/thumb/v7-m\libc_nano.a(lib_a-init.o)
 .ARM.attributes
                0x000000000000075e       0x2d c:/st/stm32cubeide_1.0.2/stm32cubeide/plugins/com.st.stm32cube.ide.mcu.externaltools.gnu-tools-for-stm32.7-2018-q2-update.win32_1.0.0.201904181610/tools/bin/../lib/gcc/arm-none-eabi/7.3.1/../../../../arm-none-eabi/lib/thumb/v7-m\libc_nano.a(lib_a-memcpy-stub.o)
 .ARM.attributes
                0x000000000000078b       0x2d c:/st/stm32cubeide_1.0.2/stm32cubeide/plugins/com.st.stm32cube.ide.mcu.externaltools.gnu-tools-for-stm32.7-2018-q2-update.win32_1.0.0.201904181610/tools/bin/../lib/gcc/arm-none-eabi/7.3.1/../../../../arm-none-eabi/lib/thumb/v7-m\libc_nano.a(lib_a-memset.o)
 .ARM.attributes
                0x00000000000007b8       0x1d c:/st/stm32cubeide_1.0.2/stm32cubeide/plugins/com.st.stm32cube.ide.mcu.externaltools.gnu-tools-for-stm32.7-2018-q2-update.win32_1.0.0.201904181610/tools/bin/../lib/gcc/arm-none-eabi/7.3.1/thumb/v7-m/crtn.o
OUTPUT(footsies.elf elf32-littlearm)

.comment        0x0000000000000000       0x7b
 .comment       0x0000000000000000       0x7b Drivers/STM32F1xx_HAL_Driver/Src/stm32f1xx_hal.o
                                         0x7c (size before relaxing)
 .comment       0x000000000000007b       0x7c Drivers/STM32F1xx_HAL_Driver/Src/stm32f1xx_hal_adc.o
 .comment       0x000000000000007b       0x7c Drivers/STM32F1xx_HAL_Driver/Src/stm32f1xx_hal_cortex.o
 .comment       0x000000000000007b       0x7c Drivers/STM32F1xx_HAL_Driver/Src/stm32f1xx_hal_gpio.o
 .comment       0x000000000000007b       0x7c Drivers/STM32F1xx_HAL_Driver/Src/stm32f1xx_hal_pwr.o
 .comment       0x000000000000007b       0x7c Drivers/STM32F1xx_HAL_Driver/Src/stm32f1xx_hal_rcc.o
 .comment       0x000000000000007b       0x7c Drivers/STM32F1xx_HAL_Driver/Src/stm32f1xx_hal_rcc_ex.o
 .comment       0x000000000000007b       0x7c Drivers/STM32F1xx_HAL_Driver/Src/stm32f1xx_hal_rtc.o
 .comment       0x000000000000007b       0x7c Drivers/STM32F1xx_HAL_Driver/Src/stm32f1xx_hal_tim.o
 .comment       0x000000000000007b       0x7c Drivers/STM32F1xx_HAL_Driver/Src/stm32f1xx_hal_tim_ex.o
 .comment       0x000000000000007b       0x7c Middlewares/Third_Party/FreeRTOS/Source/CMSIS_RTOS/cmsis_os.o
 .comment       0x000000000000007b       0x7c Middlewares/Third_Party/FreeRTOS/Source/list.o
 .comment       0x000000000000007b       0x7c Middlewares/Third_Party/FreeRTOS/Source/queue.o
 .comment       0x000000000000007b       0x7c Middlewares/Third_Party/FreeRTOS/Source/tasks.o
 .comment       0x000000000000007b       0x7c Middlewares/Third_Party/FreeRTOS/Source/portable/GCC/ARM_CM3/port.o
 .comment       0x000000000000007b       0x7c Middlewares/Third_Party/FreeRTOS/Source/portable/MemMang/heap_4.o
 .comment       0x000000000000007b       0x7c Src/ARM_inits.o
 .comment       0x000000000000007b       0x7c Src/Bot.o
 .comment       0x000000000000007b       0x7c Src/Botao1FSM.o
 .comment       0x000000000000007b       0x7c Src/Detector.o
 .comment       0x000000000000007b       0x7c Src/Interpreter1FSM.o
 .comment       0x000000000000007b       0x7c Src/MenuFSM.o
 .comment       0x000000000000007b       0x7c Src/NOKIA5110_fb.o
 .comment       0x000000000000007b       0x7c Src/P1_FSM.o
 .comment       0x000000000000007b       0x7c Src/P1_ViewFSM.o
 .comment       0x000000000000007b       0x7c Src/P2_FSM.o
 .comment       0x000000000000007b       0x7c Src/P2_ViewFSM.o
 .comment       0x000000000000007b       0x7c Src/delay.o
 .comment       0x000000000000007b       0x7c Src/figuras.o
 .comment       0x000000000000007b       0x7c Src/main.o
 .comment       0x000000000000007b       0x7c Src/stm32f1xx_hal_msp.o
 .comment       0x000000000000007b       0x7c Src/stm32f1xx_hal_timebase_tim.o
 .comment       0x000000000000007b       0x7c Src/stm32f1xx_it.o
 .comment       0x000000000000007b       0x7c Src/system_stm32f1xx.o

.debug_frame    0x0000000000000000       0x74
 .debug_frame   0x0000000000000000       0x2c c:/st/stm32cubeide_1.0.2/stm32cubeide/plugins/com.st.stm32cube.ide.mcu.externaltools.gnu-tools-for-stm32.7-2018-q2-update.win32_1.0.0.201904181610/tools/bin/../lib/gcc/arm-none-eabi/7.3.1/../../../../arm-none-eabi/lib/thumb/v7-m\libc_nano.a(lib_a-init.o)
 .debug_frame   0x000000000000002c       0x28 c:/st/stm32cubeide_1.0.2/stm32cubeide/plugins/com.st.stm32cube.ide.mcu.externaltools.gnu-tools-for-stm32.7-2018-q2-update.win32_1.0.0.201904181610/tools/bin/../lib/gcc/arm-none-eabi/7.3.1/../../../../arm-none-eabi/lib/thumb/v7-m\libc_nano.a(lib_a-memcpy-stub.o)
 .debug_frame   0x0000000000000054       0x20 c:/st/stm32cubeide_1.0.2/stm32cubeide/plugins/com.st.stm32cube.ide.mcu.externaltools.gnu-tools-for-stm32.7-2018-q2-update.win32_1.0.0.201904181610/tools/bin/../lib/gcc/arm-none-eabi/7.3.1/../../../../arm-none-eabi/lib/thumb/v7-m\libc_nano.a(lib_a-memset.o)
