P1_ViewFSM.c:71:6:Sm_P1View_MENU	8	static
P1_ViewFSM.c:75:6:Sm_P1View_RoundStart	8	static
P1_ViewFSM.c:79:6:Sm_P1View_Idle	8	static
P1_ViewFSM.c:83:6:Sm_P1View_Idle_Recover	8	static
P1_ViewFSM.c:87:6:Sm_P1View_Forward	8	static
P1_ViewFSM.c:96:6:Sm_P1View_DashForward	8	static
P1_ViewFSM.c:111:6:Sm_P1View_DashBack	8	static
P1_ViewFSM.c:121:6:Sm_P1View_Back	8	static
P1_ViewFSM.c:129:6:Sm_P1View_ATK1	8	static
P1_ViewFSM.c:135:6:Sm_P1View_ATK2	8	static
P1_ViewFSM.c:142:6:Sm_P1View_ATK2_Recover	8	static
P1_ViewFSM.c:149:6:Sm_P1View_ATK1_Recover	8	static
P1_ViewFSM.c:156:6:Sm_P1View_Hit	8	static
P1_ViewFSM.c:161:6:Sm_P1View_Block	8	static
P1_ViewFSM.c:165:6:Sm_P1View_Dying	8	static
P1_ViewFSM.c:169:6:Sm_P1View_Dead	8	static
P1_ViewFSM.c:174:6:Rodar_Maquina_P1View	8	static
